Archive member included because of file (symbol)

c:/program files (x86)/atmel/studio/7.0/toolchain/arm/arm-gnu-toolchain/bin/../lib/gcc/arm-none-eabi/4.9.3/../../../../arm-none-eabi/lib/armv7e-m\libc.a(lib_a-exit.o)
                              c:/program files (x86)/atmel/studio/7.0/toolchain/arm/arm-gnu-toolchain/bin/../lib/gcc/arm-none-eabi/4.9.3/../../../../arm-none-eabi/lib/armv7e-m/crt0.o (exit)
c:/program files (x86)/atmel/studio/7.0/toolchain/arm/arm-gnu-toolchain/bin/../lib/gcc/arm-none-eabi/4.9.3/../../../../arm-none-eabi/lib/armv7e-m\libc.a(lib_a-impure.o)
                              c:/program files (x86)/atmel/studio/7.0/toolchain/arm/arm-gnu-toolchain/bin/../lib/gcc/arm-none-eabi/4.9.3/../../../../arm-none-eabi/lib/armv7e-m\libc.a(lib_a-exit.o) (_global_impure_ptr)
c:/program files (x86)/atmel/studio/7.0/toolchain/arm/arm-gnu-toolchain/bin/../lib/gcc/arm-none-eabi/4.9.3/../../../../arm-none-eabi/lib/armv7e-m\libc.a(lib_a-init.o)
                              c:/program files (x86)/atmel/studio/7.0/toolchain/arm/arm-gnu-toolchain/bin/../lib/gcc/arm-none-eabi/4.9.3/../../../../arm-none-eabi/lib/armv7e-m/crt0.o (__libc_init_array)
c:/program files (x86)/atmel/studio/7.0/toolchain/arm/arm-gnu-toolchain/bin/../lib/gcc/arm-none-eabi/4.9.3/../../../../arm-none-eabi/lib/armv7e-m\libc.a(lib_a-iprintf.o)
                              src/ASF/sam/utils/syscalls/gcc/syscalls.o (iprintf)
c:/program files (x86)/atmel/studio/7.0/toolchain/arm/arm-gnu-toolchain/bin/../lib/gcc/arm-none-eabi/4.9.3/../../../../arm-none-eabi/lib/armv7e-m\libc.a(lib_a-memcpy.o)
                              src/ASF/thirdparty/FreeRTOS/Source/queue.o (memcpy)
c:/program files (x86)/atmel/studio/7.0/toolchain/arm/arm-gnu-toolchain/bin/../lib/gcc/arm-none-eabi/4.9.3/../../../../arm-none-eabi/lib/armv7e-m\libc.a(lib_a-memset.o)
                              c:/program files (x86)/atmel/studio/7.0/toolchain/arm/arm-gnu-toolchain/bin/../lib/gcc/arm-none-eabi/4.9.3/../../../../arm-none-eabi/lib/armv7e-m/crt0.o (memset)
c:/program files (x86)/atmel/studio/7.0/toolchain/arm/arm-gnu-toolchain/bin/../lib/gcc/arm-none-eabi/4.9.3/../../../../arm-none-eabi/lib/armv7e-m\libc.a(lib_a-vfiprintf.o)
                              c:/program files (x86)/atmel/studio/7.0/toolchain/arm/arm-gnu-toolchain/bin/../lib/gcc/arm-none-eabi/4.9.3/../../../../arm-none-eabi/lib/armv7e-m\libc.a(lib_a-iprintf.o) (_vfiprintf_r)
c:/program files (x86)/atmel/studio/7.0/toolchain/arm/arm-gnu-toolchain/bin/../lib/gcc/arm-none-eabi/4.9.3/../../../../arm-none-eabi/lib/armv7e-m\libc.a(lib_a-wsetup.o)
                              c:/program files (x86)/atmel/studio/7.0/toolchain/arm/arm-gnu-toolchain/bin/../lib/gcc/arm-none-eabi/4.9.3/../../../../arm-none-eabi/lib/armv7e-m\libc.a(lib_a-vfiprintf.o) (__swsetup_r)
c:/program files (x86)/atmel/studio/7.0/toolchain/arm/arm-gnu-toolchain/bin/../lib/gcc/arm-none-eabi/4.9.3/../../../../arm-none-eabi/lib/armv7e-m\libc.a(lib_a-__call_atexit.o)
                              c:/program files (x86)/atmel/studio/7.0/toolchain/arm/arm-gnu-toolchain/bin/../lib/gcc/arm-none-eabi/4.9.3/../../../../arm-none-eabi/lib/armv7e-m\libc.a(lib_a-exit.o) (__call_exitprocs)
c:/program files (x86)/atmel/studio/7.0/toolchain/arm/arm-gnu-toolchain/bin/../lib/gcc/arm-none-eabi/4.9.3/../../../../arm-none-eabi/lib/armv7e-m\libc.a(lib_a-atexit.o)
                              c:/program files (x86)/atmel/studio/7.0/toolchain/arm/arm-gnu-toolchain/bin/../lib/gcc/arm-none-eabi/4.9.3/../../../../arm-none-eabi/lib/armv7e-m\libc.a(lib_a-__call_atexit.o) (atexit)
c:/program files (x86)/atmel/studio/7.0/toolchain/arm/arm-gnu-toolchain/bin/../lib/gcc/arm-none-eabi/4.9.3/../../../../arm-none-eabi/lib/armv7e-m\libc.a(lib_a-fflush.o)
                              c:/program files (x86)/atmel/studio/7.0/toolchain/arm/arm-gnu-toolchain/bin/../lib/gcc/arm-none-eabi/4.9.3/../../../../arm-none-eabi/lib/armv7e-m\libc.a(lib_a-vfiprintf.o) (_fflush_r)
c:/program files (x86)/atmel/studio/7.0/toolchain/arm/arm-gnu-toolchain/bin/../lib/gcc/arm-none-eabi/4.9.3/../../../../arm-none-eabi/lib/armv7e-m\libc.a(lib_a-findfp.o)
                              c:/program files (x86)/atmel/studio/7.0/toolchain/arm/arm-gnu-toolchain/bin/../lib/gcc/arm-none-eabi/4.9.3/../../../../arm-none-eabi/lib/armv7e-m\libc.a(lib_a-vfiprintf.o) (__sinit)
c:/program files (x86)/atmel/studio/7.0/toolchain/arm/arm-gnu-toolchain/bin/../lib/gcc/arm-none-eabi/4.9.3/../../../../arm-none-eabi/lib/armv7e-m\libc.a(lib_a-fini.o)
                              c:/program files (x86)/atmel/studio/7.0/toolchain/arm/arm-gnu-toolchain/bin/../lib/gcc/arm-none-eabi/4.9.3/../../../../arm-none-eabi/lib/armv7e-m\libc.a(lib_a-__call_atexit.o) (__libc_fini_array)
c:/program files (x86)/atmel/studio/7.0/toolchain/arm/arm-gnu-toolchain/bin/../lib/gcc/arm-none-eabi/4.9.3/../../../../arm-none-eabi/lib/armv7e-m\libc.a(lib_a-fputwc.o)
[...]
Memory Configuration

Name             Origin             Length             Attributes
rom              0x00400000         0x00100000         xr
ram              0x20000000         0x00020000         xrw
*default*        0x00000000         0xffffffff

Linker script and memory map

LOAD c:/program files (x86)/atmel/studio/7.0/toolchain/arm/arm-gnu-toolchain/bin/../lib/gcc/arm-none-eabi/4.9.3/armv7e-m/crti.o
LOAD c:/program files (x86)/atmel/studio/7.0/toolchain/arm/arm-gnu-toolchain/bin/../lib/gcc/arm-none-eabi/4.9.3/armv7e-m/crtbegin.o
LOAD c:/program files (x86)/atmel/studio/7.0/toolchain/arm/arm-gnu-toolchain/bin/../lib/gcc/arm-none-eabi/4.9.3/../../../../arm-none-eabi/lib/armv7e-m/crt0.o
LOAD src/ASF/common/services/clock/sam4s/sysclk.o
LOAD src/ASF/common/services/delay/sam/cycle_counter.o
LOAD src/ASF/common/services/serial/usart_serial.o
LOAD src/ASF/common/utils/interrupt/interrupt_sam_nvic.o
LOAD src/ASF/common/utils/stdio/read.o
LOAD src/ASF/common/utils/stdio/write.o
LOAD src/ASF/sam/boards/sam4s_wpir_rd/init.o
LOAD src/ASF/sam/components/cmos_image_sensor/ov7740/ov7740.o
LOAD src/ASF/sam/components/cmos_image_sensor/ov7740/ov7740_table_registers.o
LOAD src/ASF/sam/components/display/aat31xx/aat31xx.o
LOAD src/ASF/sam/components/display/ili9325/ili9325.o
LOAD src/ASF/sam/drivers/ebi/smc/smc.o
LOAD src/ASF/sam/drivers/pio/pio.o
LOAD src/ASF/sam/drivers/pio/pio_handler.o
LOAD src/ASF/sam/drivers/pmc/pmc.o
LOAD src/ASF/sam/drivers/pmc/sleep.o
LOAD src/ASF/sam/drivers/twi/twi.o
LOAD src/ASF/sam/drivers/uart/uart.o
LOAD src/ASF/sam/drivers/usart/usart.o
LOAD src/ASF/sam/utils/cmsis/sam4s/source/templates/gcc/startup_sam4s.o
LOAD src/ASF/sam/utils/cmsis/sam4s/source/templates/system_sam4s.o
LOAD src/ASF/sam/utils/syscalls/gcc/syscalls.o
LOAD src/ASF/thirdparty/FreeRTOS/Source/event_groups.o
LOAD src/ASF/thirdparty/FreeRTOS/Source/list.o
LOAD src/ASF/thirdparty/FreeRTOS/Source/portable/gcc/sam/port.o
LOAD src/ASF/thirdparty/FreeRTOS/Source/portable/memmang/heap_4.o
LOAD src/ASF/thirdparty/FreeRTOS/Source/queue.o
LOAD src/ASF/thirdparty/FreeRTOS/Source/tasks.o
LOAD src/ASF/thirdparty/FreeRTOS/Source/timers.o
LOAD src/imagesensor_capture_example.o
START GROUP
LOAD ../src/ASF/thirdparty/CMSIS/Lib/GCC\libarm_cortexM4l_math.a
LOAD c:/program files (x86)/atmel/studio/7.0/toolchain/arm/arm-gnu-toolchain/bin/../lib/gcc/arm-none-eabi/4.9.3/../../../../arm-none-eabi/lib/armv7e-m\libm.a
END GROUP
START GROUP
LOAD c:/program files (x86)/atmel/studio/7.0/toolchain/arm/arm-gnu-toolchain/bin/../lib/gcc/arm-none-eabi/4.9.3/armv7e-m\libgcc.a
LOAD c:/program files (x86)/atmel/studio/7.0/toolchain/arm/arm-gnu-toolchain/bin/../lib/gcc/arm-none-eabi/4.9.3/../../../../arm-none-eabi/lib/armv7e-m\libc.a
END GROUP
LOAD c:/program files (x86)/atmel/studio/7.0/toolchain/arm/arm-gnu-toolchain/bin/../lib/gcc/arm-none-eabi/4.9.3/armv7e-m/crtend.o
LOAD c:/program files (x86)/atmel/studio/7.0/toolchain/arm/arm-gnu-toolchain/bin/../lib/gcc/arm-none-eabi/4.9.3/armv7e-m/crtn.o
                0x00003000                __stack_size__ = DEFINED (__stack_size__)?__stack_size__:0x3000
                0x2001fffc                __ram_end__ = ((ORIGIN (ram) + 0x20000) - 0x4)

.text           0x00400000     0x4940
                0x00400000                . = ALIGN (0x4)
                0x00400000                _sfixed = .
 *(.vectors .vectors.*)
 .vectors       0x00400000       0xcc src/ASF/sam/utils/cmsis/sam4s/source/templates/gcc/startup_sam4s.o
                0x00400000                exception_table
 *(.text .text.* .gnu.linkonce.t.*)
 .text          0x004000cc       0x5c c:/program files (x86)/atmel/studio/7.0/toolchain/arm/arm-gnu-toolchain/bin/../lib/gcc/arm-none-eabi/4.9.3/armv7e-m/crtbegin.o
 .text.sysclk_init
                0x00400128       0x64 src/ASF/common/services/clock/sam4s/sysclk.o
                0x00400128                sysclk_init
 .text.board_init
                0x0040018c      0x1b8 src/ASF/sam/boards/sam4s_wpir_rd/init.o
                0x0040018c                board_init
 .text.ov_power
                0x00400344       0x20 src/ASF/sam/components/cmos_image_sensor/ov7740/ov7740.o
                0x00400344                ov_power
 .text.ov_read_reg
                0x00400364        0xc src/ASF/sam/components/cmos_image_sensor/ov7740/ov7740.o
                0x00400364                ov_read_reg
 .text.ov_write_reg
                0x00400370        0xc src/ASF/sam/components/cmos_image_sensor/ov7740/ov7740.o
                0x00400370                ov_write_reg
 .text.ov_write_regs
                0x0040037c       0x60 src/ASF/sam/components/cmos_image_sensor/ov7740/ov7740.o
                0x0040037c                ov_write_regs
 .text.ov_init  0x004003dc      0x118 src/ASF/sam/components/cmos_image_sensor/ov7740/ov7740.o
                0x004003dc                ov_init
 .text.ov_configure
                0x004004f4       0x6c src/ASF/sam/components/cmos_image_sensor/ov7740/ov7740.o
                0x004004f4                ov_configure
 .text.aat31xx_set_backlight
                0x00400560       0x5c src/ASF/sam/components/display/aat31xx/aat31xx.o
                0x00400560                aat31xx_set_backlight
 .text.aat31xx_disable_backlight
                0x004005bc       0x24 src/ASF/sam/components/display/aat31xx/aat31xx.o
                0x004005bc                aat31xx_disable_backlight
 .text.ili9325_write_ram
                0x004005e0       0x18 src/ASF/sam/components/display/ili9325/ili9325.o
 .text.ili9325_write_register
                0x004005f8       0x18 src/ASF/sam/components/display/ili9325/ili9325.o
 .text.ili9325_delay
                0x00400610       0x38 src/ASF/sam/components/display/ili9325/ili9325.o
 .text.ili9325_display_on
                0x00400648       0x14 src/ASF/sam/components/display/ili9325/ili9325.o
                0x00400648                ili9325_display_on
 .text.ili9325_set_foreground_color
                0x0040065c       0x18 src/ASF/sam/components/display/ili9325/ili9325.o
                0x0040065c                ili9325_set_foreground_color
 .text.ili9325_set_window
                0x00400674       0x3c src/ASF/sam/components/display/ili9325/ili9325.o
                0x00400674                ili9325_set_window
 .text.ili9325_set_cursor_position
                0x004006b0       0x1c src/ASF/sam/components/display/ili9325/ili9325.o
                0x004006b0                ili9325_set_cursor_position
 .text.ili9325_init
                0x004006cc      0x1a4 src/ASF/sam/components/display/ili9325/ili9325.o
                0x004006cc                ili9325_init
 .text.ili9325_fill
                0x00400870       0x30 src/ASF/sam/components/display/ili9325/ili9325.o
                0x00400870                ili9325_fill
 .text.ili9325_draw_pixel
                0x004008a0       0x40 src/ASF/sam/components/display/ili9325/ili9325.o
                0x004008a0                ili9325_draw_pixel
 .text.ili9325_draw_prepare
                0x004008e0       0x28 src/ASF/sam/components/display/ili9325/ili9325.o
                0x004008e0                ili9325_draw_prepare
 .text.ili9325_draw_string
                0x00400908       0xac src/ASF/sam/components/display/ili9325/ili9325.o
                0x00400908                ili9325_draw_string
 .text.smc_set_setup_timing
                0x004009b4        0x8 src/ASF/sam/drivers/ebi/smc/smc.o
                0x004009b4                smc_set_setup_timing
 .text.smc_set_pulse_timing
                0x004009bc        0x8 src/ASF/sam/drivers/ebi/smc/smc.o
                0x004009bc                smc_set_pulse_timing
 .text.smc_set_cycle_timing
                0x004009c4        0x8 src/ASF/sam/drivers/ebi/smc/smc.o
                0x004009c4                smc_set_cycle_timing
 .text.smc_set_mode
                0x004009cc        0x8 src/ASF/sam/drivers/ebi/smc/smc.o
                0x004009cc                smc_set_mode
 .text.pio_set_debounce_filter
                0x004009d4       0x1c src/ASF/sam/drivers/pio/pio.o
                0x004009d4                pio_set_debounce_filter
 .text.pio_set  0x004009f0        0x4 src/ASF/sam/drivers/pio/pio.o
                0x004009f0                pio_set
 .text.pio_clear
                0x004009f4        0x4 src/ASF/sam/drivers/pio/pio.o
                0x004009f4                pio_clear
 .text.pio_set_peripheral
                0x004009f8       0x94 src/ASF/sam/drivers/pio/pio.o
                0x004009f8                pio_set_peripheral
 .text.pio_set_input
                0x00400a8c       0x34 src/ASF/sam/drivers/pio/pio.o
                0x00400a8c                pio_set_input
 .text.pio_set_output
                0x00400ac0       0x28 src/ASF/sam/drivers/pio/pio.o
                0x00400ac0                pio_set_output
 .text.pio_configure_interrupt
                0x00400ae8       0x30 src/ASF/sam/drivers/pio/pio.o
                0x00400ae8                pio_configure_interrupt
 .text.pio_enable_interrupt
                0x00400b18        0x8 src/ASF/sam/drivers/pio/pio.o
                0x00400b18                pio_enable_interrupt
 .text.pio_disable_interrupt
                0x00400b20        0x4 src/ASF/sam/drivers/pio/pio.o
                0x00400b20                pio_disable_interrupt
 .text.pio_get_interrupt_status
                0x00400b24        0x4 src/ASF/sam/drivers/pio/pio.o
                0x00400b24                pio_get_interrupt_status
 .text.pio_get_interrupt_mask
                0x00400b28        0x4 src/ASF/sam/drivers/pio/pio.o
                0x00400b28                pio_get_interrupt_mask
 .text.pio_set_pin_high
                0x00400b2c       0x18 src/ASF/sam/drivers/pio/pio.o
                0x00400b2c                pio_set_pin_high
 .text.pio_set_pin_low
                0x00400b44       0x18 src/ASF/sam/drivers/pio/pio.o
                0x00400b44                pio_set_pin_low
 .text.pio_toggle_pin
                0x00400b5c       0x20 src/ASF/sam/drivers/pio/pio.o
                0x00400b5c                pio_toggle_pin
 .text.pio_configure_pin
                0x00400b7c      0x124 src/ASF/sam/drivers/pio/pio.o
                0x00400b7c                pio_configure_pin
 .text.pio_capture_enable
                0x00400ca0       0x18 src/ASF/sam/drivers/pio/pio.o
                0x00400ca0                pio_capture_enable
 .text.pio_capture_disable
                0x00400cb8       0x18 src/ASF/sam/drivers/pio/pio.o
                0x00400cb8                pio_capture_disable
 .text.pio_handler_process
                0x00400cd0       0x68 src/ASF/sam/drivers/pio/pio_handler.o
                0x00400cd0                pio_handler_process
 .text.pio_handler_set
                0x00400d38       0x40 src/ASF/sam/drivers/pio/pio_handler.o
                0x00400d38                pio_handler_set
 .text.PIOA_Handler
                0x00400d78       0x14 src/ASF/sam/drivers/pio/pio_handler.o
                0x00400d78                PIOA_Handler
 .text.PIOB_Handler
                0x00400d8c       0x14 src/ASF/sam/drivers/pio/pio_handler.o
                0x00400d8c                PIOB_Handler
 .text.PIOC_Handler
                0x00400da0       0x14 src/ASF/sam/drivers/pio/pio_handler.o
                0x00400da0                PIOC_Handler
 .text.pmc_switch_mck_to_pllbck
                0x00400db4       0x64 src/ASF/sam/drivers/pmc/pmc.o
                0x00400db4                pmc_switch_mck_to_pllbck
 .text.pmc_switch_mainck_to_xtal
                0x00400e18       0x54 src/ASF/sam/drivers/pmc/pmc.o
                0x00400e18                pmc_switch_mainck_to_xtal
 .text.pmc_osc_is_ready_mainck
                0x00400e6c       0x10 src/ASF/sam/drivers/pmc/pmc.o
                0x00400e6c                pmc_osc_is_ready_mainck
 .text.pmc_enable_pllack
                0x00400e7c       0x3c src/ASF/sam/drivers/pmc/pmc.o
                0x00400e7c                pmc_enable_pllack
 .text.pmc_disable_pllbck
                0x00400eb8        0xc src/ASF/sam/drivers/pmc/pmc.o
                0x00400eb8                pmc_disable_pllbck
 .text.pmc_is_locked_pllbck
                0x00400ec4       0x10 src/ASF/sam/drivers/pmc/pmc.o
                0x00400ec4                pmc_is_locked_pllbck
 .text.pmc_enable_periph_clk
                0x00400ed4       0x54 src/ASF/sam/drivers/pmc/pmc.o
                0x00400ed4                pmc_enable_periph_clk
 .text.twi_set_speed
                0x00400f28       0x44 src/ASF/sam/drivers/twi/twi.o
                0x00400f28                twi_set_speed
 .text.twi_master_init
                0x00400f6c       0x40 src/ASF/sam/drivers/twi/twi.o
                0x00400f6c                twi_master_init
 .text.twi_master_read
                0x00400fac       0xe0 src/ASF/sam/drivers/twi/twi.o
                0x00400fac                twi_master_read
 .text.twi_master_write
                0x0040108c       0xa0 src/ASF/sam/drivers/twi/twi.o
                0x0040108c                twi_master_write
 .text.Dummy_Handler
                0x0040112c        0x4 src/ASF/sam/utils/cmsis/sam4s/source/templates/gcc/startup_sam4s.o
                0x0040112c                DACC_Handler
                0x0040112c                DebugMon_Handler
                0x0040112c                HardFault_Handler
                0x0040112c                TC2_Handler
                0x0040112c                SPI_Handler
                0x0040112c                TWI1_Handler
                0x0040112c                NMI_Handler
                0x0040112c                ADC_Handler
                0x0040112c                CRCCU_Handler
                0x0040112c                USART0_Handler
                0x0040112c                RTT_Handler
                0x0040112c                RTC_Handler
                0x0040112c                UsageFault_Handler
                0x0040112c                WDT_Handler
                0x0040112c                TC4_Handler
                0x0040112c                TC1_Handler
                0x0040112c                HSMCI_Handler
                0x0040112c                UART1_Handler
                0x0040112c                TC3_Handler
                0x0040112c                Dummy_Handler
                0x0040112c                TWI0_Handler
                0x0040112c                USART1_Handler
                0x0040112c                SSC_Handler
                0x0040112c                EFC0_Handler
                0x0040112c                ACC_Handler
                0x0040112c                PMC_Handler
                0x0040112c                PWM_Handler
                0x0040112c                MemManage_Handler
                0x0040112c                SUPC_Handler
                0x0040112c                UART0_Handler
                0x0040112c                UDP_Handler
                0x0040112c                BusFault_Handler
                0x0040112c                RSTC_Handler
                0x0040112c                TC0_Handler
                0x0040112c                TC5_Handler
 .text.Reset_Handler
                0x00401130       0xb0 src/ASF/sam/utils/cmsis/sam4s/source/templates/gcc/startup_sam4s.o
                0x00401130                Reset_Handler
 .text.SystemCoreClockUpdate
                0x004011e0      0x114 src/ASF/sam/utils/cmsis/sam4s/source/templates/system_sam4s.o
                0x004011e0                SystemCoreClockUpdate
 .text.system_init_flash
                0x004012f4       0x74 src/ASF/sam/utils/cmsis/sam4s/source/templates/system_sam4s.o
                0x004012f4                system_init_flash
 .text.vListInitialise
                0x00401368       0x18 src/ASF/thirdparty/FreeRTOS/Source/list.o
                0x00401368                vListInitialise
 .text.vListInitialiseItem
                0x00401380        0x8 src/ASF/thirdparty/FreeRTOS/Source/list.o
                0x00401380                vListInitialiseItem
 .text.vListInsertEnd
                0x00401388       0x18 src/ASF/thirdparty/FreeRTOS/Source/list.o
                0x00401388                vListInsertEnd
 .text.vListInsert
                0x004013a0       0x34 src/ASF/thirdparty/FreeRTOS/Source/list.o
                0x004013a0                vListInsert
 .text.uxListRemove
                0x004013d4       0x24 src/ASF/thirdparty/FreeRTOS/Source/list.o
                0x004013d4                uxListRemove
 .text.prvPortStartFirstTask
                0x004013f8       0x20 src/ASF/thirdparty/FreeRTOS/Source/portable/gcc/sam/port.o
 .text.pxPortInitialiseStack
                0x00401418       0x20 src/ASF/thirdparty/FreeRTOS/Source/portable/gcc/sam/port.o
                0x00401418                pxPortInitialiseStack
 .text.SVC_Handler
                0x00401438       0x24 src/ASF/thirdparty/FreeRTOS/Source/portable/gcc/sam/port.o
                0x00401438                SVC_Handler
 .text.vPortYield
                0x0040145c       0x18 src/ASF/thirdparty/FreeRTOS/Source/portable/gcc/sam/port.o
                0x0040145c                vPortYield
 .text.ulPortSetInterruptMask
                0x00401474       0x10 src/ASF/thirdparty/FreeRTOS/Source/portable/gcc/sam/port.o
                0x00401474                ulPortSetInterruptMask
 .text.prvTaskExitError
                0x00401484       0x20 src/ASF/thirdparty/FreeRTOS/Source/portable/gcc/sam/port.o
 .text.vPortEnterCritical
                0x004014a4       0x38 src/ASF/thirdparty/FreeRTOS/Source/portable/gcc/sam/port.o
                0x004014a4                vPortEnterCritical
 .text.vPortClearInterruptMask
                0x004014dc        0x8 src/ASF/thirdparty/FreeRTOS/Source/portable/gcc/sam/port.o
                0x004014dc                vPortClearInterruptMask
 .text.vPortExitCritical
                0x004014e4       0x2c src/ASF/thirdparty/FreeRTOS/Source/portable/gcc/sam/port.o
                0x004014e4                vPortExitCritical
 .text.PendSV_Handler
                0x00401510       0x44 src/ASF/thirdparty/FreeRTOS/Source/portable/gcc/sam/port.o
                0x00401510                PendSV_Handler
 .text.SysTick_Handler
                0x00401554       0x2c src/ASF/thirdparty/FreeRTOS/Source/portable/gcc/sam/port.o
                0x00401554                SysTick_Handler
 .text.vPortSetupTimerInterrupt
                0x00401580       0x2c src/ASF/thirdparty/FreeRTOS/Source/portable/gcc/sam/port.o
                0x00401580                vPortSetupTimerInterrupt
 .text.xPortStartScheduler
                0x004015ac       0xb0 src/ASF/thirdparty/FreeRTOS/Source/portable/gcc/sam/port.o
                0x004015ac                xPortStartScheduler
 .text.vPortValidateInterruptPriority
                0x0040165c       0x4c src/ASF/thirdparty/FreeRTOS/Source/portable/gcc/sam/port.o
                0x0040165c                vPortValidateInterruptPriority
 .text.prvInsertBlockIntoFreeList
                0x004016a8       0x58 src/ASF/thirdparty/FreeRTOS/Source/portable/memmang/heap_4.o
 .text.pvPortMalloc
                0x00401700      0x138 src/ASF/thirdparty/FreeRTOS/Source/portable/memmang/heap_4.o
                0x00401700                pvPortMalloc
 .text.vPortFree
                0x00401838       0x64 src/ASF/thirdparty/FreeRTOS/Source/portable/memmang/heap_4.o
                0x00401838                vPortFree
 .text.prvCopyDataToQueue
                0x0040189c       0x84 src/ASF/thirdparty/FreeRTOS/Source/queue.o
 .text.prvNotifyQueueSetContainer
                0x00401920       0x68 src/ASF/thirdparty/FreeRTOS/Source/queue.o
 .text.prvCopyDataFromQueue
                0x00401988       0x28 src/ASF/thirdparty/FreeRTOS/Source/queue.o
 .text.prvUnlockQueue
                0x004019b0       0x9c src/ASF/thirdparty/FreeRTOS/Source/queue.o
 .text.xQueueGenericReset
                0x00401a4c       0x7c src/ASF/thirdparty/FreeRTOS/Source/queue.o
                0x00401a4c                xQueueGenericReset
 .text.xQueueGenericCreate
                0x00401ac8       0x60 src/ASF/thirdparty/FreeRTOS/Source/queue.o
                0x00401ac8                xQueueGenericCreate
 .text.xQueueGenericSend
                0x00401b28      0x174 src/ASF/thirdparty/FreeRTOS/Source/queue.o
                0x00401b28                xQueueGenericSend
 .text.xQueueGenericSendFromISR
                0x00401c9c       0xd4 src/ASF/thirdparty/FreeRTOS/Source/queue.o
                0x00401c9c                xQueueGenericSendFromISR
 .text.xQueueGiveFromISR
                0x00401d70       0xb4 src/ASF/thirdparty/FreeRTOS/Source/queue.o
                0x00401d70                xQueueGiveFromISR
 .text.xQueueGenericReceive
                0x00401e24      0x16c src/ASF/thirdparty/FreeRTOS/Source/queue.o
                0x00401e24                xQueueGenericReceive
 .text.vQueueWaitForMessageRestricted
                0x00401f90       0x50 src/ASF/thirdparty/FreeRTOS/Source/queue.o
                0x00401f90                vQueueWaitForMessageRestricted
 .text.prvResetNextTaskUnblockTime
                0x00401fe0       0x2c src/ASF/thirdparty/FreeRTOS/Source/tasks.o
 .text.prvAddCurrentTaskToDelayedList
                0x0040200c       0x58 src/ASF/thirdparty/FreeRTOS/Source/tasks.o
 .text.xTaskGenericCreate
                0x00402064      0x200 src/ASF/thirdparty/FreeRTOS/Source/tasks.o
                0x00402064                xTaskGenericCreate
 .text.vTaskStartScheduler
                0x00402264       0x74 src/ASF/thirdparty/FreeRTOS/Source/tasks.o
                0x00402264                vTaskStartScheduler
 .text.vTaskSuspendAll
                0x004022d8       0x10 src/ASF/thirdparty/FreeRTOS/Source/tasks.o
                0x004022d8                vTaskSuspendAll
 .text.xTaskGetTickCount
                0x004022e8        0xc src/ASF/thirdparty/FreeRTOS/Source/tasks.o
                0x004022e8                xTaskGetTickCount
 .text.xTaskIncrementTick
                0x004022f4      0x13c src/ASF/thirdparty/FreeRTOS/Source/tasks.o
                0x004022f4                xTaskIncrementTick
 .text.xTaskResumeAll
                0x00402430      0x100 src/ASF/thirdparty/FreeRTOS/Source/tasks.o
                0x00402430                xTaskResumeAll
 .text.vTaskDelay
                0x00402530       0x78 src/ASF/thirdparty/FreeRTOS/Source/tasks.o
                0x00402530                vTaskDelay
 .text.prvIdleTask
                0x004025a8       0x8c src/ASF/thirdparty/FreeRTOS/Source/tasks.o
 .text.vTaskSwitchContext
                0x00402634       0xc0 src/ASF/thirdparty/FreeRTOS/Source/tasks.o
                0x00402634                vTaskSwitchContext
 .text.vTaskPlaceOnEventList
                0x004026f4       0x78 src/ASF/thirdparty/FreeRTOS/Source/tasks.o
                0x004026f4                vTaskPlaceOnEventList
 .text.vTaskPlaceOnEventListRestricted
                0x0040276c       0x74 src/ASF/thirdparty/FreeRTOS/Source/tasks.o
                0x0040276c                vTaskPlaceOnEventListRestricted
 .text.xTaskRemoveFromEventList
                0x004027e0       0x88 src/ASF/thirdparty/FreeRTOS/Source/tasks.o
                0x004027e0                xTaskRemoveFromEventList
 .text.vTaskSetTimeOutState
                0x00402868       0x24 src/ASF/thirdparty/FreeRTOS/Source/tasks.o
                0x00402868                vTaskSetTimeOutState
 .text.xTaskCheckForTimeOut
                0x0040288c       0x78 src/ASF/thirdparty/FreeRTOS/Source/tasks.o
                0x0040288c                xTaskCheckForTimeOut
 .text.vTaskMissedYield
                0x00402904        0xc src/ASF/thirdparty/FreeRTOS/Source/tasks.o
                0x00402904                vTaskMissedYield
 .text.xTaskGetSchedulerState
                0x00402910       0x20 src/ASF/thirdparty/FreeRTOS/Source/tasks.o
                0x00402910                xTaskGetSchedulerState
 .text.vTaskPriorityInherit
                0x00402930       0xa8 src/ASF/thirdparty/FreeRTOS/Source/tasks.o
                0x00402930                vTaskPriorityInherit
 .text.xTaskPriorityDisinherit
                0x004029d8       0xa4 src/ASF/thirdparty/FreeRTOS/Source/tasks.o
                0x004029d8                xTaskPriorityDisinherit
 .text.pvTaskIncrementMutexHeldCount
                0x00402a7c       0x1c src/ASF/thirdparty/FreeRTOS/Source/tasks.o
                0x00402a7c                pvTaskIncrementMutexHeldCount
 .text.prvInsertTimerInActiveList
                0x00402a98       0x4c src/ASF/thirdparty/FreeRTOS/Source/timers.o
 .text.prvCheckForValidListAndQueue
                0x00402ae4       0x68 src/ASF/thirdparty/FreeRTOS/Source/timers.o
 .text.xTimerCreateTimerTask
                0x00402b4c       0x4c src/ASF/thirdparty/FreeRTOS/Source/timers.o
                0x00402b4c                xTimerCreateTimerTask
 .text.xTimerGenericCommand
                0x00402b98       0x60 src/ASF/thirdparty/FreeRTOS/Source/timers.o
                0x00402b98                xTimerGenericCommand
 .text.prvSampleTimeNow
                0x00402bf8       0xb0 src/ASF/thirdparty/FreeRTOS/Source/timers.o
 .text.prvTimerTask
                0x00402ca8      0x1a4 src/ASF/thirdparty/FreeRTOS/Source/timers.o
 .text.task_lcdscreen
                0x00402e4c       0x40 src/imagesensor_capture_example.o
 .text.task_camera
                0x00402e8c      0x224 src/imagesensor_capture_example.o
 .text.task_display
                0x004030b0       0x7c src/imagesensor_capture_example.o
 .text.task_led
                0x0040312c       0x1c src/imagesensor_capture_example.o
 .text.button_handler
                0x00403148       0x38 src/imagesensor_capture_example.o
 .text.vsync_handler
                0x00403180       0x38 src/imagesensor_capture_example.o
 .text.vApplicationMallocFailedHook
                0x004031b8        0x4 src/imagesensor_capture_example.o
                0x004031b8                vApplicationMallocFailedHook
 .text.vApplicationStackOverflowHook
                0x004031bc       0x10 src/imagesensor_capture_example.o
                0x004031bc                vApplicationStackOverflowHook
 .text.vApplicationIdleHook
                0x004031cc        0x4 src/imagesensor_capture_example.o
                0x004031cc                vApplicationIdleHook
 .text.vApplicationTickHook
                0x004031d0        0x4 src/imagesensor_capture_example.o
                0x004031d0                vApplicationTickHook
 .text.main     0x004031d4      0x344 src/imagesensor_capture_example.o
                0x004031d4                main
 .text.__libc_init_array
                0x00403518       0x50 c:/program files (x86)/atmel/studio/7.0/toolchain/arm/arm-gnu-toolchain/bin/../lib/gcc/arm-none-eabi/4.9.3/../../../../arm-none-eabi/lib/armv7e-m\libc.a(lib_a-init.o)
                0x00403518                __libc_init_array
 .text          0x00403568      0x134 c:/program files (x86)/atmel/studio/7.0/toolchain/arm/arm-gnu-toolchain/bin/../lib/gcc/arm-none-eabi/4.9.3/../../../../arm-none-eabi/lib/armv7e-m\libc.a(lib_a-memcpy.o)
                0x00403568                memcpy
 .text.memset   0x0040369c       0x9c c:/program files (x86)/atmel/studio/7.0/toolchain/arm/arm-gnu-toolchain/bin/../lib/gcc/arm-none-eabi/4.9.3/../../../../arm-none-eabi/lib/armv7e-m\libc.a(lib_a-memset.o)
                0x0040369c                memset
 .text.startup.register_fini
                0x00403738       0x14 c:/program files (x86)/atmel/studio/7.0/toolchain/arm/arm-gnu-toolchain/bin/../lib/gcc/arm-none-eabi/4.9.3/../../../../arm-none-eabi/lib/armv7e-m\libc.a(lib_a-__call_atexit.o)
 .text.atexit   0x0040374c        0xc c:/program files (x86)/atmel/studio/7.0/toolchain/arm/arm-gnu-toolchain/bin/../lib/gcc/arm-none-eabi/4.9.3/../../../../arm-none-eabi/lib/armv7e-m\libc.a(lib_a-atexit.o)
                0x0040374c                atexit
 .text.__libc_fini_array
                0x00403758       0x2c c:/program files (x86)/atmel/studio/7.0/toolchain/arm/arm-gnu-toolchain/bin/../lib/gcc/arm-none-eabi/4.9.3/../../../../arm-none-eabi/lib/armv7e-m\libc.a(lib_a-fini.o)
                0x00403758                __libc_fini_array
 .text.__register_exitproc
                0x00403784       0xa4 c:/program files (x86)/atmel/studio/7.0/toolchain/arm/arm-gnu-toolchain/bin/../lib/gcc/arm-none-eabi/4.9.3/../../../../arm-none-eabi/lib/armv7e-m\libc.a(lib_a-__atexit.o)
                0x00403784                __register_exitproc
 *(.glue_7t)
 .glue_7t       0x00000000        0x0 linker stubs
 *(.glue_7)
 .glue_7        0x00000000        0x0 linker stubs
 *(.rodata .rodata* .gnu.linkonce.r.*)
 .rodata.OV7740_VGA_YUV422_20FPS
                0x00403828       0xf0 src/ASF/sam/components/cmos_image_sensor/ov7740/ov7740_table_registers.o
                0x00403828                OV7740_VGA_YUV422_20FPS
 .rodata.OV7740_QQVGA_RGB888
                0x00403918       0xf4 src/ASF/sam/components/cmos_image_sensor/ov7740/ov7740_table_registers.o
                0x00403918                OV7740_QQVGA_RGB888
 .rodata.OV7740_QVGA_YUV422_15FPS
                0x00403a0c       0xf0 src/ASF/sam/components/cmos_image_sensor/ov7740/ov7740_table_registers.o
                0x00403a0c                OV7740_QVGA_YUV422_15FPS
 .rodata.OV7740_QVGA_RGB888
                0x00403afc       0xf4 src/ASF/sam/components/cmos_image_sensor/ov7740/ov7740_table_registers.o
                0x00403afc                OV7740_QVGA_RGB888
 .rodata.OV7740_TEST_PATTERN
                0x00403bf0       0xf4 src/ASF/sam/components/cmos_image_sensor/ov7740/ov7740_table_registers.o
                0x00403bf0                OV7740_TEST_PATTERN
 .rodata.OV7740_QVGA_YUV422_20FPS
                0x00403ce4       0xf0 src/ASF/sam/components/cmos_image_sensor/ov7740/ov7740_table_registers.o
                0x00403ce4                OV7740_QVGA_YUV422_20FPS
 .rodata.OV7740_QVGA_YUV422_10FPS
                0x00403dd4       0xf0 src/ASF/sam/components/cmos_image_sensor/ov7740/ov7740_table_registers.o
                0x00403dd4                OV7740_QVGA_YUV422_10FPS
 .rodata.OV7740_QQVGA_YUV422
                0x00403ec4       0xf4 src/ASF/sam/components/cmos_image_sensor/ov7740/ov7740_table_registers.o
                0x00403ec4                OV7740_QQVGA_YUV422
 .rodata.OV7740_QVGA_YUV422_30FPS
                0x00403fb8       0xf0 src/ASF/sam/components/cmos_image_sensor/ov7740/ov7740_table_registers.o
                0x00403fb8                OV7740_QVGA_YUV422_30FPS
 .rodata.p_uc_charset10x14
                0x004040a8      0x780 src/ASF/sam/components/display/ili9325/ili9325.o
                0x004040a8                p_uc_charset10x14
 .rodata.str1.4
                0x00404828        0x5 src/ASF/thirdparty/FreeRTOS/Source/tasks.o
 *fill*         0x0040482d        0x3 
 .rodata.str1.4
                0x00404830        0x8 src/ASF/thirdparty/FreeRTOS/Source/timers.o
 .rodata.str1.4
                0x00404838       0xdb src/imagesensor_capture_example.o
 *fill*         0x00404913        0x1 
 .rodata.str1.4
                0x00404914        0x4 c:/program files (x86)/atmel/studio/7.0/toolchain/arm/arm-gnu-toolchain/bin/../lib/gcc/arm-none-eabi/4.9.3/../../../../arm-none-eabi/lib/armv7e-m\libc.a(lib_a-impure.o)
                                  0x2 (size before relaxing)
 .rodata._global_impure_ptr
                0x00404918        0x4 c:/program files (x86)/atmel/studio/7.0/toolchain/arm/arm-gnu-toolchain/bin/../lib/gcc/arm-none-eabi/4.9.3/../../../../arm-none-eabi/lib/armv7e-m\libc.a(lib_a-impure.o)
                0x00404918                _global_impure_ptr
 *(.ARM.extab* .gnu.linkonce.armextab.*)
                0x0040491c                . = ALIGN (0x4)
 *(.init)
 .init          0x0040491c        0x4 c:/program files (x86)/atmel/studio/7.0/toolchain/arm/arm-gnu-toolchain/bin/../lib/gcc/arm-none-eabi/4.9.3/armv7e-m/crti.o
                0x0040491c                _init
 .init          0x00404920        0x8 c:/program files (x86)/atmel/studio/7.0/toolchain/arm/arm-gnu-toolchain/bin/../lib/gcc/arm-none-eabi/4.9.3/armv7e-m/crtn.o
                0x00404928                . = ALIGN (0x4)
                0x00404928                __preinit_array_start = .
 *(.preinit_array)
                0x00404928                __preinit_array_end = .
                0x00404928                . = ALIGN (0x4)
                0x00404928                __init_array_start = .
 *(SORT(.init_array.*))
 .init_array.00000
                0x00404928        0x4 c:/program files (x86)/atmel/studio/7.0/toolchain/arm/arm-gnu-toolchain/bin/../lib/gcc/arm-none-eabi/4.9.3/../../../../arm-none-eabi/lib/armv7e-m\libc.a(lib_a-__call_atexit.o)
 *(.init_array)
 .init_array    0x0040492c        0x4 c:/program files (x86)/atmel/studio/7.0/toolchain/arm/arm-gnu-toolchain/bin/../lib/gcc/arm-none-eabi/4.9.3/armv7e-m/crtbegin.o
                0x00404930                __init_array_end = .
                0x00404930                . = ALIGN (0x4)
 *crtbegin.o(.ctors)
 *(EXCLUDE_FILE(*crtend.o) .ctors)
 *(SORT(.ctors.*))
 *crtend.o(.ctors)
                0x00404930                . = ALIGN (0x4)
 *(.fini)
 .fini          0x00404930        0x4 c:/program files (x86)/atmel/studio/7.0/toolchain/arm/arm-gnu-toolchain/bin/../lib/gcc/arm-none-eabi/4.9.3/armv7e-m/crti.o
                0x00404930                _fini
 .fini          0x00404934        0x8 c:/program files (x86)/atmel/studio/7.0/toolchain/arm/arm-gnu-toolchain/bin/../lib/gcc/arm-none-eabi/4.9.3/armv7e-m/crtn.o
                0x0040493c                . = ALIGN (0x4)
                0x0040493c                __fini_array_start = .
 *(.fini_array)
 .fini_array    0x0040493c        0x4 c:/program files (x86)/atmel/studio/7.0/toolchain/arm/arm-gnu-toolchain/bin/../lib/gcc/arm-none-eabi/4.9.3/armv7e-m/crtbegin.o
 *(SORT(.fini_array.*))
                0x00404940                __fini_array_end = .
 *crtbegin.o(.dtors)
 *(EXCLUDE_FILE(*crtend.o) .dtors)
 *(SORT(.dtors.*))
 *crtend.o(.dtors)
                0x00404940                . = ALIGN (0x4)
                0x00404940                _efixed = .
                0x00404940                PROVIDE (__exidx_start, .)

.vfp11_veneer   0x00404940        0x0
 .vfp11_veneer  0x00000000        0x0 linker stubs

.v4_bx          0x00404940        0x0
 .v4_bx         0x00000000        0x0 linker stubs

.iplt           0x00404940        0x0
 .iplt          0x00000000        0x0 c:/program files (x86)/atmel/studio/7.0/toolchain/arm/arm-gnu-toolchain/bin/../lib/gcc/arm-none-eabi/4.9.3/armv7e-m/crtbegin.o

.eh_frame       0x00404940        0x0
 .eh_frame      0x00404940        0x0 c:/program files (x86)/atmel/studio/7.0/toolchain/arm/arm-gnu-toolchain/bin/../lib/gcc/arm-none-eabi/4.9.3/armv7e-m/crtbegin.o

.rel.dyn        0x00404940        0x0
 .rel.iplt      0x00000000        0x0 c:/program files (x86)/atmel/studio/7.0/toolchain/arm/arm-gnu-toolchain/bin/../lib/gcc/arm-none-eabi/4.9.3/armv7e-m/crtbegin.o

.jcr            0x00404940        0x0
 .jcr           0x00404940        0x0 c:/program files (x86)/atmel/studio/7.0/toolchain/arm/arm-gnu-toolchain/bin/../lib/gcc/arm-none-eabi/4.9.3/armv7e-m/crtbegin.o

.igot.plt       0x00404940        0x0
 .igot.plt      0x00000000        0x0 c:/program files (x86)/atmel/studio/7.0/toolchain/arm/arm-gnu-toolchain/bin/../lib/gcc/arm-none-eabi/4.9.3/armv7e-m/crtbegin.o

.ARM.exidx
 *(.ARM.exidx* .gnu.linkonce.armexidx.*)
                0x00404940                PROVIDE (__exidx_end, .)
                0x00404940                . = ALIGN (0x4)
                0x00404940                _etext = .

.relocate       0x20000000      0x440 load address 0x00404940
                0x20000000                . = ALIGN (0x4)
                0x20000000                _srelocate = .
 *(.ramfunc .ramfunc.*)
 .ramfunc       0x20000000        0xc src/ASF/common/services/delay/sam/cycle_counter.o
                0x20000000                portable_delay_cycles
 *(.data .data.*)
 .data.SystemCoreClock
                0x2000000c        0x4 src/ASF/sam/utils/cmsis/sam4s/source/templates/system_sam4s.o
                0x2000000c                SystemCoreClock
 .data.uxCriticalNesting
                0x20000010        0x4 src/ASF/thirdparty/FreeRTOS/Source/portable/gcc/sam/port.o
 .data.g_us_cap_rows
                0x20000014        0x2 src/imagesensor_capture_example.o
                0x20000014                g_us_cap_rows
 .data.g_us_cap_line
                0x20000016        0x2 src/imagesensor_capture_example.o
                0x20000016                g_us_cap_line
 .data.impure_data
                0x20000018      0x428 c:/program files (x86)/atmel/studio/7.0/toolchain/arm/arm-gnu-toolchain/bin/../lib/gcc/arm-none-eabi/4.9.3/../../../../arm-none-eabi/lib/armv7e-m\libc.a(lib_a-impure.o)
                0x20000440                . = ALIGN (0x4)
                0x20000440                _erelocate = .

.bss            0x20000440     0xa5cc load address 0x00404d80
                0x20000440                . = ALIGN (0x4)
                0x20000440                _sbss = .
                0x20000440                _szero = .
 *(.bss .bss.*)
 .bss           0x20000440       0x1c c:/program files (x86)/atmel/studio/7.0/toolchain/arm/arm-gnu-toolchain/bin/../lib/gcc/arm-none-eabi/4.9.3/armv7e-m/crtbegin.o
 .bss.g_ul_pixel_cache
                0x2000045c      0x3c0 src/ASF/sam/components/display/ili9325/ili9325.o
 .bss.gs_ul_nb_sources
                0x2000081c        0x4 src/ASF/sam/drivers/pio/pio_handler.o
 .bss.pio_capture_handler
                0x20000820        0x4 src/ASF/sam/drivers/pio/pio_handler.o
 .bss.gs_interrupt_sources
                0x20000824       0x70 src/ASF/sam/drivers/pio/pio_handler.o
 .bss.ucMaxSysCallPriority
                0x20000894        0x1 src/ASF/thirdparty/FreeRTOS/Source/portable/gcc/sam/port.o
 *fill*         0x20000895        0x3 
 .bss.ulMaxPRIGROUPValue
                0x20000898        0x4 src/ASF/thirdparty/FreeRTOS/Source/portable/gcc/sam/port.o
 .bss.xFreeBytesRemaining
                0x2000089c        0x4 src/ASF/thirdparty/FreeRTOS/Source/portable/memmang/heap_4.o
 .bss.pxEnd     0x200008a0        0x4 src/ASF/thirdparty/FreeRTOS/Source/portable/memmang/heap_4.o
 .bss.xStart    0x200008a4        0x8 src/ASF/thirdparty/FreeRTOS/Source/portable/memmang/heap_4.o
 .bss.ucHeap    0x200008ac     0xa000 src/ASF/thirdparty/FreeRTOS/Source/portable/memmang/heap_4.o
 .bss.xBlockAllocatedBit
                0x2000a8ac        0x4 src/ASF/thirdparty/FreeRTOS/Source/portable/memmang/heap_4.o
 .bss.xMinimumEverFreeBytesRemaining
                0x2000a8b0        0x4 src/ASF/thirdparty/FreeRTOS/Source/portable/memmang/heap_4.o
 .bss.xNumOfOverflows
                0x2000a8b4        0x4 src/ASF/thirdparty/FreeRTOS/Source/tasks.o
 .bss.pxDelayedTaskList
                0x2000a8b8        0x4 src/ASF/thirdparty/FreeRTOS/Source/tasks.o
 .bss.xSchedulerRunning
                0x2000a8bc        0x4 src/ASF/thirdparty/FreeRTOS/Source/tasks.o
 .bss.uxTasksDeleted
                0x2000a8c0        0x4 src/ASF/thirdparty/FreeRTOS/Source/tasks.o
 .bss.xDelayedTaskList1
                0x2000a8c4       0x14 src/ASF/thirdparty/FreeRTOS/Source/tasks.o
 .bss.uxPendedTicks
                0x2000a8d8        0x4 src/ASF/thirdparty/FreeRTOS/Source/tasks.o
 .bss.pxReadyTasksLists
                0x2000a8dc       0x64 src/ASF/thirdparty/FreeRTOS/Source/tasks.o
 .bss.xTasksWaitingTermination
                0x2000a940       0x14 src/ASF/thirdparty/FreeRTOS/Source/tasks.o
 .bss.pxCurrentTCB
                0x2000a954        0x4 src/ASF/thirdparty/FreeRTOS/Source/tasks.o
                0x2000a954                pxCurrentTCB
 .bss.xNextTaskUnblockTime
                0x2000a958        0x4 src/ASF/thirdparty/FreeRTOS/Source/tasks.o
 .bss.uxSchedulerSuspended
                0x2000a95c        0x4 src/ASF/thirdparty/FreeRTOS/Source/tasks.o
 .bss.xTickCount
                0x2000a960        0x4 src/ASF/thirdparty/FreeRTOS/Source/tasks.o
 .bss.pxOverflowDelayedTaskList
                0x2000a964        0x4 src/ASF/thirdparty/FreeRTOS/Source/tasks.o
 .bss.xPendingReadyList
                0x2000a968       0x14 src/ASF/thirdparty/FreeRTOS/Source/tasks.o
 .bss.uxTaskNumber
                0x2000a97c        0x4 src/ASF/thirdparty/FreeRTOS/Source/tasks.o
 .bss.uxCurrentNumberOfTasks
                0x2000a980        0x4 src/ASF/thirdparty/FreeRTOS/Source/tasks.o
 .bss.xDelayedTaskList2
                0x2000a984       0x14 src/ASF/thirdparty/FreeRTOS/Source/tasks.o
 .bss.xSuspendedTaskList
                0x2000a998       0x14 src/ASF/thirdparty/FreeRTOS/Source/tasks.o
 .bss.uxTopReadyPriority
                0x2000a9ac        0x4 src/ASF/thirdparty/FreeRTOS/Source/tasks.o
 .bss.xYieldPending
                0x2000a9b0        0x4 src/ASF/thirdparty/FreeRTOS/Source/tasks.o
 .bss.pxCurrentTimerList
                0x2000a9b4        0x4 src/ASF/thirdparty/FreeRTOS/Source/timers.o
 .bss.xActiveTimerList1
                0x2000a9b8       0x14 src/ASF/thirdparty/FreeRTOS/Source/timers.o
 .bss.xActiveTimerList2
                0x2000a9cc       0x14 src/ASF/thirdparty/FreeRTOS/Source/timers.o
 .bss.xTimerQueue
                0x2000a9e0        0x4 src/ASF/thirdparty/FreeRTOS/Source/timers.o
 .bss.pxOverflowTimerList
                0x2000a9e4        0x4 src/ASF/thirdparty/FreeRTOS/Source/timers.o
 .bss.xLastTime.5222
                0x2000a9e8        0x4 src/ASF/thirdparty/FreeRTOS/Source/timers.o
 .bss.g_ul_push_button_trigger
                0x2000a9ec        0x4 src/imagesensor_capture_example.o
 .bss.xHigherPriorityTaskWoken.8941
                0x2000a9f0        0x4 src/imagesensor_capture_example.o
 .bss.g_ul_vsync_flag
                0x2000a9f4        0x4 src/imagesensor_capture_example.o
 .bss.xHigherPriorityTaskWoken.8946
                0x2000a9f8        0x4 src/imagesensor_capture_example.o
 .bss.xCameraSemaphore
                0x2000a9fc        0x4 src/imagesensor_capture_example.o
                0x2000a9fc                xCameraSemaphore
 .bss.xDisplaySemaphore
                0x2000aa00        0x4 src/imagesensor_capture_example.o
                0x2000aa00                xDisplaySemaphore
 *(COMMON)
 COMMON         0x2000aa04        0x4 src/ASF/sam/drivers/pio/pio.o
                0x2000aa04                pio_capture_enable_flag
 COMMON         0x2000aa08        0x4 src/imagesensor_capture_example.o
                0x2000aa08                g_p_uc_cap_dest_buf
                0x2000aa0c                . = ALIGN (0x4)
                0x2000aa0c                _ebss = .
                0x2000aa0c                _ezero = .

.stack          0x2000aa0c     0x3004 load address 0x0040f34c
                0x2000aa10                . = ALIGN (0x8)
 *fill*         0x2000aa0c        0x4 
                0x2000aa10                _sstack = .
                0x2000da10                . = (. + __stack_size__)
 *fill*         0x2000aa10     0x3000 
                0x2000da10                . = ALIGN (0x8)
                0x2000da10                _estack = .
                0x2000da10                . = ALIGN (0x4)
                0x2000da10                _end = .
OUTPUT(Standard_OV7740_sam4swpir.elf elf32-littlearm)

.ARM.attributes
                0x00000000       0x2a
 .ARM.attributes
                0x00000000       0x1e c:/program files (x86)/atmel/studio/7.0/toolchain/arm/arm-gnu-toolchain/bin/../lib/gcc/arm-none-eabi/4.9.3/armv7e-m/crti.o
 .ARM.attributes
                0x0000001e       0x2e c:/program files (x86)/atmel/studio/7.0/toolchain/arm/arm-gnu-toolchain/bin/../lib/gcc/arm-none-eabi/4.9.3/armv7e-m/crtbegin.o
 .ARM.attributes
                0x0000004c       0x33 src/ASF/common/services/clock/sam4s/sysclk.o
 .ARM.attributes
                0x0000007f       0x33 src/ASF/common/services/delay/sam/cycle_counter.o
 .ARM.attributes
                0x000000b2       0x33 src/ASF/sam/boards/sam4s_wpir_rd/init.o
 .ARM.attributes
                0x000000e5       0x33 src/ASF/sam/components/cmos_image_sensor/ov7740/ov7740.o
 .ARM.attributes
                0x00000118       0x33 src/ASF/sam/components/cmos_image_sensor/ov7740/ov7740_table_registers.o
 .ARM.attributes
                0x0000014b       0x33 src/ASF/sam/components/display/aat31xx/aat31xx.o
 .ARM.attributes
                0x0000017e       0x33 src/ASF/sam/components/display/ili9325/ili9325.o
 .ARM.attributes
                0x000001b1       0x33 src/ASF/sam/drivers/ebi/smc/smc.o
 .ARM.attributes
                0x000001e4       0x33 src/ASF/sam/drivers/pio/pio.o
 .ARM.attributes
                0x00000217       0x33 src/ASF/sam/drivers/pio/pio_handler.o
 .ARM.attributes
                0x0000024a       0x33 src/ASF/sam/drivers/pmc/pmc.o
 .ARM.attributes
                0x0000027d       0x33 src/ASF/sam/drivers/twi/twi.o
 .ARM.attributes
                0x000002b0       0x33 src/ASF/sam/utils/cmsis/sam4s/source/templates/gcc/startup_sam4s.o
 .ARM.attributes
                0x000002e3       0x33 src/ASF/sam/utils/cmsis/sam4s/source/templates/system_sam4s.o
 .ARM.attributes
                0x00000316       0x33 src/ASF/thirdparty/FreeRTOS/Source/list.o
 .ARM.attributes
                0x00000349       0x33 src/ASF/thirdparty/FreeRTOS/Source/portable/gcc/sam/port.o
 .ARM.attributes
                0x0000037c       0x33 src/ASF/thirdparty/FreeRTOS/Source/portable/memmang/heap_4.o
 .ARM.attributes
                0x000003af       0x33 src/ASF/thirdparty/FreeRTOS/Source/queue.o
 .ARM.attributes
                0x000003e2       0x33 src/ASF/thirdparty/FreeRTOS/Source/tasks.o
 .ARM.attributes
                0x00000415       0x33 src/ASF/thirdparty/FreeRTOS/Source/timers.o
 .ARM.attributes
                0x00000448       0x33 src/imagesensor_capture_example.o
 .ARM.attributes
                0x0000047b       0x2e c:/program files (x86)/atmel/studio/7.0/toolchain/arm/arm-gnu-toolchain/bin/../lib/gcc/arm-none-eabi/4.9.3/../../../../arm-none-eabi/lib/armv7e-m\libc.a(lib_a-impure.o)
 .ARM.attributes
                0x000004a9       0x2e c:/program files (x86)/atmel/studio/7.0/toolchain/arm/arm-gnu-toolchain/bin/../lib/gcc/arm-none-eabi/4.9.3/../../../../arm-none-eabi/lib/armv7e-m\libc.a(lib_a-init.o)
 .ARM.attributes
                0x000004d7       0x1c c:/program files (x86)/atmel/studio/7.0/toolchain/arm/arm-gnu-toolchain/bin/../lib/gcc/arm-none-eabi/4.9.3/../../../../arm-none-eabi/lib/armv7e-m\libc.a(lib_a-memcpy.o)
 .ARM.attributes
                0x000004f3       0x2e c:/program files (x86)/atmel/studio/7.0/toolchain/arm/arm-gnu-toolchain/bin/../lib/gcc/arm-none-eabi/4.9.3/../../../../arm-none-eabi/lib/armv7e-m\libc.a(lib_a-memset.o)
 .ARM.attributes
                0x00000521       0x2e c:/program files (x86)/atmel/studio/7.0/toolchain/arm/arm-gnu-toolchain/bin/../lib/gcc/arm-none-eabi/4.9.3/../../../../arm-none-eabi/lib/armv7e-m\libc.a(lib_a-__call_atexit.o)
 .ARM.attributes
                0x0000054f       0x2e c:/program files (x86)/atmel/studio/7.0/toolchain/arm/arm-gnu-toolchain/bin/../lib/gcc/arm-none-eabi/4.9.3/../../../../arm-none-eabi/lib/armv7e-m\libc.a(lib_a-atexit.o)
 .ARM.attributes
                0x0000057d       0x2e c:/program files (x86)/atmel/studio/7.0/toolchain/arm/arm-gnu-toolchain/bin/../lib/gcc/arm-none-eabi/4.9.3/../../../../arm-none-eabi/lib/armv7e-m\libc.a(lib_a-fini.o)
 .ARM.attributes
                0x000005ab       0x2e c:/program files (x86)/atmel/studio/7.0/toolchain/arm/arm-gnu-toolchain/bin/../lib/gcc/arm-none-eabi/4.9.3/../../../../arm-none-eabi/lib/armv7e-m\libc.a(lib_a-__atexit.o)
 .ARM.attributes
                0x000005d9       0x1e c:/program files (x86)/atmel/studio/7.0/toolchain/arm/arm-gnu-toolchain/bin/../lib/gcc/arm-none-eabi/4.9.3/armv7e-m/crtn.o

.comment        0x00000000       0x5b
 .comment       0x00000000       0x5b src/ASF/common/services/clock/sam4s/sysclk.o
                                 0x5c (size before relaxing)
 .comment       0x00000000       0x5c src/ASF/common/services/delay/sam/cycle_counter.o
 .comment       0x00000000       0x5c src/ASF/sam/boards/sam4s_wpir_rd/init.o
 .comment       0x00000000       0x5c src/ASF/sam/components/cmos_image_sensor/ov7740/ov7740.o
 .comment       0x00000000       0x5c src/ASF/sam/components/cmos_image_sensor/ov7740/ov7740_table_registers.o
 .comment       0x00000000       0x5c src/ASF/sam/components/display/aat31xx/aat31xx.o
 .comment       0x00000000       0x5c src/ASF/sam/components/display/ili9325/ili9325.o
 .comment       0x00000000       0x5c src/ASF/sam/drivers/ebi/smc/smc.o
 .comment       0x00000000       0x5c src/ASF/sam/drivers/pio/pio.o
 .comment       0x00000000       0x5c src/ASF/sam/drivers/pio/pio_handler.o
 .comment       0x00000000       0x5c src/ASF/sam/drivers/pmc/pmc.o
 .comment       0x00000000       0x5c src/ASF/sam/drivers/twi/twi.o
 .comment       0x00000000       0x5c src/ASF/sam/utils/cmsis/sam4s/source/templates/gcc/startup_sam4s.o
 .comment       0x00000000       0x5c src/ASF/sam/utils/cmsis/sam4s/source/templates/system_sam4s.o
 .comment       0x00000000       0x5c src/ASF/thirdparty/FreeRTOS/Source/list.o
 .comment       0x00000000       0x5c src/ASF/thirdparty/FreeRTOS/Source/portable/gcc/sam/port.o
 .comment       0x00000000       0x5c src/ASF/thirdparty/FreeRTOS/Source/portable/memmang/heap_4.o
 .comment       0x00000000       0x5c src/ASF/thirdparty/FreeRTOS/Source/queue.o
 .comment       0x00000000       0x5c src/ASF/thirdparty/FreeRTOS/Source/tasks.o
 .comment       0x00000000       0x5c src/ASF/thirdparty/FreeRTOS/Source/timers.o
 .comment       0x00000000       0x5c src/imagesensor_capture_example.o

.debug_info     0x00000000    0x118e1
 .debug_info    0x00000000      0x736 src/ASF/common/services/clock/sam4s/sysclk.o
 .debug_info    0x00000736      0x134 src/ASF/common/services/delay/sam/cycle_counter.o
 .debug_info    0x0000086a      0x7e1 src/ASF/sam/boards/sam4s_wpir_rd/init.o
 .debug_info    0x0000104b     0x1285 src/ASF/sam/components/cmos_image_sensor/ov7740/ov7740.o
 .debug_info    0x000022d0      0x247 src/ASF/sam/components/cmos_image_sensor/ov7740/ov7740_table_registers.o
 .debug_info    0x00002517      0x8a6 src/ASF/sam/components/display/aat31xx/aat31xx.o
 .debug_info    0x00002dbd     0x21a6 src/ASF/sam/components/display/ili9325/ili9325.o
 .debug_info    0x00004f63      0x3dd src/ASF/sam/drivers/ebi/smc/smc.o
 .debug_info    0x00005340     0x1951 src/ASF/sam/drivers/pio/pio.o
 .debug_info    0x00006c91      0xf71 src/ASF/sam/drivers/pio/pio_handler.o
 .debug_info    0x00007c02     0x10d2 src/ASF/sam/drivers/pmc/pmc.o
 .debug_info    0x00008cd4      0xb2a src/ASF/sam/drivers/twi/twi.o
 .debug_info    0x000097fe      0x68d src/ASF/sam/utils/cmsis/sam4s/source/templates/gcc/startup_sam4s.o
 .debug_info    0x00009e8b      0x469 src/ASF/sam/utils/cmsis/sam4s/source/templates/system_sam4s.o
 .debug_info    0x0000a2f4      0x2cd src/ASF/thirdparty/FreeRTOS/Source/list.o
 .debug_info    0x0000a5c1      0x43a src/ASF/thirdparty/FreeRTOS/Source/portable/gcc/sam/port.o
 .debug_info    0x0000a9fb      0x41d src/ASF/thirdparty/FreeRTOS/Source/portable/memmang/heap_4.o
 .debug_info    0x0000ae18     0x1454 src/ASF/thirdparty/FreeRTOS/Source/queue.o
 .debug_info    0x0000c26c     0x1de0 src/ASF/thirdparty/FreeRTOS/Source/tasks.o
 .debug_info    0x0000e04c      0xe92 src/ASF/thirdparty/FreeRTOS/Source/timers.o
 .debug_info    0x0000eede     0x2a03 src/imagesensor_capture_example.o

.debug_abbrev   0x00000000     0x2c0b
 .debug_abbrev  0x00000000      0x221 src/ASF/common/services/clock/sam4s/sysclk.o
 .debug_abbrev  0x00000221       0x9d src/ASF/common/services/delay/sam/cycle_counter.o
 .debug_abbrev  0x000002be       0xfc src/ASF/sam/boards/sam4s_wpir_rd/init.o
 .debug_abbrev  0x000003ba      0x2d2 src/ASF/sam/components/cmos_image_sensor/ov7740/ov7740.o
 .debug_abbrev  0x0000068c       0xd4 src/ASF/sam/components/cmos_image_sensor/ov7740/ov7740_table_registers.o
 .debug_abbrev  0x00000760      0x1d2 src/ASF/sam/components/display/aat31xx/aat31xx.o
 .debug_abbrev  0x00000932      0x345 src/ASF/sam/components/display/ili9325/ili9325.o
 .debug_abbrev  0x00000c77      0x113 src/ASF/sam/drivers/ebi/smc/smc.o
 .debug_abbrev  0x00000d8a      0x30b src/ASF/sam/drivers/pio/pio.o
 .debug_abbrev  0x00001095      0x280 src/ASF/sam/drivers/pio/pio_handler.o
 .debug_abbrev  0x00001315      0x277 src/ASF/sam/drivers/pmc/pmc.o
 .debug_abbrev  0x0000158c      0x2ea src/ASF/sam/drivers/twi/twi.o
 .debug_abbrev  0x00001876      0x168 src/ASF/sam/utils/cmsis/sam4s/source/templates/gcc/startup_sam4s.o
 .debug_abbrev  0x000019de       0xf5 src/ASF/sam/utils/cmsis/sam4s/source/templates/system_sam4s.o
 .debug_abbrev  0x00001ad3       0xfb src/ASF/thirdparty/FreeRTOS/Source/list.o
 .debug_abbrev  0x00001bce      0x20f src/ASF/thirdparty/FreeRTOS/Source/portable/gcc/sam/port.o
 .debug_abbrev  0x00001ddd      0x1fb src/ASF/thirdparty/FreeRTOS/Source/portable/memmang/heap_4.o
 .debug_abbrev  0x00001fd8      0x231 src/ASF/thirdparty/FreeRTOS/Source/queue.o
 .debug_abbrev  0x00002209      0x360 src/ASF/thirdparty/FreeRTOS/Source/tasks.o
 .debug_abbrev  0x00002569      0x293 src/ASF/thirdparty/FreeRTOS/Source/timers.o
 .debug_abbrev  0x000027fc      0x40f src/imagesensor_capture_example.o

.debug_loc      0x00000000     0xb10b
 .debug_loc     0x00000000       0xed src/ASF/common/services/clock/sam4s/sysclk.o
 .debug_loc     0x000000ed       0x20 src/ASF/sam/boards/sam4s_wpir_rd/init.o
 .debug_loc     0x0000010d      0x915 src/ASF/sam/components/cmos_image_sensor/ov7740/ov7740.o
 .debug_loc     0x00000a22       0xad src/ASF/sam/components/display/aat31xx/aat31xx.o
 .debug_loc     0x00000acf     0x18cc src/ASF/sam/components/display/ili9325/ili9325.o
 .debug_loc     0x0000239b       0xe7 src/ASF/sam/drivers/ebi/smc/smc.o
 .debug_loc     0x00002482      0xdd7 src/ASF/sam/drivers/pio/pio.o
 .debug_loc     0x00003259      0x553 src/ASF/sam/drivers/pio/pio_handler.o
 .debug_loc     0x000037ac      0xd88 src/ASF/sam/drivers/pmc/pmc.o
 .debug_loc     0x00004534      0x974 src/ASF/sam/drivers/twi/twi.o
 .debug_loc     0x00004ea8       0xc6 src/ASF/sam/utils/cmsis/sam4s/source/templates/gcc/startup_sam4s.o
 .debug_loc     0x00004f6e       0x91 src/ASF/thirdparty/FreeRTOS/Source/list.o
 .debug_loc     0x00004fff      0x192 src/ASF/thirdparty/FreeRTOS/Source/portable/gcc/sam/port.o
 .debug_loc     0x00005191      0x57c src/ASF/thirdparty/FreeRTOS/Source/portable/memmang/heap_4.o
 .debug_loc     0x0000570d     0x22f3 src/ASF/thirdparty/FreeRTOS/Source/queue.o
 .debug_loc     0x00007a00     0x20f7 src/ASF/thirdparty/FreeRTOS/Source/tasks.o
 .debug_loc     0x00009af7      0xfb6 src/ASF/thirdparty/FreeRTOS/Source/timers.o
 .debug_loc     0x0000aaad      0x65e src/imagesensor_capture_example.o

.debug_aranges  0x00000000      0xc48
 .debug_aranges
                0x00000000       0x30 src/ASF/common/services/clock/sam4s/sysclk.o
 .debug_aranges
                0x00000030       0x20 src/ASF/common/services/delay/sam/cycle_counter.o
 .debug_aranges
                0x00000050       0x20 src/ASF/sam/boards/sam4s_wpir_rd/init.o
 .debug_aranges
                0x00000070       0x78 src/ASF/sam/components/cmos_image_sensor/ov7740/ov7740.o
 .debug_aranges
                0x000000e8       0x18 src/ASF/sam/components/cmos_image_sensor/ov7740/ov7740_table_registers.o
 .debug_aranges
                0x00000100       0x28 src/ASF/sam/components/display/aat31xx/aat31xx.o
 .debug_aranges
                0x00000128      0x138 src/ASF/sam/components/display/ili9325/ili9325.o
 .debug_aranges
                0x00000260       0x50 src/ASF/sam/drivers/ebi/smc/smc.o
 .debug_aranges
                0x000002b0      0x1a8 src/ASF/sam/drivers/pio/pio.o
 .debug_aranges
                0x00000458       0x58 src/ASF/sam/drivers/pio/pio_handler.o
 .debug_aranges
                0x000004b0      0x208 src/ASF/sam/drivers/pmc/pmc.o
 .debug_aranges
                0x000006b8       0xc0 src/ASF/sam/drivers/twi/twi.o
 .debug_aranges
                0x00000778       0x28 src/ASF/sam/utils/cmsis/sam4s/source/templates/gcc/startup_sam4s.o
 .debug_aranges
                0x000007a0       0x30 src/ASF/sam/utils/cmsis/sam4s/source/templates/system_sam4s.o
 .debug_aranges
                0x000007d0       0x40 src/ASF/thirdparty/FreeRTOS/Source/list.o
 .debug_aranges
                0x00000810       0x90 src/ASF/thirdparty/FreeRTOS/Source/portable/gcc/sam/port.o
 .debug_aranges
                0x000008a0       0x48 src/ASF/thirdparty/FreeRTOS/Source/portable/memmang/heap_4.o
 .debug_aranges
                0x000008e8       0xf8 src/ASF/thirdparty/FreeRTOS/Source/queue.o
 .debug_aranges
                0x000009e0      0x178 src/ASF/thirdparty/FreeRTOS/Source/tasks.o
 .debug_aranges
                0x00000b58       0x80 src/ASF/thirdparty/FreeRTOS/Source/timers.o
 .debug_aranges
                0x00000bd8       0x70 src/imagesensor_capture_example.o

.debug_ranges   0x00000000      0xc98
 .debug_ranges  0x00000000       0x20 src/ASF/common/services/clock/sam4s/sysclk.o
 .debug_ranges  0x00000020       0x10 src/ASF/common/services/delay/sam/cycle_counter.o
 .debug_ranges  0x00000030       0x10 src/ASF/sam/boards/sam4s_wpir_rd/init.o
 .debug_ranges  0x00000040       0x98 src/ASF/sam/components/cmos_image_sensor/ov7740/ov7740.o
 .debug_ranges  0x000000d8       0x30 src/ASF/sam/components/display/aat31xx/aat31xx.o
 .debug_ranges  0x00000108      0x170 src/ASF/sam/components/display/ili9325/ili9325.o
 .debug_ranges  0x00000278       0x40 src/ASF/sam/drivers/ebi/smc/smc.o
 .debug_ranges  0x000002b8      0x198 src/ASF/sam/drivers/pio/pio.o
 .debug_ranges  0x00000450       0x48 src/ASF/sam/drivers/pio/pio_handler.o
 .debug_ranges  0x00000498      0x1f8 src/ASF/sam/drivers/pmc/pmc.o
 .debug_ranges  0x00000690       0xb0 src/ASF/sam/drivers/twi/twi.o
 .debug_ranges  0x00000740       0x18 src/ASF/sam/utils/cmsis/sam4s/source/templates/gcc/startup_sam4s.o
 .debug_ranges  0x00000758       0x20 src/ASF/sam/utils/cmsis/sam4s/source/templates/system_sam4s.o
 .debug_ranges  0x00000778       0x30 src/ASF/thirdparty/FreeRTOS/Source/list.o
 .debug_ranges  0x000007a8       0x80 src/ASF/thirdparty/FreeRTOS/Source/portable/gcc/sam/port.o
 .debug_ranges  0x00000828       0x38 src/ASF/thirdparty/FreeRTOS/Source/portable/memmang/heap_4.o
 .debug_ranges  0x00000860       0xe8 src/ASF/thirdparty/FreeRTOS/Source/queue.o
 .debug_ranges  0x00000948      0x1e0 src/ASF/thirdparty/FreeRTOS/Source/tasks.o
 .debug_ranges  0x00000b28       0xc8 src/ASF/thirdparty/FreeRTOS/Source/timers.o
 .debug_ranges  0x00000bf0       0xa8 src/imagesensor_capture_example.o

.debug_macro    0x00000000    0x14fac
 .debug_macro   0x00000000      0x50e src/ASF/common/services/clock/sam4s/sysclk.o
 .debug_macro   0x0000050e      0x8aa src/ASF/common/services/clock/sam4s/sysclk.o
 .debug_macro   0x00000db8      0x636 src/ASF/common/services/clock/sam4s/sysclk.o
 .debug_macro   0x000013ee       0x28 src/ASF/common/services/clock/sam4s/sysclk.o
 .debug_macro   0x00001416      0x166 src/ASF/common/services/clock/sam4s/sysclk.o
 .debug_macro   0x0000157c       0x76 src/ASF/common/services/clock/sam4s/sysclk.o
 .debug_macro   0x000015f2       0x16 src/ASF/common/services/clock/sam4s/sysclk.o
 .debug_macro   0x00001608      0x6e4 src/ASF/common/services/clock/sam4s/sysclk.o
 .debug_macro   0x00001cec       0x22 src/ASF/common/services/clock/sam4s/sysclk.o
 .debug_macro   0x00001d0e       0x44 src/ASF/common/services/clock/sam4s/sysclk.o
 .debug_macro   0x00001d52       0x58 src/ASF/common/services/clock/sam4s/sysclk.o
 .debug_macro   0x00001daa       0x22 src/ASF/common/services/clock/sam4s/sysclk.o
 .debug_macro   0x00001dcc      0x1df src/ASF/common/services/clock/sam4s/sysclk.o
 .debug_macro   0x00001fab       0x27 src/ASF/common/services/clock/sam4s/sysclk.o
 .debug_macro   0x00001fd2       0x3b src/ASF/common/services/clock/sam4s/sysclk.o
 .debug_macro   0x0000200d       0x2d src/ASF/common/services/clock/sam4s/sysclk.o
 .debug_macro   0x0000203a       0x26 src/ASF/common/services/clock/sam4s/sysclk.o
 .debug_macro   0x00002060      0xbbf src/ASF/common/services/clock/sam4s/sysclk.o
 .debug_macro   0x00002c1f      0x159 src/ASF/common/services/clock/sam4s/sysclk.o
 .debug_macro   0x00002d78      0xaaf src/ASF/common/services/clock/sam4s/sysclk.o
 .debug_macro   0x00003827      0x284 src/ASF/common/services/clock/sam4s/sysclk.o
 .debug_macro   0x00003aab       0xac src/ASF/common/services/clock/sam4s/sysclk.o
 .debug_macro   0x00003b57      0x401 src/ASF/common/services/clock/sam4s/sysclk.o
 .debug_macro   0x00003f58      0x106 src/ASF/common/services/clock/sam4s/sysclk.o
 .debug_macro   0x0000405e       0x1c src/ASF/common/services/clock/sam4s/sysclk.o
 .debug_macro   0x0000407a      0x738 src/ASF/common/services/clock/sam4s/sysclk.o
 .debug_macro   0x000047b2      0x2d2 src/ASF/common/services/clock/sam4s/sysclk.o
 .debug_macro   0x00004a84       0xbe src/ASF/common/services/clock/sam4s/sysclk.o
 .debug_macro   0x00004b42     0x280b src/ASF/common/services/clock/sam4s/sysclk.o
 .debug_macro   0x0000734d      0x777 src/ASF/common/services/clock/sam4s/sysclk.o
 .debug_macro   0x00007ac4      0xa8e src/ASF/common/services/clock/sam4s/sysclk.o
 .debug_macro   0x00008552       0x9a src/ASF/common/services/clock/sam4s/sysclk.o
 .debug_macro   0x000085ec      0x3d8 src/ASF/common/services/clock/sam4s/sysclk.o
 .debug_macro   0x000089c4       0x64 src/ASF/common/services/clock/sam4s/sysclk.o
 .debug_macro   0x00008a28      0x1ae src/ASF/common/services/clock/sam4s/sysclk.o
 .debug_macro   0x00008bd6      0x386 src/ASF/common/services/clock/sam4s/sysclk.o
 .debug_macro   0x00008f5c      0x624 src/ASF/common/services/clock/sam4s/sysclk.o
 .debug_macro   0x00009580      0x690 src/ASF/common/services/clock/sam4s/sysclk.o
 .debug_macro   0x00009c10      0x59f src/ASF/common/services/clock/sam4s/sysclk.o
 .debug_macro   0x0000a1af      0x34d src/ASF/common/services/clock/sam4s/sysclk.o
 .debug_macro   0x0000a4fc      0x28c src/ASF/common/services/clock/sam4s/sysclk.o
 .debug_macro   0x0000a788      0x2d6 src/ASF/common/services/clock/sam4s/sysclk.o
 .debug_macro   0x0000aa5e      0x6d9 src/ASF/common/services/clock/sam4s/sysclk.o
 .debug_macro   0x0000b137       0x76 src/ASF/common/services/clock/sam4s/sysclk.o
 .debug_macro   0x0000b1ad       0xb8 src/ASF/common/services/clock/sam4s/sysclk.o
 .debug_macro   0x0000b265       0xb2 src/ASF/common/services/clock/sam4s/sysclk.o
 .debug_macro   0x0000b317       0x88 src/ASF/common/services/clock/sam4s/sysclk.o
 .debug_macro   0x0000b39f      0x105 src/ASF/common/services/clock/sam4s/sysclk.o
 .debug_macro   0x0000b4a4      0x105 src/ASF/common/services/clock/sam4s/sysclk.o
 .debug_macro   0x0000b5a9       0x88 src/ASF/common/services/clock/sam4s/sysclk.o
 .debug_macro   0x0000b631       0x88 src/ASF/common/services/clock/sam4s/sysclk.o
 .debug_macro   0x0000b6b9      0x2cd src/ASF/common/services/clock/sam4s/sysclk.o
 .debug_macro   0x0000b986       0xb2 src/ASF/common/services/clock/sam4s/sysclk.o
 .debug_macro   0x0000ba38       0xb2 src/ASF/common/services/clock/sam4s/sysclk.o
 .debug_macro   0x0000baea       0x52 src/ASF/common/services/clock/sam4s/sysclk.o
 .debug_macro   0x0000bb3c       0xac src/ASF/common/services/clock/sam4s/sysclk.o
 .debug_macro   0x0000bbe8       0x7c src/ASF/common/services/clock/sam4s/sysclk.o
 .debug_macro   0x0000bc64       0x40 src/ASF/common/services/clock/sam4s/sysclk.o
 .debug_macro   0x0000bca4       0x64 src/ASF/common/services/clock/sam4s/sysclk.o
 .debug_macro   0x0000bd08       0x88 src/ASF/common/services/clock/sam4s/sysclk.o
 .debug_macro   0x0000bd90       0x4c src/ASF/common/services/clock/sam4s/sysclk.o
 .debug_macro   0x0000bddc       0xa6 src/ASF/common/services/clock/sam4s/sysclk.o
 .debug_macro   0x0000be82       0x7c src/ASF/common/services/clock/sam4s/sysclk.o
 .debug_macro   0x0000befe       0x16 src/ASF/common/services/clock/sam4s/sysclk.o
 .debug_macro   0x0000bf14       0x7c src/ASF/common/services/clock/sam4s/sysclk.o
 .debug_macro   0x0000bf90       0x22 src/ASF/common/services/clock/sam4s/sysclk.o
 .debug_macro   0x0000bfb2      0x195 src/ASF/common/services/clock/sam4s/sysclk.o
 .debug_macro   0x0000c147      0x165 src/ASF/common/services/clock/sam4s/sysclk.o
 .debug_macro   0x0000c2ac      0x165 src/ASF/common/services/clock/sam4s/sysclk.o
 .debug_macro   0x0000c411       0x1c src/ASF/common/services/clock/sam4s/sysclk.o
 .debug_macro   0x0000c42d       0x2e src/ASF/common/services/clock/sam4s/sysclk.o
 .debug_macro   0x0000c45b       0x22 src/ASF/common/services/clock/sam4s/sysclk.o
 .debug_macro   0x0000c47d       0x1c src/ASF/common/services/clock/sam4s/sysclk.o
 .debug_macro   0x0000c499       0x52 src/ASF/common/services/clock/sam4s/sysclk.o
 .debug_macro   0x0000c4eb       0x10 src/ASF/common/services/clock/sam4s/sysclk.o
 .debug_macro   0x0000c4fb      0x21f src/ASF/common/services/clock/sam4s/sysclk.o
 .debug_macro   0x0000c71a      0x938 src/ASF/common/services/clock/sam4s/sysclk.o
 .debug_macro   0x0000d052      0x107 src/ASF/common/services/clock/sam4s/sysclk.o
 .debug_macro   0x0000d159       0x58 src/ASF/common/services/clock/sam4s/sysclk.o
 .debug_macro   0x0000d1b1       0x35 src/ASF/common/services/clock/sam4s/sysclk.o
 .debug_macro   0x0000d1e6       0x9c src/ASF/common/services/clock/sam4s/sysclk.o
 .debug_macro   0x0000d282       0x16 src/ASF/common/services/clock/sam4s/sysclk.o
 .debug_macro   0x0000d298       0x35 src/ASF/common/services/clock/sam4s/sysclk.o
 .debug_macro   0x0000d2cd      0x29d src/ASF/common/services/clock/sam4s/sysclk.o
 .debug_macro   0x0000d56a       0x10 src/ASF/common/services/clock/sam4s/sysclk.o
 .debug_macro   0x0000d57a       0x52 src/ASF/common/services/clock/sam4s/sysclk.o
 .debug_macro   0x0000d5cc       0x16 src/ASF/common/services/clock/sam4s/sysclk.o
 .debug_macro   0x0000d5e2       0x43 src/ASF/common/services/clock/sam4s/sysclk.o
 .debug_macro   0x0000d625      0x180 src/ASF/common/services/clock/sam4s/sysclk.o
 .debug_macro   0x0000d7a5       0x10 src/ASF/common/services/clock/sam4s/sysclk.o
 .debug_macro   0x0000d7b5       0x22 src/ASF/common/services/clock/sam4s/sysclk.o
 .debug_macro   0x0000d7d7       0xbe src/ASF/common/services/clock/sam4s/sysclk.o
 .debug_macro   0x0000d895       0x16 src/ASF/common/services/clock/sam4s/sysclk.o
 .debug_macro   0x0000d8ab      0x197 src/ASF/common/services/clock/sam4s/sysclk.o
 .debug_macro   0x0000da42       0x22 src/ASF/common/services/clock/sam4s/sysclk.o
 .debug_macro   0x0000da64       0x16 src/ASF/common/services/clock/sam4s/sysclk.o
 .debug_macro   0x0000da7a       0x16 src/ASF/common/services/clock/sam4s/sysclk.o
 .debug_macro   0x0000da90       0x29 src/ASF/common/services/clock/sam4s/sysclk.o
 .debug_macro   0x0000dab9       0x6e src/ASF/common/services/clock/sam4s/sysclk.o
 .debug_macro   0x0000db27       0x3f src/ASF/common/services/clock/sam4s/sysclk.o
 .debug_macro   0x0000db66      0x3ca src/ASF/common/services/clock/sam4s/sysclk.o
 .debug_macro   0x0000df30      0x288 src/ASF/common/services/clock/sam4s/sysclk.o
 .debug_macro   0x0000e1b8       0xac src/ASF/common/services/clock/sam4s/sysclk.o
 .debug_macro   0x0000e264      0x81f src/ASF/common/services/clock/sam4s/sysclk.o
 .debug_macro   0x0000ea83       0x58 src/ASF/common/services/clock/sam4s/sysclk.o
 .debug_macro   0x0000eadb       0x64 src/ASF/common/services/clock/sam4s/sysclk.o
 .debug_macro   0x0000eb3f       0x46 src/ASF/common/services/clock/sam4s/sysclk.o
 .debug_macro   0x0000eb85       0x90 src/ASF/common/services/clock/sam4s/sysclk.o
 .debug_macro   0x0000ec15      0x499 src/ASF/common/services/delay/sam/cycle_counter.o
 .debug_macro   0x0000f0ae       0x22 src/ASF/common/services/delay/sam/cycle_counter.o
 .debug_macro   0x0000f0d0      0x4d3 src/ASF/sam/boards/sam4s_wpir_rd/init.o
 .debug_macro   0x0000f5a3       0x94 src/ASF/sam/boards/sam4s_wpir_rd/init.o
 .debug_macro   0x0000f637       0x40 src/ASF/sam/boards/sam4s_wpir_rd/init.o
 .debug_macro   0x0000f677      0x562 src/ASF/sam/components/cmos_image_sensor/ov7740/ov7740.o
 .debug_macro   0x0000fbd9       0x28 src/ASF/sam/components/cmos_image_sensor/ov7740/ov7740.o
 .debug_macro   0x0000fc01       0x23 src/ASF/sam/components/cmos_image_sensor/ov7740/ov7740.o
 .debug_macro   0x0000fc24      0x3fa src/ASF/sam/components/cmos_image_sensor/ov7740/ov7740.o
 .debug_macro   0x0001001e       0x4c src/ASF/sam/components/cmos_image_sensor/ov7740/ov7740.o
 .debug_macro   0x0001006a       0x16 src/ASF/sam/components/cmos_image_sensor/ov7740/ov7740.o
 .debug_macro   0x00010080       0x16 src/ASF/sam/components/cmos_image_sensor/ov7740/ov7740.o
 .debug_macro   0x00010096      0x548 src/ASF/sam/components/cmos_image_sensor/ov7740/ov7740_table_registers.o
 .debug_macro   0x000105de      0x54d src/ASF/sam/components/display/aat31xx/aat31xx.o
 .debug_macro   0x00010b2b       0x82 src/ASF/sam/components/display/aat31xx/aat31xx.o
 .debug_macro   0x00010bad       0x1c src/ASF/sam/components/display/aat31xx/aat31xx.o
 .debug_macro   0x00010bc9      0x4f0 src/ASF/sam/components/display/ili9325/ili9325.o
 .debug_macro   0x000110b9      0x93a src/ASF/sam/components/display/ili9325/ili9325.o
 .debug_macro   0x000119f3      0x4c1 src/ASF/sam/drivers/ebi/smc/smc.o
 .debug_macro   0x00011eb4      0x49f src/ASF/sam/drivers/pio/pio.o
 .debug_macro   0x00012353       0x8e src/ASF/sam/drivers/pio/pio.o
 .debug_macro   0x000123e1      0x4a9 src/ASF/sam/drivers/pio/pio_handler.o
 .debug_macro   0x0001288a      0x49f src/ASF/sam/drivers/pmc/pmc.o
 .debug_macro   0x00012d29       0x52 src/ASF/sam/drivers/pmc/pmc.o
 .debug_macro   0x00012d7b      0x4bd src/ASF/sam/drivers/twi/twi.o
 .debug_macro   0x00013238       0x46 src/ASF/sam/drivers/twi/twi.o
 .debug_macro   0x0001327e      0x2f8 src/ASF/sam/utils/cmsis/sam4s/source/templates/gcc/startup_sam4s.o
 .debug_macro   0x00013576      0x300 src/ASF/sam/utils/cmsis/sam4s/source/templates/system_sam4s.o
 .debug_macro   0x00013876      0x167 src/ASF/thirdparty/FreeRTOS/Source/list.o
 .debug_macro   0x000139dd      0x160 src/ASF/thirdparty/FreeRTOS/Source/portable/gcc/sam/port.o
 .debug_macro   0x00013b3d      0x18e src/ASF/thirdparty/FreeRTOS/Source/portable/memmang/heap_4.o
 .debug_macro   0x00013ccb      0x1d9 src/ASF/thirdparty/FreeRTOS/Source/queue.o
 .debug_macro   0x00013ea4       0xb0 src/ASF/thirdparty/FreeRTOS/Source/queue.o
 .debug_macro   0x00013f54      0x215 src/ASF/thirdparty/FreeRTOS/Source/tasks.o
 .debug_macro   0x00014169       0x10 src/ASF/thirdparty/FreeRTOS/Source/tasks.o
 .debug_macro   0x00014179      0x1a4 src/ASF/thirdparty/FreeRTOS/Source/timers.o
 .debug_macro   0x0001431d      0x6fc src/imagesensor_capture_example.o
 .debug_macro   0x00014a19       0x7f src/imagesensor_capture_example.o
 .debug_macro   0x00014a98       0x43 src/imagesensor_capture_example.o
 .debug_macro   0x00014adb       0x2d src/imagesensor_capture_example.o
 .debug_macro   0x00014b08       0x88 src/imagesensor_capture_example.o
 .debug_macro   0x00014b90      0x400 src/imagesensor_capture_example.o
 .debug_macro   0x00014f90       0x1c src/imagesensor_capture_example.o

.debug_line     0x00000000     0xe0ca
 .debug_line    0x00000000      0xb37 src/ASF/common/services/clock/sam4s/sysclk.o
 .debug_line    0x00000b37      0x9f5 src/ASF/common/services/delay/sam/cycle_counter.o
 .debug_line    0x0000152c      0xaf7 src/ASF/sam/boards/sam4s_wpir_rd/init.o
 .debug_line    0x00002023      0xdaf src/ASF/sam/components/cmos_image_sensor/ov7740/ov7740.o
 .debug_line    0x00002dd2      0xbd2 src/ASF/sam/components/cmos_image_sensor/ov7740/ov7740_table_registers.o
 .debug_line    0x000039a4      0xbfb src/ASF/sam/components/display/aat31xx/aat31xx.o
 .debug_line    0x0000459f      0xff2 src/ASF/sam/components/display/ili9325/ili9325.o
 .debug_line    0x00005591      0xabf src/ASF/sam/drivers/ebi/smc/smc.o
 .debug_line    0x00006050      0xe7d src/ASF/sam/drivers/pio/pio.o
 .debug_line    0x00006ecd      0xaa2 src/ASF/sam/drivers/pio/pio_handler.o
 .debug_line    0x0000796f      0xfa9 src/ASF/sam/drivers/pmc/pmc.o
 .debug_line    0x00008918      0xc2b src/ASF/sam/drivers/twi/twi.o
 .debug_line    0x00009543      0x841 src/ASF/sam/utils/cmsis/sam4s/source/templates/gcc/startup_sam4s.o
 .debug_line    0x00009d84      0x853 src/ASF/sam/utils/cmsis/sam4s/source/templates/system_sam4s.o
 .debug_line    0x0000a5d7      0x43f src/ASF/thirdparty/FreeRTOS/Source/list.o
 .debug_line    0x0000aa16      0x48c src/ASF/thirdparty/FreeRTOS/Source/portable/gcc/sam/port.o
 .debug_line    0x0000aea2      0x4e9 src/ASF/thirdparty/FreeRTOS/Source/portable/memmang/heap_4.o
 .debug_line    0x0000b38b      0x92c src/ASF/thirdparty/FreeRTOS/Source/queue.o
 .debug_line    0x0000bcb7      0xbf9 src/ASF/thirdparty/FreeRTOS/Source/tasks.o
 .debug_line    0x0000c8b0      0x5e7 src/ASF/thirdparty/FreeRTOS/Source/timers.o
 .debug_line    0x0000ce97     0x1233 src/imagesensor_capture_example.o

.debug_str      0x00000000    0x5f00b
 .debug_str     0x00000000    0x4cd20 src/ASF/common/services/clock/sam4s/sysclk.o
                              0x4d0bc (size before relaxing)
 .debug_str     0x0004cd20      0x1a9 src/ASF/common/services/delay/sam/cycle_counter.o
                              0x4938d (size before relaxing)
 .debug_str     0x0004cec9      0x66b src/ASF/sam/boards/sam4s_wpir_rd/init.o
                              0x4cb44 (size before relaxing)
 .debug_str     0x0004d534     0x1d8b src/ASF/sam/components/cmos_image_sensor/ov7740/ov7740.o
                              0x4f1c7 (size before relaxing)
 .debug_str     0x0004f2bf       0x4c src/ASF/sam/components/cmos_image_sensor/ov7740/ov7740_table_registers.o
                              0x4ea53 (size before relaxing)
 .debug_str     0x0004f30b      0x495 src/ASF/sam/components/display/aat31xx/aat31xx.o
                              0x4d513 (size before relaxing)
 .debug_str     0x0004f7a0     0x5670 src/ASF/sam/components/display/ili9325/ili9325.o
                              0x51c39 (size before relaxing)
 .debug_str     0x00054e10      0x19a src/ASF/sam/drivers/ebi/smc/smc.o
                              0x4c639 (size before relaxing)
 .debug_str     0x00054faa      0x5b2 src/ASF/sam/drivers/pio/pio.o
                              0x49e2d (size before relaxing)
 .debug_str     0x0005555c      0x3f7 src/ASF/sam/drivers/pio/pio_handler.o
                              0x49c9e (size before relaxing)
 .debug_str     0x00055953      0x6df src/ASF/sam/drivers/pmc/pmc.o
                              0x49c7c (size before relaxing)
 .debug_str     0x00056032      0x2c0 src/ASF/sam/drivers/twi/twi.o
                              0x49730 (size before relaxing)
 .debug_str     0x000562f2      0x40a src/ASF/sam/utils/cmsis/sam4s/source/templates/gcc/startup_sam4s.o
                              0x3aa84 (size before relaxing)
 .debug_str     0x000566fc       0xf1 src/ASF/sam/utils/cmsis/sam4s/source/templates/system_sam4s.o
                              0x3a851 (size before relaxing)
 .debug_str     0x000567ed     0x30d9 src/ASF/thirdparty/FreeRTOS/Source/list.o
                               0x877e (size before relaxing)
 .debug_str     0x000598c6      0xe72 src/ASF/thirdparty/FreeRTOS/Source/portable/gcc/sam/port.o
                               0x7283 (size before relaxing)
 .debug_str     0x0005a738      0x2bb src/ASF/thirdparty/FreeRTOS/Source/portable/memmang/heap_4.o
                               0x904f (size before relaxing)
 .debug_str     0x0005a9f3     0x113d src/ASF/thirdparty/FreeRTOS/Source/queue.o
                               0xa06e (size before relaxing)
 .debug_str     0x0005bb30     0x191c src/ASF/thirdparty/FreeRTOS/Source/tasks.o
                               0xa8ec (size before relaxing)
 .debug_str     0x0005d44c      0x47c src/ASF/thirdparty/FreeRTOS/Source/timers.o
                               0xa582 (size before relaxing)
 .debug_str     0x0005d8c8     0x1743 src/imagesensor_capture_example.o
                              0x5aae4 (size before relaxing)

.debug_frame    0x00000000     0x2068
 .debug_frame   0x00000000       0x58 src/ASF/common/services/clock/sam4s/sysclk.o
 .debug_frame   0x00000058       0x20 src/ASF/common/services/delay/sam/cycle_counter.o
 .debug_frame   0x00000078       0x2c src/ASF/sam/boards/sam4s_wpir_rd/init.o
 .debug_frame   0x000000a4      0x19c src/ASF/sam/components/cmos_image_sensor/ov7740/ov7740.o
 .debug_frame   0x00000240       0x50 src/ASF/sam/components/display/aat31xx/aat31xx.o
 .debug_frame   0x00000290      0x42c src/ASF/sam/components/display/ili9325/ili9325.o
 .debug_frame   0x000006bc       0x80 src/ASF/sam/drivers/ebi/smc/smc.o
 .debug_frame   0x0000073c      0x38c src/ASF/sam/drivers/pio/pio.o
 .debug_frame   0x00000ac8       0xf4 src/ASF/sam/drivers/pio/pio_handler.o
 .debug_frame   0x00000bbc      0x46c src/ASF/sam/drivers/pmc/pmc.o
 .debug_frame   0x00001028      0x1c0 src/ASF/sam/drivers/twi/twi.o
 .debug_frame   0x000011e8       0x38 src/ASF/sam/utils/cmsis/sam4s/source/templates/gcc/startup_sam4s.o
 .debug_frame   0x00001220       0x40 src/ASF/sam/utils/cmsis/sam4s/source/templates/system_sam4s.o
 .debug_frame   0x00001260       0x6c src/ASF/thirdparty/FreeRTOS/Source/list.o
 .debug_frame   0x000012cc      0x138 src/ASF/thirdparty/FreeRTOS/Source/portable/gcc/sam/port.o
 .debug_frame   0x00001404       0x98 src/ASF/thirdparty/FreeRTOS/Source/portable/memmang/heap_4.o
 .debug_frame   0x0000149c      0x33c src/ASF/thirdparty/FreeRTOS/Source/queue.o
 .debug_frame   0x000017d8      0x4a4 src/ASF/thirdparty/FreeRTOS/Source/tasks.o
 .debug_frame   0x00001c7c      0x198 src/ASF/thirdparty/FreeRTOS/Source/timers.o
 .debug_frame   0x00001e14      0x11c src/imagesensor_capture_example.o
 .debug_frame   0x00001f30       0x2c c:/program files (x86)/atmel/studio/7.0/toolchain/arm/arm-gnu-toolchain/bin/../lib/gcc/arm-none-eabi/4.9.3/../../../../arm-none-eabi/lib/armv7e-m\libc.a(lib_a-init.o)
 .debug_frame   0x00001f5c       0x34 c:/program files (x86)/atmel/studio/7.0/toolchain/arm/arm-gnu-toolchain/bin/../lib/gcc/arm-none-eabi/4.9.3/../../../../arm-none-eabi/lib/armv7e-m\libc.a(lib_a-memset.o)
 .debug_frame   0x00001f90       0x50 c:/program files (x86)/atmel/studio/7.0/toolchain/arm/arm-gnu-toolchain/bin/../lib/gcc/arm-none-eabi/4.9.3/../../../../arm-none-eabi/lib/armv7e-m\libc.a(lib_a-__call_atexit.o)
 .debug_frame   0x00001fe0       0x20 c:/program files (x86)/atmel/studio/7.0/toolchain/arm/arm-gnu-toolchain/bin/../lib/gcc/arm-none-eabi/4.9.3/../../../../arm-none-eabi/lib/armv7e-m\libc.a(lib_a-atexit.o)
 .debug_frame   0x00002000       0x34 c:/program files (x86)/atmel/studio/7.0/toolchain/arm/arm-gnu-toolchain/bin/../lib/gcc/arm-none-eabi/4.9.3/../../../../arm-none-eabi/lib/armv7e-m\libc.a(lib_a-fini.o)
 .debug_frame   0x00002034       0x34 c:/program files (x86)/atmel/studio/7.0/toolchain/arm/arm-gnu-toolchain/bin/../lib/gcc/arm-none-eabi/4.9.3/../../../../arm-none-eabi/lib/armv7e-m\libc.a(lib_a-__atexit.o)

Cross Reference Table

Symbol                                            File
ACC_Handler                                       src/ASF/sam/utils/cmsis/sam4s/source/templates/gcc/startup_sam4s.o
ADC_Handler                                       src/ASF/sam/utils/cmsis/sam4s/source/templates/gcc/startup_sam4s.o
BusFault_Handler                                  src/ASF/sam/utils/cmsis/sam4s/source/templates/gcc/startup_sam4s.o
CRCCU_Handler                                     src/ASF/sam/utils/cmsis/sam4s/source/templates/gcc/startup_sam4s.o
DACC_Handler                                      src/ASF/sam/utils/cmsis/sam4s/source/templates/gcc/startup_sam4s.o
DebugMon_Handler                                  src/ASF/sam/utils/cmsis/sam4s/source/templates/gcc/startup_sam4s.o
Dummy_Handler                                     src/ASF/sam/utils/cmsis/sam4s/source/templates/gcc/startup_sam4s.o
EFC0_Handler                                      src/ASF/sam/utils/cmsis/sam4s/source/templates/gcc/startup_sam4s.o
HSMCI_Handler                                     src/ASF/sam/utils/cmsis/sam4s/source/templates/gcc/startup_sam4s.o
HardFault_Handler                                 src/ASF/sam/utils/cmsis/sam4s/source/templates/gcc/startup_sam4s.o
MemManage_Handler                                 src/ASF/sam/utils/cmsis/sam4s/source/templates/gcc/startup_sam4s.o
NMI_Handler                                       src/ASF/sam/utils/cmsis/sam4s/source/templates/gcc/startup_sam4s.o
OV7740_QQVGA_RGB888                               src/ASF/sam/components/cmos_image_sensor/ov7740/ov7740_table_registers.o
                                                  src/ASF/sam/components/cmos_image_sensor/ov7740/ov7740.o
OV7740_QQVGA_YUV422                               src/ASF/sam/components/cmos_image_sensor/ov7740/ov7740_table_registers.o
                                                  src/ASF/sam/components/cmos_image_sensor/ov7740/ov7740.o
OV7740_QVGA_RGB888                                src/ASF/sam/components/cmos_image_sensor/ov7740/ov7740_table_registers.o
                                                  src/ASF/sam/components/cmos_image_sensor/ov7740/ov7740.o
OV7740_QVGA_YUV422_10FPS                          src/ASF/sam/components/cmos_image_sensor/ov7740/ov7740_table_registers.o
                                                  src/ASF/sam/components/cmos_image_sensor/ov7740/ov7740.o
OV7740_QVGA_YUV422_15FPS                          src/ASF/sam/components/cmos_image_sensor/ov7740/ov7740_table_registers.o
                                                  src/ASF/sam/components/cmos_image_sensor/ov7740/ov7740.o
OV7740_QVGA_YUV422_20FPS                          src/ASF/sam/components/cmos_image_sensor/ov7740/ov7740_table_registers.o
                                                  src/ASF/sam/components/cmos_image_sensor/ov7740/ov7740.o
OV7740_QVGA_YUV422_30FPS                          src/ASF/sam/components/cmos_image_sensor/ov7740/ov7740_table_registers.o
                                                  src/ASF/sam/components/cmos_image_sensor/ov7740/ov7740.o
OV7740_TEST_PATTERN                               src/ASF/sam/components/cmos_image_sensor/ov7740/ov7740_table_registers.o
                                                  src/ASF/sam/components/cmos_image_sensor/ov7740/ov7740.o
OV7740_VGA_YUV422_20FPS                           src/ASF/sam/components/cmos_image_sensor/ov7740/ov7740_table_registers.o
                                                  src/ASF/sam/components/cmos_image_sensor/ov7740/ov7740.o
PIOA_Handler                                      src/ASF/sam/drivers/pio/pio_handler.o
PIOB_Handler                                      src/ASF/sam/drivers/pio/pio_handler.o
PIOC_Handler                                      src/ASF/sam/drivers/pio/pio_handler.o
PMC_Handler                                       src/ASF/sam/utils/cmsis/sam4s/source/templates/gcc/startup_sam4s.o
PWM_Handler                                       src/ASF/sam/utils/cmsis/sam4s/source/templates/gcc/startup_sam4s.o
PendSV_Handler                                    src/ASF/thirdparty/FreeRTOS/Source/portable/gcc/sam/port.o
                                                  src/ASF/sam/utils/cmsis/sam4s/source/templates/gcc/startup_sam4s.o
RSTC_Handler                                      src/ASF/sam/utils/cmsis/sam4s/source/templates/gcc/startup_sam4s.o
RTC_Handler                                       src/ASF/sam/utils/cmsis/sam4s/source/templates/gcc/startup_sam4s.o
RTT_Handler                                       src/ASF/sam/utils/cmsis/sam4s/source/templates/gcc/startup_sam4s.o
Reset_Handler                                     src/ASF/sam/utils/cmsis/sam4s/source/templates/gcc/startup_sam4s.o
SPI_Handler                                       src/ASF/sam/utils/cmsis/sam4s/source/templates/gcc/startup_sam4s.o
SSC_Handler                                       src/ASF/sam/utils/cmsis/sam4s/source/templates/gcc/startup_sam4s.o
SUPC_Handler                                      src/ASF/sam/utils/cmsis/sam4s/source/templates/gcc/startup_sam4s.o
SVC_Handler                                       src/ASF/thirdparty/FreeRTOS/Source/portable/gcc/sam/port.o
                                                  src/ASF/sam/utils/cmsis/sam4s/source/templates/gcc/startup_sam4s.o
SysTick_Handler                                   src/ASF/thirdparty/FreeRTOS/Source/portable/gcc/sam/port.o
                                                  src/ASF/sam/utils/cmsis/sam4s/source/templates/gcc/startup_sam4s.o
SystemCoreClock                                   src/ASF/sam/utils/cmsis/sam4s/source/templates/system_sam4s.o
                                                  src/ASF/thirdparty/FreeRTOS/Source/portable/gcc/sam/port.o
SystemCoreClockUpdate                             src/ASF/sam/utils/cmsis/sam4s/source/templates/system_sam4s.o
                                                  src/ASF/common/services/clock/sam4s/sysclk.o
SystemInit                                        src/ASF/sam/utils/cmsis/sam4s/source/templates/system_sam4s.o
TC0_Handler                                       src/ASF/sam/utils/cmsis/sam4s/source/templates/gcc/startup_sam4s.o
TC1_Handler                                       src/ASF/sam/utils/cmsis/sam4s/source/templates/gcc/startup_sam4s.o
TC2_Handler                                       src/ASF/sam/utils/cmsis/sam4s/source/templates/gcc/startup_sam4s.o
TC3_Handler                                       src/ASF/sam/utils/cmsis/sam4s/source/templates/gcc/startup_sam4s.o
TC4_Handler                                       src/ASF/sam/utils/cmsis/sam4s/source/templates/gcc/startup_sam4s.o
TC5_Handler                                       src/ASF/sam/utils/cmsis/sam4s/source/templates/gcc/startup_sam4s.o
TWI0_Handler                                      src/ASF/sam/utils/cmsis/sam4s/source/templates/gcc/startup_sam4s.o
TWI1_Handler                                      src/ASF/sam/utils/cmsis/sam4s/source/templates/gcc/startup_sam4s.o
UART0_Handler                                     src/ASF/sam/utils/cmsis/sam4s/source/templates/gcc/startup_sam4s.o
UART1_Handler                                     src/ASF/sam/utils/cmsis/sam4s/source/templates/gcc/startup_sam4s.o
UDP_Handler                                       src/ASF/sam/utils/cmsis/sam4s/source/templates/gcc/startup_sam4s.o
USART0_Handler                                    src/ASF/sam/utils/cmsis/sam4s/source/templates/gcc/startup_sam4s.o
USART1_Handler                                    src/ASF/sam/utils/cmsis/sam4s/source/templates/gcc/startup_sam4s.o
UsageFault_Handler                                src/ASF/sam/utils/cmsis/sam4s/source/templates/gcc/startup_sam4s.o
WDT_Handler                                       src/ASF/sam/utils/cmsis/sam4s/source/templates/gcc/startup_sam4s.o
_Jv_RegisterClasses                               c:/program files (x86)/atmel/studio/7.0/toolchain/arm/arm-gnu-toolchain/bin/../lib/gcc/arm-none-eabi/4.9.3/armv7e-m/crtbegin.o
_PathLocale                                       c:/program files (x86)/atmel/studio/7.0/toolchain/arm/arm-gnu-toolchain/bin/../lib/gcc/arm-none-eabi/4.9.3/../../../../arm-none-eabi/lib/armv7e-m\libc.a(lib_a-locale.o)
__aeabi_idiv0                                     c:/program files (x86)/atmel/studio/7.0/toolchain/arm/arm-gnu-toolchain/bin/../lib/gcc/arm-none-eabi/4.9.3/armv7e-m\libgcc.a(_dvmd_tls.o)
__aeabi_ldiv0                                     c:/program files (x86)/atmel/studio/7.0/toolchain/arm/arm-gnu-toolchain/bin/../lib/gcc/arm-none-eabi/4.9.3/armv7e-m\libgcc.a(_dvmd_tls.o)
                                                  c:/program files (x86)/atmel/studio/7.0/toolchain/arm/arm-gnu-toolchain/bin/../lib/gcc/arm-none-eabi/4.9.3/armv7e-m\libgcc.a(_aeabi_uldivmod.o)
__aeabi_uldivmod                                  c:/program files (x86)/atmel/studio/7.0/toolchain/arm/arm-gnu-toolchain/bin/../lib/gcc/arm-none-eabi/4.9.3/armv7e-m\libgcc.a(_aeabi_uldivmod.o)
                                                  c:/program files (x86)/atmel/studio/7.0/toolchain/arm/arm-gnu-toolchain/bin/../lib/gcc/arm-none-eabi/4.9.3/../../../../arm-none-eabi/lib/armv7e-m\libc.a(lib_a-vfiprintf.o)
__ascii_wctomb                                    c:/program files (x86)/atmel/studio/7.0/toolchain/arm/arm-gnu-toolchain/bin/../lib/gcc/arm-none-eabi/4.9.3/../../../../arm-none-eabi/lib/armv7e-m\libc.a(lib_a-wctomb_r.o)
__bss_end__                                       c:/program files (x86)/atmel/studio/7.0/toolchain/arm/arm-gnu-toolchain/bin/../lib/gcc/arm-none-eabi/4.9.3/../../../../arm-none-eabi/lib/armv7e-m/crt0.o
__bss_start__                                     c:/program files (x86)/atmel/studio/7.0/toolchain/arm/arm-gnu-toolchain/bin/../lib/gcc/arm-none-eabi/4.9.3/../../../../arm-none-eabi/lib/armv7e-m/crt0.o
__call_exitprocs                                  c:/program files (x86)/atmel/studio/7.0/toolchain/arm/arm-gnu-toolchain/bin/../lib/gcc/arm-none-eabi/4.9.3/../../../../arm-none-eabi/lib/armv7e-m\libc.a(lib_a-__call_atexit.o)
                                                  c:/program files (x86)/atmel/studio/7.0/toolchain/arm/arm-gnu-toolchain/bin/../lib/gcc/arm-none-eabi/4.9.3/../../../../arm-none-eabi/lib/armv7e-m\libc.a(lib_a-exit.o)
__deregister_frame_info                           c:/program files (x86)/atmel/studio/7.0/toolchain/arm/arm-gnu-toolchain/bin/../lib/gcc/arm-none-eabi/4.9.3/armv7e-m/crtbegin.o
__divdi3                                          c:/program files (x86)/atmel/studio/7.0/toolchain/arm/arm-gnu-toolchain/bin/../lib/gcc/arm-none-eabi/4.9.3/armv7e-m\libgcc.a(_divdi3.o)
                                                  c:/program files (x86)/atmel/studio/7.0/toolchain/arm/arm-gnu-toolchain/bin/../lib/gcc/arm-none-eabi/4.9.3/armv7e-m\libgcc.a(bpabi.o)
__dso_handle                                      c:/program files (x86)/atmel/studio/7.0/toolchain/arm/arm-gnu-toolchain/bin/../lib/gcc/arm-none-eabi/4.9.3/armv7e-m/crtbegin.o
__fini_array_end                                  c:/program files (x86)/atmel/studio/7.0/toolchain/arm/arm-gnu-toolchain/bin/../lib/gcc/arm-none-eabi/4.9.3/../../../../arm-none-eabi/lib/armv7e-m\libc.a(lib_a-fini.o)
__fini_array_start                                c:/program files (x86)/atmel/studio/7.0/toolchain/arm/arm-gnu-toolchain/bin/../lib/gcc/arm-none-eabi/4.9.3/../../../../arm-none-eabi/lib/armv7e-m\libc.a(lib_a-fini.o)
__fp_lock_all                                     c:/program files (x86)/atmel/studio/7.0/toolchain/arm/arm-gnu-toolchain/bin/../lib/gcc/arm-none-eabi/4.9.3/../../../../arm-none-eabi/lib/armv7e-m\libc.a(lib_a-findfp.o)
__fp_unlock_all                                   c:/program files (x86)/atmel/studio/7.0/toolchain/arm/arm-gnu-toolchain/bin/../lib/gcc/arm-none-eabi/4.9.3/../../../../arm-none-eabi/lib/armv7e-m\libc.a(lib_a-findfp.o)
__fputwc                                          c:/program files (x86)/atmel/studio/7.0/toolchain/arm/arm-gnu-toolchain/bin/../lib/gcc/arm-none-eabi/4.9.3/../../../../arm-none-eabi/lib/armv7e-m\libc.a(lib_a-fputwc.o)
__gnu_ldivmod_helper                              c:/program files (x86)/atmel/studio/7.0/toolchain/arm/arm-gnu-toolchain/bin/../lib/gcc/arm-none-eabi/4.9.3/armv7e-m\libgcc.a(bpabi.o)
__gnu_uldivmod_helper                             c:/program files (x86)/atmel/studio/7.0/toolchain/arm/arm-gnu-toolchain/bin/../lib/gcc/arm-none-eabi/4.9.3/armv7e-m\libgcc.a(bpabi.o)
                                                  c:/program files (x86)/atmel/studio/7.0/toolchain/arm/arm-gnu-toolchain/bin/../lib/gcc/arm-none-eabi/4.9.3/armv7e-m\libgcc.a(_aeabi_uldivmod.o)
__init_array_end                                  c:/program files (x86)/atmel/studio/7.0/toolchain/arm/arm-gnu-toolchain/bin/../lib/gcc/arm-none-eabi/4.9.3/../../../../arm-none-eabi/lib/armv7e-m\libc.a(lib_a-init.o)
__init_array_start                                c:/program files (x86)/atmel/studio/7.0/toolchain/arm/arm-gnu-toolchain/bin/../lib/gcc/arm-none-eabi/4.9.3/../../../../arm-none-eabi/lib/armv7e-m\libc.a(lib_a-init.o)
__libc_fini                                       c:/program files (x86)/atmel/studio/7.0/toolchain/arm/arm-gnu-toolchain/bin/../lib/gcc/arm-none-eabi/4.9.3/../../../../arm-none-eabi/lib/armv7e-m\libc.a(lib_a-__call_atexit.o)
__libc_fini_array                                 c:/program files (x86)/atmel/studio/7.0/toolchain/arm/arm-gnu-toolchain/bin/../lib/gcc/arm-none-eabi/4.9.3/../../../../arm-none-eabi/lib/armv7e-m\libc.a(lib_a-fini.o)
                                                  c:/program files (x86)/atmel/studio/7.0/toolchain/arm/arm-gnu-toolchain/bin/../lib/gcc/arm-none-eabi/4.9.3/../../../../arm-none-eabi/lib/armv7e-m\libc.a(lib_a-__call_atexit.o)
                                                  c:/program files (x86)/atmel/studio/7.0/toolchain/arm/arm-gnu-toolchain/bin/../lib/gcc/arm-none-eabi/4.9.3/../../../../arm-none-eabi/lib/armv7e-m/crt0.o
__libc_init_array                                 c:/program files (x86)/atmel/studio/7.0/toolchain/arm/arm-gnu-toolchain/bin/../lib/gcc/arm-none-eabi/4.9.3/../../../../arm-none-eabi/lib/armv7e-m\libc.a(lib_a-init.o)
                                                  src/ASF/sam/utils/cmsis/sam4s/source/templates/gcc/startup_sam4s.o