Archive member included because of file (symbol)

c:/program files (x86)/atmel/studio/7.0/toolchain/arm/arm-gnu-toolchain/bin/../lib/gcc/arm-none-eabi/4.9.3/armv7e-m\libgcc.a(_arm_cmpdf2.o)
                              src/ASF/thirdparty/zbar/svg.o (__aeabi_dcmpeq)
c:/program files (x86)/atmel/studio/7.0/toolchain/arm/arm-gnu-toolchain/bin/../lib/gcc/arm-none-eabi/4.9.3/../../../../arm-none-eabi/lib/armv7e-m\libc.a(lib_a-assert.o)
                              src/ASF/thirdparty/zbar/error.o (__assert_func)
c:/program files (x86)/atmel/studio/7.0/toolchain/arm/arm-gnu-toolchain/bin/../lib/gcc/arm-none-eabi/4.9.3/../../../../arm-none-eabi/lib/armv7e-m\libc.a(lib_a-exit.o)
                              c:/program files (x86)/atmel/studio/7.0/toolchain/arm/arm-gnu-toolchain/bin/../lib/gcc/arm-none-eabi/4.9.3/../../../../arm-none-eabi/lib/armv7e-m/crt0.o (exit)
c:/program files (x86)/atmel/studio/7.0/toolchain/arm/arm-gnu-toolchain/bin/../lib/gcc/arm-none-eabi/4.9.3/../../../../arm-none-eabi/lib/armv7e-m\libc.a(lib_a-fclose.o)
                              src/ASF/thirdparty/zbar/image.o (fclose)
c:/program files (x86)/atmel/studio/7.0/toolchain/arm/arm-gnu-toolchain/bin/../lib/gcc/arm-none-eabi/4.9.3/../../../../arm-none-eabi/lib/armv7e-m\libc.a(lib_a-fflush.o)
                              c:/program files (x86)/atmel/studio/7.0/toolchain/arm/arm-gnu-toolchain/bin/../lib/gcc/arm-none-eabi/4.9.3/../../../../arm-none-eabi/lib/armv7e-m\libc.a(lib_a-fclose.o) (__sflush_r)
c:/program files (x86)/atmel/studio/7.0/toolchain/arm/arm-gnu-toolchain/bin/../lib/gcc/arm-none-eabi/4.9.3/../../../../arm-none-eabi/lib/armv7e-m\libc.a(lib_a-findfp.o)
                              c:/program files (x86)/atmel/studio/7.0/toolchain/arm/arm-gnu-toolchain/bin/../lib/gcc/arm-none-eabi/4.9.3/../../../../arm-none-eabi/lib/armv7e-m\libc.a(lib_a-fclose.o) (__sinit)
c:/program files (x86)/atmel/studio/7.0/toolchain/arm/arm-gnu-toolchain/bin/../lib/gcc/arm-none-eabi/4.9.3/../../../../arm-none-eabi/lib/armv7e-m\libc.a(lib_a-fiprintf.o)
                              c:/program files (x86)/atmel/studio/7.0/toolchain/arm/arm-gnu-toolchain/bin/../lib/gcc/arm-none-eabi/4.9.3/../../../../arm-none-eabi/lib/armv7e-m\libc.a(lib_a-assert.o) (fiprintf)
c:/program files (x86)/atmel/studio/7.0/toolchain/arm/arm-gnu-toolchain/bin/../lib/gcc/arm-none-eabi/4.9.3/../../../../arm-none-eabi/lib/armv7e-m\libc.a(lib_a-fopen.o)
                              src/ASF/thirdparty/zbar/image.o (fopen)
c:/program files (x86)/atmel/studio/7.0/toolchain/arm/arm-gnu-toolchain/bin/../lib/gcc/arm-none-eabi/4.9.3/../../../../arm-none-eabi/lib/armv7e-m\libc.a(lib_a-fprintf.o)
                              src/ASF/thirdparty/zbar/code128.o (fprintf)
c:/program files (x86)/atmel/studio/7.0/toolchain/arm/arm-gnu-toolchain/bin/../lib/gcc/arm-none-eabi/4.9.3/../../../../arm-none-eabi/lib/armv7e-m\libc.a(lib_a-fputc.o)
                              src/ASF/thirdparty/zbar/svg.o (fputc)
c:/program files (x86)/atmel/studio/7.0/toolchain/arm/arm-gnu-toolchain/bin/../lib/gcc/arm-none-eabi/4.9.3/../../../../arm-none-eabi/lib/armv7e-m\libc.a(lib_a-fputs.o)
                              src/ASF/thirdparty/zbar/error.o (fputs)
c:/program files (x86)/atmel/studio/7.0/toolchain/arm/arm-gnu-toolchain/bin/../lib/gcc/arm-none-eabi/4.9.3/../../../../arm-none-eabi/lib/armv7e-m\libc.a(lib_a-freer.o)
                              c:/program files (x86)/atmel/studio/7.0/toolchain/arm/arm-gnu-toolchain/bin/../lib/gcc/arm-none-eabi/4.9.3/../../../../arm-none-eabi/lib/armv7e-m\libc.a(lib_a-fclose.o) (_free_r)
c:/program files (x86)/atmel/studio/7.0/toolchain/arm/arm-gnu-toolchain/bin/../lib/gcc/arm-none-eabi/4.9.3/../../../../arm-none-eabi/lib/armv7e-m\libc.a(lib_a-fseek.o)
                              c:/program files (x86)/atmel/studio/7.0/toolchain/arm/arm-gnu-toolchain/bin/../lib/gcc/arm-none-eabi/4.9.3/../../../../arm-none-eabi/lib/armv7e-m\libc.a(lib_a-fopen.o) (_fseek_r)
c:/program files (x86)/atmel/studio/7.0/toolchain/arm/arm-gnu-toolchain/bin/../lib/gcc/arm-none-eabi/4.9.3/../../../../arm-none-eabi/lib/armv7e-m\libc.a(lib_a-fseeko.o)
                              c:/program files (x86)/atmel/studio/7.0/toolchain/arm/arm-gnu-toolchain/bin/../lib/gcc/arm-none-eabi/4.9.3/../../../../arm-none-eabi/lib/armv7e-m\libc.a(lib_a-fseek.o) (_fseeko_r)
c:/program files (x86)/atmel/studio/7.0/toolchain/arm/arm-gnu-toolchain/bin/../lib/gcc/arm-none-eabi/4.9.3/../../../../arm-none-eabi/lib/armv7e-m\libc.a(lib_a-fstatr.o)
                              c:/program files (x86)/atmel/studio/7.0/toolchain/arm/arm-gnu-toolchain/bin/../lib/gcc/arm-none-eabi/4.9.3/../../../../arm-none-eabi/lib/armv7e-m\libc.a(lib_a-fseeko.o) (_fstat_r)
c:/program files (x86)/atmel/studio/7.0/toolchain/arm/arm-gnu-toolchain/bin/../lib/gcc/arm-none-eabi/4.9.3/../../../../arm-none-eabi/lib/armv7e-m\libc.a(lib_a-fvwrite.o)
[...]
Memory Configuration

Name             Origin             Length             Attributes
rom              0x00400000         0x00100000         xr
ram              0x20000000         0x00020000         xrw
*default*        0x00000000         0xffffffff

Linker script and memory map

LOAD c:/program files (x86)/atmel/studio/7.0/toolchain/arm/arm-gnu-toolchain/bin/../lib/gcc/arm-none-eabi/4.9.3/armv7e-m/crti.o
LOAD c:/program files (x86)/atmel/studio/7.0/toolchain/arm/arm-gnu-toolchain/bin/../lib/gcc/arm-none-eabi/4.9.3/armv7e-m/crtbegin.o
LOAD c:/program files (x86)/atmel/studio/7.0/toolchain/arm/arm-gnu-toolchain/bin/../lib/gcc/arm-none-eabi/4.9.3/../../../../arm-none-eabi/lib/armv7e-m/crt0.o
LOAD src/ASF/common/services/clock/sam4s/sysclk.o
LOAD src/ASF/common/services/delay/sam/cycle_counter.o
LOAD src/ASF/common/services/serial/usart_serial.o
LOAD src/ASF/common/utils/interrupt/interrupt_sam_nvic.o
LOAD src/ASF/common/utils/stdio/read.o
LOAD src/ASF/common/utils/stdio/write.o
LOAD src/ASF/sam/boards/sam4s_wpir_rd/init.o
LOAD src/ASF/sam/components/cmos_image_sensor/ov7740/ov7740.o
LOAD src/ASF/sam/components/cmos_image_sensor/ov7740/ov7740_table_registers.o
LOAD src/ASF/sam/components/display/aat31xx/aat31xx.o
LOAD src/ASF/sam/components/display/ili9325/ili9325.o
LOAD src/ASF/sam/drivers/ebi/smc/smc.o
LOAD src/ASF/sam/drivers/pio/pio.o
LOAD src/ASF/sam/drivers/pio/pio_handler.o
LOAD src/ASF/sam/drivers/pmc/pmc.o
LOAD src/ASF/sam/drivers/pmc/sleep.o
LOAD src/ASF/sam/drivers/twi/twi.o
LOAD src/ASF/sam/drivers/uart/uart.o
LOAD src/ASF/sam/drivers/usart/usart.o
LOAD src/ASF/sam/utils/cmsis/sam4s/source/templates/gcc/startup_sam4s.o
LOAD src/ASF/sam/utils/cmsis/sam4s/source/templates/system_sam4s.o
LOAD src/ASF/sam/utils/syscalls/gcc/syscalls.o
LOAD src/ASF/thirdparty/FreeRTOS/Source/event_groups.o
LOAD src/ASF/thirdparty/FreeRTOS/Source/list.o
LOAD src/ASF/thirdparty/FreeRTOS/Source/portable/gcc/sam/port.o
LOAD src/ASF/thirdparty/FreeRTOS/Source/portable/memmang/heap_4.o
LOAD src/ASF/thirdparty/FreeRTOS/Source/queue.o
LOAD src/ASF/thirdparty/FreeRTOS/Source/tasks.o
LOAD src/ASF/thirdparty/FreeRTOS/Source/timers.o
LOAD src/ASF/thirdparty/zbar/code128.o
LOAD src/ASF/thirdparty/zbar/code39.o
LOAD src/ASF/thirdparty/zbar/config.o
LOAD src/ASF/thirdparty/zbar/decoder.o
LOAD src/ASF/thirdparty/zbar/ean.o
LOAD src/ASF/thirdparty/zbar/error.o
LOAD src/ASF/thirdparty/zbar/image.o
LOAD src/ASF/thirdparty/zbar/img_scanner.o
LOAD src/ASF/thirdparty/zbar/refcnt.o
LOAD src/ASF/thirdparty/zbar/scanner.o
LOAD src/ASF/thirdparty/zbar/svg.o
LOAD src/ASF/thirdparty/zbar/symbol.o
LOAD src/imagesensor_capture_example.o
START GROUP
LOAD ../src/ASF/thirdparty/CMSIS/Lib/GCC\libarm_cortexM4l_math.a
LOAD c:/program files (x86)/atmel/studio/7.0/toolchain/arm/arm-gnu-toolchain/bin/../lib/gcc/arm-none-eabi/4.9.3/../../../../arm-none-eabi/lib/armv7e-m\libm.a
END GROUP
START GROUP
LOAD c:/program files (x86)/atmel/studio/7.0/toolchain/arm/arm-gnu-toolchain/bin/../lib/gcc/arm-none-eabi/4.9.3/armv7e-m\libgcc.a
LOAD c:/program files (x86)/atmel/studio/7.0/toolchain/arm/arm-gnu-toolchain/bin/../lib/gcc/arm-none-eabi/4.9.3/../../../../arm-none-eabi/lib/armv7e-m\libc.a
END GROUP
LOAD c:/program files (x86)/atmel/studio/7.0/toolchain/arm/arm-gnu-toolchain/bin/../lib/gcc/arm-none-eabi/4.9.3/armv7e-m/crtend.o
LOAD c:/program files (x86)/atmel/studio/7.0/toolchain/arm/arm-gnu-toolchain/bin/../lib/gcc/arm-none-eabi/4.9.3/armv7e-m/crtn.o
                0x00003000                __stack_size__ = DEFINED (__stack_size__)?__stack_size__:0x3000
                0x2001fffc                __ram_end__ = ((ORIGIN (ram) + 0x20000) - 0x4)

.text           0x00400000    0x11dc4
                0x00400000                . = ALIGN (0x4)
                0x00400000                _sfixed = .
 *(.vectors .vectors.*)
 .vectors       0x00400000       0xcc src/ASF/sam/utils/cmsis/sam4s/source/templates/gcc/startup_sam4s.o
                0x00400000                exception_table
 *(.text .text.* .gnu.linkonce.t.*)
 .text          0x004000cc       0x5c c:/program files (x86)/atmel/studio/7.0/toolchain/arm/arm-gnu-toolchain/bin/../lib/gcc/arm-none-eabi/4.9.3/armv7e-m/crtbegin.o
 .text.sysclk_init
                0x00400128       0x64 src/ASF/common/services/clock/sam4s/sysclk.o
                0x00400128                sysclk_init
 .text._read    0x0040018c       0x3c src/ASF/common/utils/stdio/read.o
                0x0040018c                _read
 .text._write   0x004001c8       0x50 src/ASF/common/utils/stdio/write.o
                0x004001c8                _write
 .text.board_init
                0x00400218      0x1b8 src/ASF/sam/boards/sam4s_wpir_rd/init.o
                0x00400218                board_init
 .text.ov_power
                0x004003d0       0x20 src/ASF/sam/components/cmos_image_sensor/ov7740/ov7740.o
                0x004003d0                ov_power
 .text.ov_read_reg
                0x004003f0        0xc src/ASF/sam/components/cmos_image_sensor/ov7740/ov7740.o
                0x004003f0                ov_read_reg
 .text.ov_write_reg
                0x004003fc        0xc src/ASF/sam/components/cmos_image_sensor/ov7740/ov7740.o
                0x004003fc                ov_write_reg
 .text.ov_write_regs
                0x00400408       0x60 src/ASF/sam/components/cmos_image_sensor/ov7740/ov7740.o
                0x00400408                ov_write_regs
 .text.ov_init  0x00400468      0x118 src/ASF/sam/components/cmos_image_sensor/ov7740/ov7740.o
                0x00400468                ov_init
 .text.ov_configure
                0x00400580       0x6c src/ASF/sam/components/cmos_image_sensor/ov7740/ov7740.o
                0x00400580                ov_configure
 .text.aat31xx_set_backlight
                0x004005ec       0x5c src/ASF/sam/components/display/aat31xx/aat31xx.o
                0x004005ec                aat31xx_set_backlight
 .text.aat31xx_disable_backlight
                0x00400648       0x24 src/ASF/sam/components/display/aat31xx/aat31xx.o
                0x00400648                aat31xx_disable_backlight
 .text.ili9325_write_ram
                0x0040066c       0x18 src/ASF/sam/components/display/ili9325/ili9325.o
 .text.ili9325_write_register
                0x00400684       0x18 src/ASF/sam/components/display/ili9325/ili9325.o
 .text.ili9325_delay
                0x0040069c       0x38 src/ASF/sam/components/display/ili9325/ili9325.o
 .text.ili9325_display_on
                0x004006d4       0x14 src/ASF/sam/components/display/ili9325/ili9325.o
                0x004006d4                ili9325_display_on
 .text.ili9325_set_foreground_color
                0x004006e8       0x18 src/ASF/sam/components/display/ili9325/ili9325.o
                0x004006e8                ili9325_set_foreground_color
 .text.ili9325_set_window
                0x00400700       0x3c src/ASF/sam/components/display/ili9325/ili9325.o
                0x00400700                ili9325_set_window
 .text.ili9325_set_cursor_position
                0x0040073c       0x1c src/ASF/sam/components/display/ili9325/ili9325.o
                0x0040073c                ili9325_set_cursor_position
 .text.ili9325_init
                0x00400758      0x1a4 src/ASF/sam/components/display/ili9325/ili9325.o
                0x00400758                ili9325_init
 .text.ili9325_fill
                0x004008fc       0x30 src/ASF/sam/components/display/ili9325/ili9325.o
                0x004008fc                ili9325_fill
 .text.ili9325_draw_pixel
                0x0040092c       0x40 src/ASF/sam/components/display/ili9325/ili9325.o
                0x0040092c                ili9325_draw_pixel
 .text.ili9325_draw_prepare
                0x0040096c       0x28 src/ASF/sam/components/display/ili9325/ili9325.o
                0x0040096c                ili9325_draw_prepare
 .text.ili9325_draw_string
                0x00400994       0xac src/ASF/sam/components/display/ili9325/ili9325.o
                0x00400994                ili9325_draw_string
 .text.smc_set_setup_timing
                0x00400a40        0x8 src/ASF/sam/drivers/ebi/smc/smc.o
                0x00400a40                smc_set_setup_timing
 .text.smc_set_pulse_timing
                0x00400a48        0x8 src/ASF/sam/drivers/ebi/smc/smc.o
                0x00400a48                smc_set_pulse_timing
 .text.smc_set_cycle_timing
                0x00400a50        0x8 src/ASF/sam/drivers/ebi/smc/smc.o
                0x00400a50                smc_set_cycle_timing
 .text.smc_set_mode
                0x00400a58        0x8 src/ASF/sam/drivers/ebi/smc/smc.o
                0x00400a58                smc_set_mode
 .text.pio_set_debounce_filter
                0x00400a60       0x1c src/ASF/sam/drivers/pio/pio.o
                0x00400a60                pio_set_debounce_filter
 .text.pio_set  0x00400a7c        0x4 src/ASF/sam/drivers/pio/pio.o
                0x00400a7c                pio_set
 .text.pio_clear
                0x00400a80        0x4 src/ASF/sam/drivers/pio/pio.o
                0x00400a80                pio_clear
 .text.pio_set_peripheral
                0x00400a84       0x94 src/ASF/sam/drivers/pio/pio.o
                0x00400a84                pio_set_peripheral
 .text.pio_set_input
                0x00400b18       0x34 src/ASF/sam/drivers/pio/pio.o
                0x00400b18                pio_set_input
 .text.pio_set_output
                0x00400b4c       0x28 src/ASF/sam/drivers/pio/pio.o
                0x00400b4c                pio_set_output
 .text.pio_configure_interrupt
                0x00400b74       0x30 src/ASF/sam/drivers/pio/pio.o
                0x00400b74                pio_configure_interrupt
 .text.pio_enable_interrupt
                0x00400ba4        0x8 src/ASF/sam/drivers/pio/pio.o
                0x00400ba4                pio_enable_interrupt
 .text.pio_disable_interrupt
                0x00400bac        0x4 src/ASF/sam/drivers/pio/pio.o
                0x00400bac                pio_disable_interrupt
 .text.pio_get_interrupt_status
                0x00400bb0        0x4 src/ASF/sam/drivers/pio/pio.o
                0x00400bb0                pio_get_interrupt_status
 .text.pio_get_interrupt_mask
                0x00400bb4        0x4 src/ASF/sam/drivers/pio/pio.o
                0x00400bb4                pio_get_interrupt_mask
 .text.pio_set_pin_high
                0x00400bb8       0x18 src/ASF/sam/drivers/pio/pio.o
                0x00400bb8                pio_set_pin_high
 .text.pio_set_pin_low
                0x00400bd0       0x18 src/ASF/sam/drivers/pio/pio.o
                0x00400bd0                pio_set_pin_low
 .text.pio_toggle_pin
                0x00400be8       0x20 src/ASF/sam/drivers/pio/pio.o
                0x00400be8                pio_toggle_pin
 .text.pio_configure_pin
                0x00400c08      0x124 src/ASF/sam/drivers/pio/pio.o
                0x00400c08                pio_configure_pin
 .text.pio_capture_enable
                0x00400d2c       0x18 src/ASF/sam/drivers/pio/pio.o
                0x00400d2c                pio_capture_enable
 .text.pio_capture_disable
                0x00400d44       0x18 src/ASF/sam/drivers/pio/pio.o
                0x00400d44                pio_capture_disable
 .text.pio_handler_process
                0x00400d5c       0x68 src/ASF/sam/drivers/pio/pio_handler.o
                0x00400d5c                pio_handler_process
 .text.pio_handler_set
                0x00400dc4       0x40 src/ASF/sam/drivers/pio/pio_handler.o
                0x00400dc4                pio_handler_set
 .text.PIOA_Handler
                0x00400e04       0x14 src/ASF/sam/drivers/pio/pio_handler.o
                0x00400e04                PIOA_Handler
 .text.PIOB_Handler
                0x00400e18       0x14 src/ASF/sam/drivers/pio/pio_handler.o
                0x00400e18                PIOB_Handler
 .text.PIOC_Handler
                0x00400e2c       0x14 src/ASF/sam/drivers/pio/pio_handler.o
                0x00400e2c                PIOC_Handler
 .text.pmc_switch_mck_to_pllbck
                0x00400e40       0x64 src/ASF/sam/drivers/pmc/pmc.o
                0x00400e40                pmc_switch_mck_to_pllbck
 .text.pmc_switch_mainck_to_xtal
                0x00400ea4       0x54 src/ASF/sam/drivers/pmc/pmc.o
                0x00400ea4                pmc_switch_mainck_to_xtal
 .text.pmc_osc_is_ready_mainck
                0x00400ef8       0x10 src/ASF/sam/drivers/pmc/pmc.o
                0x00400ef8                pmc_osc_is_ready_mainck
 .text.pmc_enable_pllack
                0x00400f08       0x3c src/ASF/sam/drivers/pmc/pmc.o
                0x00400f08                pmc_enable_pllack
 .text.pmc_disable_pllbck
                0x00400f44        0xc src/ASF/sam/drivers/pmc/pmc.o
                0x00400f44                pmc_disable_pllbck
 .text.pmc_is_locked_pllbck
                0x00400f50       0x10 src/ASF/sam/drivers/pmc/pmc.o
                0x00400f50                pmc_is_locked_pllbck
 .text.pmc_enable_periph_clk
                0x00400f60       0x54 src/ASF/sam/drivers/pmc/pmc.o
                0x00400f60                pmc_enable_periph_clk
 .text.twi_set_speed
                0x00400fb4       0x44 src/ASF/sam/drivers/twi/twi.o
                0x00400fb4                twi_set_speed
 .text.twi_master_init
                0x00400ff8       0x40 src/ASF/sam/drivers/twi/twi.o
                0x00400ff8                twi_master_init
 .text.twi_master_read
                0x00401038       0xe0 src/ASF/sam/drivers/twi/twi.o
                0x00401038                twi_master_read
 .text.twi_master_write
                0x00401118       0xa0 src/ASF/sam/drivers/twi/twi.o
                0x00401118                twi_master_write
 .text.Dummy_Handler
                0x004011b8        0x4 src/ASF/sam/utils/cmsis/sam4s/source/templates/gcc/startup_sam4s.o
                0x004011b8                DACC_Handler
                0x004011b8                DebugMon_Handler
                0x004011b8                HardFault_Handler
                0x004011b8                TC2_Handler
                0x004011b8                SPI_Handler
                0x004011b8                TWI1_Handler
                0x004011b8                NMI_Handler
                0x004011b8                ADC_Handler
                0x004011b8                CRCCU_Handler
                0x004011b8                USART0_Handler
                0x004011b8                RTT_Handler
                0x004011b8                RTC_Handler
                0x004011b8                UsageFault_Handler
                0x004011b8                WDT_Handler
                0x004011b8                TC4_Handler
                0x004011b8                TC1_Handler
                0x004011b8                HSMCI_Handler
                0x004011b8                UART1_Handler
                0x004011b8                TC3_Handler
                0x004011b8                Dummy_Handler
                0x004011b8                TWI0_Handler
                0x004011b8                USART1_Handler
                0x004011b8                SSC_Handler
                0x004011b8                EFC0_Handler
                0x004011b8                ACC_Handler
                0x004011b8                PMC_Handler
                0x004011b8                PWM_Handler
                0x004011b8                MemManage_Handler
                0x004011b8                SUPC_Handler
                0x004011b8                UART0_Handler
                0x004011b8                UDP_Handler
                0x004011b8                BusFault_Handler
                0x004011b8                RSTC_Handler
                0x004011b8                TC0_Handler
                0x004011b8                TC5_Handler
 .text.Reset_Handler
                0x004011bc       0xb0 src/ASF/sam/utils/cmsis/sam4s/source/templates/gcc/startup_sam4s.o
                0x004011bc                Reset_Handler
 .text.SystemCoreClockUpdate
                0x0040126c      0x114 src/ASF/sam/utils/cmsis/sam4s/source/templates/system_sam4s.o
                0x0040126c                SystemCoreClockUpdate
 .text.system_init_flash
                0x00401380       0x74 src/ASF/sam/utils/cmsis/sam4s/source/templates/system_sam4s.o
                0x00401380                system_init_flash
 .text._sbrk    0x004013f4       0x34 src/ASF/sam/utils/syscalls/gcc/syscalls.o
                0x004013f4                _sbrk
 .text._close   0x00401428        0x8 src/ASF/sam/utils/syscalls/gcc/syscalls.o
                0x00401428                _close
 .text._fstat   0x00401430        0xc src/ASF/sam/utils/syscalls/gcc/syscalls.o
                0x00401430                _fstat
 .text._isatty  0x0040143c        0x4 src/ASF/sam/utils/syscalls/gcc/syscalls.o
                0x0040143c                _isatty
 .text._lseek   0x00401440        0x4 src/ASF/sam/utils/syscalls/gcc/syscalls.o
                0x00401440                _lseek
 .text._exit    0x00401444       0x14 src/ASF/sam/utils/syscalls/gcc/syscalls.o
                0x00401444                _exit
 .text._kill    0x00401458        0x4 src/ASF/sam/utils/syscalls/gcc/syscalls.o
                0x00401458                _kill
 .text._getpid  0x0040145c        0x8 src/ASF/sam/utils/syscalls/gcc/syscalls.o
                0x0040145c                _getpid
 .text.vListInitialise
                0x00401464       0x18 src/ASF/thirdparty/FreeRTOS/Source/list.o
                0x00401464                vListInitialise
 .text.vListInitialiseItem
                0x0040147c        0x8 src/ASF/thirdparty/FreeRTOS/Source/list.o
                0x0040147c                vListInitialiseItem
 .text.vListInsertEnd
                0x00401484       0x18 src/ASF/thirdparty/FreeRTOS/Source/list.o
                0x00401484                vListInsertEnd
 .text.vListInsert
                0x0040149c       0x34 src/ASF/thirdparty/FreeRTOS/Source/list.o
                0x0040149c                vListInsert
 .text.uxListRemove
                0x004014d0       0x24 src/ASF/thirdparty/FreeRTOS/Source/list.o
                0x004014d0                uxListRemove
 .text.prvPortStartFirstTask
                0x004014f4       0x20 src/ASF/thirdparty/FreeRTOS/Source/portable/gcc/sam/port.o
 .text.pxPortInitialiseStack
                0x00401514       0x20 src/ASF/thirdparty/FreeRTOS/Source/portable/gcc/sam/port.o
                0x00401514                pxPortInitialiseStack
 .text.SVC_Handler
                0x00401534       0x24 src/ASF/thirdparty/FreeRTOS/Source/portable/gcc/sam/port.o
                0x00401534                SVC_Handler
 .text.vPortYield
                0x00401558       0x18 src/ASF/thirdparty/FreeRTOS/Source/portable/gcc/sam/port.o
                0x00401558                vPortYield
 .text.ulPortSetInterruptMask
                0x00401570       0x10 src/ASF/thirdparty/FreeRTOS/Source/portable/gcc/sam/port.o
                0x00401570                ulPortSetInterruptMask
 .text.prvTaskExitError
                0x00401580       0x20 src/ASF/thirdparty/FreeRTOS/Source/portable/gcc/sam/port.o
 .text.vPortEnterCritical
                0x004015a0       0x38 src/ASF/thirdparty/FreeRTOS/Source/portable/gcc/sam/port.o
                0x004015a0                vPortEnterCritical
 .text.vPortClearInterruptMask
                0x004015d8        0x8 src/ASF/thirdparty/FreeRTOS/Source/portable/gcc/sam/port.o
                0x004015d8                vPortClearInterruptMask
 .text.vPortExitCritical
                0x004015e0       0x2c src/ASF/thirdparty/FreeRTOS/Source/portable/gcc/sam/port.o
                0x004015e0                vPortExitCritical
 .text.PendSV_Handler
                0x0040160c       0x44 src/ASF/thirdparty/FreeRTOS/Source/portable/gcc/sam/port.o
                0x0040160c                PendSV_Handler
 .text.SysTick_Handler
                0x00401650       0x2c src/ASF/thirdparty/FreeRTOS/Source/portable/gcc/sam/port.o
                0x00401650                SysTick_Handler
 .text.vPortSetupTimerInterrupt
                0x0040167c       0x2c src/ASF/thirdparty/FreeRTOS/Source/portable/gcc/sam/port.o
                0x0040167c                vPortSetupTimerInterrupt
 .text.xPortStartScheduler
                0x004016a8       0xb0 src/ASF/thirdparty/FreeRTOS/Source/portable/gcc/sam/port.o
                0x004016a8                xPortStartScheduler
 .text.vPortValidateInterruptPriority
                0x00401758       0x4c src/ASF/thirdparty/FreeRTOS/Source/portable/gcc/sam/port.o
                0x00401758                vPortValidateInterruptPriority
 .text.prvInsertBlockIntoFreeList
                0x004017a4       0x58 src/ASF/thirdparty/FreeRTOS/Source/portable/memmang/heap_4.o
 .text.pvPortMalloc
                0x004017fc      0x138 src/ASF/thirdparty/FreeRTOS/Source/portable/memmang/heap_4.o
                0x004017fc                pvPortMalloc
 .text.pvPortCalloc
                0x00401934       0x24 src/ASF/thirdparty/FreeRTOS/Source/portable/memmang/heap_4.o
                0x00401934                pvPortCalloc
 .text.vPortFree
                0x00401958       0x64 src/ASF/thirdparty/FreeRTOS/Source/portable/memmang/heap_4.o
                0x00401958                vPortFree
 .text.prvCopyDataToQueue
                0x004019bc       0x84 src/ASF/thirdparty/FreeRTOS/Source/queue.o
 .text.prvNotifyQueueSetContainer
                0x00401a40       0x68 src/ASF/thirdparty/FreeRTOS/Source/queue.o
 .text.prvCopyDataFromQueue
                0x00401aa8       0x28 src/ASF/thirdparty/FreeRTOS/Source/queue.o
 .text.prvUnlockQueue
                0x00401ad0       0x9c src/ASF/thirdparty/FreeRTOS/Source/queue.o
 .text.xQueueGenericReset
                0x00401b6c       0x7c src/ASF/thirdparty/FreeRTOS/Source/queue.o
                0x00401b6c                xQueueGenericReset
 .text.xQueueGenericCreate
                0x00401be8       0x60 src/ASF/thirdparty/FreeRTOS/Source/queue.o
                0x00401be8                xQueueGenericCreate
 .text.xQueueGenericSend
                0x00401c48      0x174 src/ASF/thirdparty/FreeRTOS/Source/queue.o
                0x00401c48                xQueueGenericSend
 .text.xQueueGenericSendFromISR
                0x00401dbc       0xd4 src/ASF/thirdparty/FreeRTOS/Source/queue.o
                0x00401dbc                xQueueGenericSendFromISR
 .text.xQueueGiveFromISR
                0x00401e90       0xb4 src/ASF/thirdparty/FreeRTOS/Source/queue.o
                0x00401e90                xQueueGiveFromISR
 .text.xQueueGenericReceive
                0x00401f44      0x16c src/ASF/thirdparty/FreeRTOS/Source/queue.o
                0x00401f44                xQueueGenericReceive
 .text.vQueueWaitForMessageRestricted
                0x004020b0       0x50 src/ASF/thirdparty/FreeRTOS/Source/queue.o
                0x004020b0                vQueueWaitForMessageRestricted
 .text.prvResetNextTaskUnblockTime
                0x00402100       0x2c src/ASF/thirdparty/FreeRTOS/Source/tasks.o
 .text.prvAddCurrentTaskToDelayedList
                0x0040212c       0x58 src/ASF/thirdparty/FreeRTOS/Source/tasks.o
 .text.xTaskGenericCreate
                0x00402184      0x200 src/ASF/thirdparty/FreeRTOS/Source/tasks.o
                0x00402184                xTaskGenericCreate
 .text.vTaskStartScheduler
                0x00402384       0x74 src/ASF/thirdparty/FreeRTOS/Source/tasks.o
                0x00402384                vTaskStartScheduler
 .text.vTaskSuspendAll
                0x004023f8       0x10 src/ASF/thirdparty/FreeRTOS/Source/tasks.o
                0x004023f8                vTaskSuspendAll
 .text.xTaskGetTickCount
                0x00402408        0xc src/ASF/thirdparty/FreeRTOS/Source/tasks.o
                0x00402408                xTaskGetTickCount
 .text.xTaskIncrementTick
                0x00402414      0x13c src/ASF/thirdparty/FreeRTOS/Source/tasks.o
                0x00402414                xTaskIncrementTick
 .text.xTaskResumeAll
                0x00402550      0x100 src/ASF/thirdparty/FreeRTOS/Source/tasks.o
                0x00402550                xTaskResumeAll
 .text.vTaskDelay
                0x00402650       0x78 src/ASF/thirdparty/FreeRTOS/Source/tasks.o
                0x00402650                vTaskDelay
 .text.prvIdleTask
                0x004026c8       0x8c src/ASF/thirdparty/FreeRTOS/Source/tasks.o
 .text.vTaskSwitchContext
                0x00402754       0xc0 src/ASF/thirdparty/FreeRTOS/Source/tasks.o
                0x00402754                vTaskSwitchContext
 .text.vTaskPlaceOnEventList
                0x00402814       0x78 src/ASF/thirdparty/FreeRTOS/Source/tasks.o
                0x00402814                vTaskPlaceOnEventList
 .text.vTaskPlaceOnEventListRestricted
                0x0040288c       0x74 src/ASF/thirdparty/FreeRTOS/Source/tasks.o
                0x0040288c                vTaskPlaceOnEventListRestricted
 .text.xTaskRemoveFromEventList
                0x00402900       0x88 src/ASF/thirdparty/FreeRTOS/Source/tasks.o
                0x00402900                xTaskRemoveFromEventList
 .text.vTaskSetTimeOutState
                0x00402988       0x24 src/ASF/thirdparty/FreeRTOS/Source/tasks.o
                0x00402988                vTaskSetTimeOutState
 .text.xTaskCheckForTimeOut
                0x004029ac       0x78 src/ASF/thirdparty/FreeRTOS/Source/tasks.o
                0x004029ac                xTaskCheckForTimeOut
 .text.vTaskMissedYield
                0x00402a24        0xc src/ASF/thirdparty/FreeRTOS/Source/tasks.o
                0x00402a24                vTaskMissedYield
 .text.xTaskGetSchedulerState
                0x00402a30       0x20 src/ASF/thirdparty/FreeRTOS/Source/tasks.o
                0x00402a30                xTaskGetSchedulerState
 .text.vTaskPriorityInherit
                0x00402a50       0xa8 src/ASF/thirdparty/FreeRTOS/Source/tasks.o
                0x00402a50                vTaskPriorityInherit
 .text.xTaskPriorityDisinherit
                0x00402af8       0xa4 src/ASF/thirdparty/FreeRTOS/Source/tasks.o
                0x00402af8                xTaskPriorityDisinherit
 .text.pvTaskIncrementMutexHeldCount
                0x00402b9c       0x1c src/ASF/thirdparty/FreeRTOS/Source/tasks.o
                0x00402b9c                pvTaskIncrementMutexHeldCount
 .text.prvInsertTimerInActiveList
                0x00402bb8       0x4c src/ASF/thirdparty/FreeRTOS/Source/timers.o
 .text.prvCheckForValidListAndQueue
                0x00402c04       0x68 src/ASF/thirdparty/FreeRTOS/Source/timers.o
 .text.xTimerCreateTimerTask
                0x00402c6c       0x4c src/ASF/thirdparty/FreeRTOS/Source/timers.o
                0x00402c6c                xTimerCreateTimerTask
 .text.xTimerGenericCommand
                0x00402cb8       0x60 src/ASF/thirdparty/FreeRTOS/Source/timers.o
                0x00402cb8                xTimerGenericCommand
 .text.prvSampleTimeNow
                0x00402d18       0xb0 src/ASF/thirdparty/FreeRTOS/Source/timers.o
 .text.prvTimerTask
                0x00402dc8      0x1a4 src/ASF/thirdparty/FreeRTOS/Source/timers.o
 .text._zbar_decode_code128
                0x00402f6c     0x10b0 src/ASF/thirdparty/zbar/code128.o
                0x00402f6c                _zbar_decode_code128
 .text._zbar_decode_code39
                0x0040401c      0x7d0 src/ASF/thirdparty/zbar/code39.o
                0x0040401c                _zbar_decode_code39
 .text.zbar_decoder_destroy
                0x004047ec       0x18 src/ASF/thirdparty/zbar/decoder.o
                0x004047ec                zbar_decoder_destroy
 .text.zbar_decoder_reset
                0x00404804       0x78 src/ASF/thirdparty/zbar/decoder.o
                0x00404804                zbar_decoder_reset
 .text.zbar_decoder_create
                0x0040487c       0x5c src/ASF/thirdparty/zbar/decoder.o
                0x0040487c                zbar_decoder_create
 .text.zbar_decoder_new_scan
                0x004048d8       0x78 src/ASF/thirdparty/zbar/decoder.o
                0x004048d8                zbar_decoder_new_scan
 .text.zbar_decoder_get_data
                0x00404950        0x4 src/ASF/thirdparty/zbar/decoder.o
                0x00404950                zbar_decoder_get_data
 .text.zbar_decoder_get_data_length
                0x00404954        0x4 src/ASF/thirdparty/zbar/decoder.o
                0x00404954                zbar_decoder_get_data_length
 .text.zbar_decoder_get_direction
                0x00404958        0x4 src/ASF/thirdparty/zbar/decoder.o
                0x00404958                zbar_decoder_get_direction
 .text.zbar_decoder_set_handler
                0x0040495c        0x8 src/ASF/thirdparty/zbar/decoder.o
                0x0040495c                zbar_decoder_set_handler
 .text.zbar_decoder_set_userdata
                0x00404964        0x4 src/ASF/thirdparty/zbar/decoder.o
                0x00404964                zbar_decoder_set_userdata
 .text.zbar_decoder_get_userdata
                0x00404968        0x4 src/ASF/thirdparty/zbar/decoder.o
                0x00404968                zbar_decoder_get_userdata
 .text.zbar_decoder_get_type
                0x0040496c        0x8 src/ASF/thirdparty/zbar/decoder.o
                0x0040496c                zbar_decoder_get_type
 .text.zbar_decoder_get_modifiers
                0x00404974        0x4 src/ASF/thirdparty/zbar/decoder.o
                0x00404974                zbar_decoder_get_modifiers
 .text.zbar_decode_width
                0x00404978       0xe4 src/ASF/thirdparty/zbar/decoder.o
                0x00404978                zbar_decode_width
 .text.zbar_decoder_get_configs
                0x00404a5c       0x6c src/ASF/thirdparty/zbar/decoder.o
                0x00404a5c                zbar_decoder_get_configs
 .text.zbar_decoder_set_config
                0x00404ac8      0x13c src/ASF/thirdparty/zbar/decoder.o
                0x00404ac8                zbar_decoder_set_config
 .text._zbar_decoder_buf_dump
                0x00404c04       0xac src/ASF/thirdparty/zbar/decoder.o
                0x00404c04                _zbar_decoder_buf_dump
 .text._zbar_decode_ean
                0x00404cb0     0x113c src/ASF/thirdparty/zbar/ean.o
                0x00404cb0                _zbar_decode_ean
 .text.zbar_image_create
                0x00405dec       0x48 src/ASF/thirdparty/zbar/image.o
                0x00405dec                zbar_image_create
 .text.zbar_image_free_data
                0x00405e34       0x7c src/ASF/thirdparty/zbar/image.o
                0x00405e34                zbar_image_free_data
 .text.zbar_image_set_format
                0x00405eb0        0x4 src/ASF/thirdparty/zbar/image.o
                0x00405eb0                zbar_image_set_format
 .text.zbar_image_set_size
                0x00405eb4       0x10 src/ASF/thirdparty/zbar/image.o
                0x00405eb4                zbar_image_set_size
 .text.zbar_image_set_data
                0x00405ec4       0x84 src/ASF/thirdparty/zbar/image.o
                0x00405ec4                zbar_image_set_data
 .text.zbar_image_first_symbol
                0x00405f48        0xc src/ASF/thirdparty/zbar/image.o
                0x00405f48                zbar_image_first_symbol
 .text._zbar_image_scanner_recycle_syms
                0x00405f54      0x118 src/ASF/thirdparty/zbar/img_scanner.o
                0x00405f54                _zbar_image_scanner_recycle_syms
 .text._zbar_image_scanner_add_sym
                0x0040606c      0x23c src/ASF/thirdparty/zbar/img_scanner.o
                0x0040606c                _zbar_image_scanner_add_sym
 .text.symbol_handler
                0x004062a8      0x33c src/ASF/thirdparty/zbar/img_scanner.o
 .text.zbar_image_scanner_destroy
                0x004065e4      0x140 src/ASF/thirdparty/zbar/img_scanner.o
                0x004065e4                zbar_image_scanner_destroy
 .text.zbar_image_scanner_create
                0x00406724       0xc8 src/ASF/thirdparty/zbar/img_scanner.o
                0x00406724                zbar_image_scanner_create
 .text.zbar_image_scanner_set_config
                0x004067ec       0xe4 src/ASF/thirdparty/zbar/img_scanner.o
                0x004067ec                zbar_image_scanner_set_config
 .text.zbar_scan_image
                0x004068d0      0x8bc src/ASF/thirdparty/zbar/img_scanner.o
                0x004068d0                zbar_scan_image
 .text._zbar_refcnt_init
                0x0040718c        0x4 src/ASF/thirdparty/zbar/refcnt.o
                0x0040718c                _zbar_refcnt_init
 .text.zbar_scanner_destroy
                0x00407190        0xc src/ASF/thirdparty/zbar/scanner.o
                0x00407190                zbar_scanner_destroy
 .text.zbar_scanner_reset
                0x0040719c       0x28 src/ASF/thirdparty/zbar/scanner.o
                0x0040719c                zbar_scanner_reset
 .text.zbar_scanner_create
                0x004071c4       0x24 src/ASF/thirdparty/zbar/scanner.o
                0x004071c4                zbar_scanner_create
 .text.zbar_scanner_get_width
                0x004071e8        0x4 src/ASF/thirdparty/zbar/scanner.o
                0x004071e8                zbar_scanner_get_width
 .text.zbar_scanner_get_edge
                0x004071ec       0x24 src/ASF/thirdparty/zbar/scanner.o
                0x004071ec                zbar_scanner_get_edge
 .text.zbar_scanner_flush
                0x00407210       0x5c src/ASF/thirdparty/zbar/scanner.o
                0x00407210                zbar_scanner_flush
 .text.zbar_scanner_new_scan
                0x0040726c       0x94 src/ASF/thirdparty/zbar/scanner.o
                0x0040726c                zbar_scanner_new_scan
 .text.zbar_scan_y
                0x00407300      0x18c src/ASF/thirdparty/zbar/scanner.o
                0x00407300                zbar_scan_y
 .text.zbar_get_symbol_name
                0x0040748c      0x124 src/ASF/thirdparty/zbar/symbol.o
                0x0040748c                zbar_get_symbol_name
 .text._zbar_get_symbol_hash
                0x004075b0       0x44 src/ASF/thirdparty/zbar/symbol.o
                0x004075b0                _zbar_get_symbol_hash
 .text.zbar_symbol_get_type
                0x004075f4        0x4 src/ASF/thirdparty/zbar/symbol.o
                0x004075f4                zbar_symbol_get_type
 .text.zbar_symbol_get_data
                0x004075f8        0x4 src/ASF/thirdparty/zbar/symbol.o
                0x004075f8                zbar_symbol_get_data
 .text.zbar_symbol_next
                0x004075fc        0xc src/ASF/thirdparty/zbar/symbol.o
                0x004075fc                zbar_symbol_next
 .text._zbar_symbol_set_create
                0x00407608       0x38 src/ASF/thirdparty/zbar/symbol.o
                0x00407608                _zbar_symbol_set_create
 .text.zbar_symbol_set_ref
                0x00407640       0x84 src/ASF/thirdparty/zbar/symbol.o
                0x00407640                zbar_symbol_set_ref
 .text._zbar_symbol_free
                0x004076c4       0x38 src/ASF/thirdparty/zbar/symbol.o
                0x004076c4                _zbar_symbol_free
 .text._zbar_symbol_set_free
                0x004076fc       0x68 src/ASF/thirdparty/zbar/symbol.o
                0x004076fc                _zbar_symbol_set_free
 .text.task_lcdscreen
                0x00407764       0x40 src/imagesensor_capture_example.o
 .text.task_display
                0x004077a4       0x7c src/imagesensor_capture_example.o
 .text.task_led
                0x00407820       0x1c src/imagesensor_capture_example.o
 .text.button_handler
                0x0040783c       0x38 src/imagesensor_capture_example.o
 .text.vsync_handler
                0x00407874       0x38 src/imagesensor_capture_example.o
 .text.task_zbar
                0x004078ac       0xe0 src/imagesensor_capture_example.o
                0x004078ac                task_zbar
 .text.task_camera
                0x0040798c      0x234 src/imagesensor_capture_example.o
 .text.vApplicationMallocFailedHook
                0x00407bc0        0x4 src/imagesensor_capture_example.o
                0x00407bc0                vApplicationMallocFailedHook
 .text.vApplicationStackOverflowHook
                0x00407bc4       0x10 src/imagesensor_capture_example.o
                0x00407bc4                vApplicationStackOverflowHook
 .text.vApplicationIdleHook
                0x00407bd4        0x4 src/imagesensor_capture_example.o
                0x00407bd4                vApplicationIdleHook
 .text.vApplicationTickHook
                0x00407bd8        0x4 src/imagesensor_capture_example.o
                0x00407bd8                vApplicationTickHook
 .text.main     0x00407bdc      0x344 src/imagesensor_capture_example.o
                0x00407bdc                main
 .text          0x00407f20      0x110 c:/program files (x86)/atmel/studio/7.0/toolchain/arm/arm-gnu-toolchain/bin/../lib/gcc/arm-none-eabi/4.9.3/armv7e-m\libgcc.a(_arm_cmpdf2.o)
                0x00407f20                __gtdf2
                0x00407f20                __gedf2
                0x00407f28                __ltdf2
                0x00407f28                __ledf2
                0x00407f30                __nedf2
                0x00407f30                __eqdf2
                0x00407f30                __cmpdf2
                0x00407fac                __aeabi_cdrcmple
                0x00407fbc                __aeabi_cdcmpeq
                0x00407fbc                __aeabi_cdcmple
                0x00407fcc                __aeabi_dcmpeq
                0x00407fe0                __aeabi_dcmplt
                0x00407ff4                __aeabi_dcmple
                0x00408008                __aeabi_dcmpge
                0x0040801c                __aeabi_dcmpgt
 .text.__assert_func
                0x00408030       0x3c c:/program files (x86)/atmel/studio/7.0/toolchain/arm/arm-gnu-toolchain/bin/../lib/gcc/arm-none-eabi/4.9.3/../../../../arm-none-eabi/lib/armv7e-m\libc.a(lib_a-assert.o)
                0x00408030                __assert_func
 .text._fclose_r
                0x0040806c       0x84 c:/program files (x86)/atmel/studio/7.0/toolchain/arm/arm-gnu-toolchain/bin/../lib/gcc/arm-none-eabi/4.9.3/../../../../arm-none-eabi/lib/armv7e-m\libc.a(lib_a-fclose.o)
                0x0040806c                _fclose_r
 .text.__sflush_r
                0x004080f0      0x154 c:/program files (x86)/atmel/studio/7.0/toolchain/arm/arm-gnu-toolchain/bin/../lib/gcc/arm-none-eabi/4.9.3/../../../../arm-none-eabi/lib/armv7e-m\libc.a(lib_a-fflush.o)
                0x004080f0                __sflush_r
 .text._fflush_r
                0x00408244       0x2c c:/program files (x86)/atmel/studio/7.0/toolchain/arm/arm-gnu-toolchain/bin/../lib/gcc/arm-none-eabi/4.9.3/../../../../arm-none-eabi/lib/armv7e-m\libc.a(lib_a-fflush.o)
                0x00408244                _fflush_r
 .text._cleanup_r
                0x00408270        0xc c:/program files (x86)/atmel/studio/7.0/toolchain/arm/arm-gnu-toolchain/bin/../lib/gcc/arm-none-eabi/4.9.3/../../../../arm-none-eabi/lib/armv7e-m\libc.a(lib_a-findfp.o)
                0x00408270                _cleanup_r
 .text.__sinit.part.1
                0x0040827c       0xf0 c:/program files (x86)/atmel/studio/7.0/toolchain/arm/arm-gnu-toolchain/bin/../lib/gcc/arm-none-eabi/4.9.3/../../../../arm-none-eabi/lib/armv7e-m\libc.a(lib_a-findfp.o)
 .text.__sinit  0x0040836c        0xc c:/program files (x86)/atmel/studio/7.0/toolchain/arm/arm-gnu-toolchain/bin/../lib/gcc/arm-none-eabi/4.9.3/../../../../arm-none-eabi/lib/armv7e-m\libc.a(lib_a-findfp.o)
                0x0040836c                __sinit
 .text.__sfp_lock_acquire
                0x00408378        0x4 c:/program files (x86)/atmel/studio/7.0/toolchain/arm/arm-gnu-toolchain/bin/../lib/gcc/arm-none-eabi/4.9.3/../../../../arm-none-eabi/lib/armv7e-m\libc.a(lib_a-findfp.o)
                0x00408378                __sfp_lock_acquire
 .text.__sfp_lock_release
                0x0040837c        0x4 c:/program files (x86)/atmel/studio/7.0/toolchain/arm/arm-gnu-toolchain/bin/../lib/gcc/arm-none-eabi/4.9.3/../../../../arm-none-eabi/lib/armv7e-m\libc.a(lib_a-findfp.o)
                0x0040837c                __sfp_lock_release
 .text.fiprintf
                0x00408380       0x28 c:/program files (x86)/atmel/studio/7.0/toolchain/arm/arm-gnu-toolchain/bin/../lib/gcc/arm-none-eabi/4.9.3/../../../../arm-none-eabi/lib/armv7e-m\libc.a(lib_a-fiprintf.o)
                0x00408380                fiprintf
 .text.fprintf  0x004083a8       0x28 c:/program files (x86)/atmel/studio/7.0/toolchain/arm/arm-gnu-toolchain/bin/../lib/gcc/arm-none-eabi/4.9.3/../../../../arm-none-eabi/lib/armv7e-m\libc.a(lib_a-fprintf.o)
                0x004083a8                fprintf
 .text._malloc_trim_r
                0x004083d0       0x9c c:/program files (x86)/atmel/studio/7.0/toolchain/arm/arm-gnu-toolchain/bin/../lib/gcc/arm-none-eabi/4.9.3/../../../../arm-none-eabi/lib/armv7e-m\libc.a(lib_a-freer.o)
                0x004083d0                _malloc_trim_r
 .text._free_r  0x0040846c      0x1b0 c:/program files (x86)/atmel/studio/7.0/toolchain/arm/arm-gnu-toolchain/bin/../lib/gcc/arm-none-eabi/4.9.3/../../../../arm-none-eabi/lib/armv7e-m\libc.a(lib_a-freer.o)
                0x0040846c                _free_r
 .text._fstat_r
                0x0040861c       0x28 c:/program files (x86)/atmel/studio/7.0/toolchain/arm/arm-gnu-toolchain/bin/../lib/gcc/arm-none-eabi/4.9.3/../../../../arm-none-eabi/lib/armv7e-m\libc.a(lib_a-fstatr.o)
                0x0040861c                _fstat_r
 .text.__sfvwrite_r
                0x00408644      0x318 c:/program files (x86)/atmel/studio/7.0/toolchain/arm/arm-gnu-toolchain/bin/../lib/gcc/arm-none-eabi/4.9.3/../../../../arm-none-eabi/lib/armv7e-m\libc.a(lib_a-fvwrite.o)
                0x00408644                __sfvwrite_r
 .text._fwalk_reent
                0x0040895c       0x54 c:/program files (x86)/atmel/studio/7.0/toolchain/arm/arm-gnu-toolchain/bin/../lib/gcc/arm-none-eabi/4.9.3/../../../../arm-none-eabi/lib/armv7e-m\libc.a(lib_a-fwalk.o)
                0x0040895c                _fwalk_reent
 .text.__libc_init_array
                0x004089b0       0x50 c:/program files (x86)/atmel/studio/7.0/toolchain/arm/arm-gnu-toolchain/bin/../lib/gcc/arm-none-eabi/4.9.3/../../../../arm-none-eabi/lib/armv7e-m\libc.a(lib_a-init.o)
                0x004089b0                __libc_init_array
 .text.iprintf  0x00408a00       0x28 c:/program files (x86)/atmel/studio/7.0/toolchain/arm/arm-gnu-toolchain/bin/../lib/gcc/arm-none-eabi/4.9.3/../../../../arm-none-eabi/lib/armv7e-m\libc.a(lib_a-iprintf.o)
                0x00408a00                iprintf
 .text.__smakebuf_r
                0x00408a28       0xe0 c:/program files (x86)/atmel/studio/7.0/toolchain/arm/arm-gnu-toolchain/bin/../lib/gcc/arm-none-eabi/4.9.3/../../../../arm-none-eabi/lib/armv7e-m\libc.a(lib_a-makebuf.o)
                0x00408a28                __smakebuf_r
 .text._malloc_r
                0x00408b08      0x524 c:/program files (x86)/atmel/studio/7.0/toolchain/arm/arm-gnu-toolchain/bin/../lib/gcc/arm-none-eabi/4.9.3/../../../../arm-none-eabi/lib/armv7e-m\libc.a(lib_a-mallocr.o)
                0x00408b08                _malloc_r
 .text.memchr   0x0040902c       0x94 c:/program files (x86)/atmel/studio/7.0/toolchain/arm/arm-gnu-toolchain/bin/../lib/gcc/arm-none-eabi/4.9.3/../../../../arm-none-eabi/lib/armv7e-m\libc.a(lib_a-memchr.o)
                0x0040902c                memchr
 .text.memcmp   0x004090c0       0x64 c:/program files (x86)/atmel/studio/7.0/toolchain/arm/arm-gnu-toolchain/bin/../lib/gcc/arm-none-eabi/4.9.3/../../../../arm-none-eabi/lib/armv7e-m\libc.a(lib_a-memcmp.o)
                0x004090c0                memcmp
 .text          0x00409124      0x134 c:/program files (x86)/atmel/studio/7.0/toolchain/arm/arm-gnu-toolchain/bin/../lib/gcc/arm-none-eabi/4.9.3/../../../../arm-none-eabi/lib/armv7e-m\libc.a(lib_a-memcpy.o)
                0x00409124                memcpy
 .text.memmove  0x00409258       0xc8 c:/program files (x86)/atmel/studio/7.0/toolchain/arm/arm-gnu-toolchain/bin/../lib/gcc/arm-none-eabi/4.9.3/../../../../arm-none-eabi/lib/armv7e-m\libc.a(lib_a-memmove.o)
                0x00409258                memmove
 .text.memset   0x00409320       0x9c c:/program files (x86)/atmel/studio/7.0/toolchain/arm/arm-gnu-toolchain/bin/../lib/gcc/arm-none-eabi/4.9.3/../../../../arm-none-eabi/lib/armv7e-m\libc.a(lib_a-memset.o)
                0x00409320                memset
 .text.__malloc_lock
                0x004093bc        0x4 c:/program files (x86)/atmel/studio/7.0/toolchain/arm/arm-gnu-toolchain/bin/../lib/gcc/arm-none-eabi/4.9.3/../../../../arm-none-eabi/lib/armv7e-m\libc.a(lib_a-mlock.o)
                0x004093bc                __malloc_lock
 .text.__malloc_unlock
                0x004093c0        0x4 c:/program files (x86)/atmel/studio/7.0/toolchain/arm/arm-gnu-toolchain/bin/../lib/gcc/arm-none-eabi/4.9.3/../../../../arm-none-eabi/lib/armv7e-m\libc.a(lib_a-mlock.o)
                0x004093c0                __malloc_unlock
 .text.realloc  0x004093c4       0x10 c:/program files (x86)/atmel/studio/7.0/toolchain/arm/arm-gnu-toolchain/bin/../lib/gcc/arm-none-eabi/4.9.3/../../../../arm-none-eabi/lib/armv7e-m\libc.a(lib_a-realloc.o)
                0x004093c4                realloc
 .text._realloc_r
                0x004093d4      0x3ec c:/program files (x86)/atmel/studio/7.0/toolchain/arm/arm-gnu-toolchain/bin/../lib/gcc/arm-none-eabi/4.9.3/../../../../arm-none-eabi/lib/armv7e-m\libc.a(lib_a-reallocr.o)
                0x004093d4                _realloc_r
 .text._sbrk_r  0x004097c0       0x24 c:/program files (x86)/atmel/studio/7.0/toolchain/arm/arm-gnu-toolchain/bin/../lib/gcc/arm-none-eabi/4.9.3/../../../../arm-none-eabi/lib/armv7e-m\libc.a(lib_a-sbrkr.o)
                0x004097c0                _sbrk_r
 .text.snprintf
                0x004097e4       0x9c c:/program files (x86)/atmel/studio/7.0/toolchain/arm/arm-gnu-toolchain/bin/../lib/gcc/arm-none-eabi/4.9.3/../../../../arm-none-eabi/lib/armv7e-m\libc.a(lib_a-snprintf.o)
                0x004097e4                snprintf
 .text.__sread  0x00409880       0x24 c:/program files (x86)/atmel/studio/7.0/toolchain/arm/arm-gnu-toolchain/bin/../lib/gcc/arm-none-eabi/4.9.3/../../../../arm-none-eabi/lib/armv7e-m\libc.a(lib_a-stdio.o)
                0x00409880                __sread
 .text.__swrite
                0x004098a4       0x38 c:/program files (x86)/atmel/studio/7.0/toolchain/arm/arm-gnu-toolchain/bin/../lib/gcc/arm-none-eabi/4.9.3/../../../../arm-none-eabi/lib/armv7e-m\libc.a(lib_a-stdio.o)
                0x004098a4                __swrite
 .text.__sseek  0x004098dc       0x20 c:/program files (x86)/atmel/studio/7.0/toolchain/arm/arm-gnu-toolchain/bin/../lib/gcc/arm-none-eabi/4.9.3/../../../../arm-none-eabi/lib/armv7e-m\libc.a(lib_a-stdio.o)
                0x004098dc                __sseek
 .text.__sclose
                0x004098fc        0x8 c:/program files (x86)/atmel/studio/7.0/toolchain/arm/arm-gnu-toolchain/bin/../lib/gcc/arm-none-eabi/4.9.3/../../../../arm-none-eabi/lib/armv7e-m\libc.a(lib_a-stdio.o)
                0x004098fc                __sclose
 .text.strlen   0x00409904       0x5c c:/program files (x86)/atmel/studio/7.0/toolchain/arm/arm-gnu-toolchain/bin/../lib/gcc/arm-none-eabi/4.9.3/../../../../arm-none-eabi/lib/armv7e-m\libc.a(lib_a-strlen.o)
                0x00409904                strlen
 .text._svfprintf_r
                0x00409960     0x1494 c:/program files (x86)/atmel/studio/7.0/toolchain/arm/arm-gnu-toolchain/bin/../lib/gcc/arm-none-eabi/4.9.3/../../../../arm-none-eabi/lib/armv7e-m\libc.a(lib_a-svfprintf.o)
                0x00409960                _svfprintf_r
 .text.__sprint_r.part.0
                0x0040adf4       0x78 c:/program files (x86)/atmel/studio/7.0/toolchain/arm/arm-gnu-toolchain/bin/../lib/gcc/arm-none-eabi/4.9.3/../../../../arm-none-eabi/lib/armv7e-m\libc.a(lib_a-vfiprintf.o)
 .text.__sprint_r
                0x0040ae6c       0x18 c:/program files (x86)/atmel/studio/7.0/toolchain/arm/arm-gnu-toolchain/bin/../lib/gcc/arm-none-eabi/4.9.3/../../../../arm-none-eabi/lib/armv7e-m\libc.a(lib_a-vfiprintf.o)
                0x0040ae6c                __sprint_r
 .text._vfiprintf_r
                0x0040ae84      0xc10 c:/program files (x86)/atmel/studio/7.0/toolchain/arm/arm-gnu-toolchain/bin/../lib/gcc/arm-none-eabi/4.9.3/../../../../arm-none-eabi/lib/armv7e-m\libc.a(lib_a-vfiprintf.o)
                0x0040ae84                _vfiprintf_r
 .text.__sbprintf
                0x0040ba94       0x78 c:/program files (x86)/atmel/studio/7.0/toolchain/arm/arm-gnu-toolchain/bin/../lib/gcc/arm-none-eabi/4.9.3/../../../../arm-none-eabi/lib/armv7e-m\libc.a(lib_a-vfiprintf.o)
 .text._vfprintf_r
                0x0040bb0c     0x13e8 c:/program files (x86)/atmel/studio/7.0/toolchain/arm/arm-gnu-toolchain/bin/../lib/gcc/arm-none-eabi/4.9.3/../../../../arm-none-eabi/lib/armv7e-m\libc.a(lib_a-vfprintf.o)
                0x0040bb0c                _vfprintf_r
 .text.__sbprintf
                0x0040cef4       0x78 c:/program files (x86)/atmel/studio/7.0/toolchain/arm/arm-gnu-toolchain/bin/../lib/gcc/arm-none-eabi/4.9.3/../../../../arm-none-eabi/lib/armv7e-m\libc.a(lib_a-vfprintf.o)
 .text.__swbuf_r
                0x0040cf6c       0xa8 c:/program files (x86)/atmel/studio/7.0/toolchain/arm/arm-gnu-toolchain/bin/../lib/gcc/arm-none-eabi/4.9.3/../../../../arm-none-eabi/lib/armv7e-m\libc.a(lib_a-wbuf.o)
                0x0040cf6c                __swbuf_r
 .text._write_r
                0x0040d014       0x28 c:/program files (x86)/atmel/studio/7.0/toolchain/arm/arm-gnu-toolchain/bin/../lib/gcc/arm-none-eabi/4.9.3/../../../../arm-none-eabi/lib/armv7e-m\libc.a(lib_a-writer.o)
                0x0040d014                _write_r
 .text.__swsetup_r
                0x0040d03c       0xc4 c:/program files (x86)/atmel/studio/7.0/toolchain/arm/arm-gnu-toolchain/bin/../lib/gcc/arm-none-eabi/4.9.3/../../../../arm-none-eabi/lib/armv7e-m\libc.a(lib_a-wsetup.o)
                0x0040d03c                __swsetup_r
 .text.startup.register_fini
                0x0040d100       0x14 c:/program files (x86)/atmel/studio/7.0/toolchain/arm/arm-gnu-toolchain/bin/../lib/gcc/arm-none-eabi/4.9.3/../../../../arm-none-eabi/lib/armv7e-m\libc.a(lib_a-__call_atexit.o)
 .text.abort    0x0040d114       0x10 c:/program files (x86)/atmel/studio/7.0/toolchain/arm/arm-gnu-toolchain/bin/../lib/gcc/arm-none-eabi/4.9.3/../../../../arm-none-eabi/lib/armv7e-m\libc.a(lib_a-abort.o)
                0x0040d114                abort
 .text.atexit   0x0040d124        0xc c:/program files (x86)/atmel/studio/7.0/toolchain/arm/arm-gnu-toolchain/bin/../lib/gcc/arm-none-eabi/4.9.3/../../../../arm-none-eabi/lib/armv7e-m\libc.a(lib_a-atexit.o)
                0x0040d124                atexit
 .text._close_r
                0x0040d130       0x24 c:/program files (x86)/atmel/studio/7.0/toolchain/arm/arm-gnu-toolchain/bin/../lib/gcc/arm-none-eabi/4.9.3/../../../../arm-none-eabi/lib/armv7e-m\libc.a(lib_a-closer.o)
                0x0040d130                _close_r
 .text.quorem   0x0040d154      0x12c c:/program files (x86)/atmel/studio/7.0/toolchain/arm/arm-gnu-toolchain/bin/../lib/gcc/arm-none-eabi/4.9.3/../../../../arm-none-eabi/lib/armv7e-m\libc.a(lib_a-dtoa.o)
 .text._dtoa_r  0x0040d280      0xe94 c:/program files (x86)/atmel/studio/7.0/toolchain/arm/arm-gnu-toolchain/bin/../lib/gcc/arm-none-eabi/4.9.3/../../../../arm-none-eabi/lib/armv7e-m\libc.a(lib_a-dtoa.o)
                0x0040d280                _dtoa_r
 .text.__libc_fini_array
                0x0040e114       0x2c c:/program files (x86)/atmel/studio/7.0/toolchain/arm/arm-gnu-toolchain/bin/../lib/gcc/arm-none-eabi/4.9.3/../../../../arm-none-eabi/lib/armv7e-m\libc.a(lib_a-fini.o)
                0x0040e114                __libc_fini_array
 .text.__fputwc
                0x0040e140       0xb0 c:/program files (x86)/atmel/studio/7.0/toolchain/arm/arm-gnu-toolchain/bin/../lib/gcc/arm-none-eabi/4.9.3/../../../../arm-none-eabi/lib/armv7e-m\libc.a(lib_a-fputwc.o)
                0x0040e140                __fputwc
 .text._fputwc_r
                0x0040e1f0       0x24 c:/program files (x86)/atmel/studio/7.0/toolchain/arm/arm-gnu-toolchain/bin/../lib/gcc/arm-none-eabi/4.9.3/../../../../arm-none-eabi/lib/armv7e-m\libc.a(lib_a-fputwc.o)
                0x0040e1f0                _fputwc_r
 .text._isatty_r
                0x0040e214       0x24 c:/program files (x86)/atmel/studio/7.0/toolchain/arm/arm-gnu-toolchain/bin/../lib/gcc/arm-none-eabi/4.9.3/../../../../arm-none-eabi/lib/armv7e-m\libc.a(lib_a-isattyr.o)
                0x0040e214                _isatty_r
 .text.__locale_charset
                0x0040e238        0x8 c:/program files (x86)/atmel/studio/7.0/toolchain/arm/arm-gnu-toolchain/bin/../lib/gcc/arm-none-eabi/4.9.3/../../../../arm-none-eabi/lib/armv7e-m\libc.a(lib_a-locale.o)
                0x0040e238                __locale_charset
 .text.__locale_mb_cur_max
                0x0040e240        0xc c:/program files (x86)/atmel/studio/7.0/toolchain/arm/arm-gnu-toolchain/bin/../lib/gcc/arm-none-eabi/4.9.3/../../../../arm-none-eabi/lib/armv7e-m\libc.a(lib_a-locale.o)
                0x0040e240                __locale_mb_cur_max
 .text._localeconv_r
                0x0040e24c        0x8 c:/program files (x86)/atmel/studio/7.0/toolchain/arm/arm-gnu-toolchain/bin/../lib/gcc/arm-none-eabi/4.9.3/../../../../arm-none-eabi/lib/armv7e-m\libc.a(lib_a-locale.o)
                0x0040e24c                _localeconv_r
 .text._lseek_r
                0x0040e254       0x28 c:/program files (x86)/atmel/studio/7.0/toolchain/arm/arm-gnu-toolchain/bin/../lib/gcc/arm-none-eabi/4.9.3/../../../../arm-none-eabi/lib/armv7e-m\libc.a(lib_a-lseekr.o)
                0x0040e254                _lseek_r
 .text._Balloc  0x0040e27c       0x4c c:/program files (x86)/atmel/studio/7.0/toolchain/arm/arm-gnu-toolchain/bin/../lib/gcc/arm-none-eabi/4.9.3/../../../../arm-none-eabi/lib/armv7e-m\libc.a(lib_a-mprec.o)
                0x0040e27c                _Balloc
 .text._Bfree   0x0040e2c8       0x14 c:/program files (x86)/atmel/studio/7.0/toolchain/arm/arm-gnu-toolchain/bin/../lib/gcc/arm-none-eabi/4.9.3/../../../../arm-none-eabi/lib/armv7e-m\libc.a(lib_a-mprec.o)
                0x0040e2c8                _Bfree
 .text.__multadd
                0x0040e2dc       0x84 c:/program files (x86)/atmel/studio/7.0/toolchain/arm/arm-gnu-toolchain/bin/../lib/gcc/arm-none-eabi/4.9.3/../../../../arm-none-eabi/lib/armv7e-m\libc.a(lib_a-mprec.o)
                0x0040e2dc                __multadd
 .text.__hi0bits
                0x0040e360       0x40 c:/program files (x86)/atmel/studio/7.0/toolchain/arm/arm-gnu-toolchain/bin/../lib/gcc/arm-none-eabi/4.9.3/../../../../arm-none-eabi/lib/armv7e-m\libc.a(lib_a-mprec.o)
                0x0040e360                __hi0bits
 .text.__lo0bits
                0x0040e3a0       0x5c c:/program files (x86)/atmel/studio/7.0/toolchain/arm/arm-gnu-toolchain/bin/../lib/gcc/arm-none-eabi/4.9.3/../../../../arm-none-eabi/lib/armv7e-m\libc.a(lib_a-mprec.o)
                0x0040e3a0                __lo0bits
 .text.__i2b    0x0040e3fc       0x14 c:/program files (x86)/atmel/studio/7.0/toolchain/arm/arm-gnu-toolchain/bin/../lib/gcc/arm-none-eabi/4.9.3/../../../../arm-none-eabi/lib/armv7e-m\libc.a(lib_a-mprec.o)
                0x0040e3fc                __i2b
 .text.__multiply
                0x0040e410      0x134 c:/program files (x86)/atmel/studio/7.0/toolchain/arm/arm-gnu-toolchain/bin/../lib/gcc/arm-none-eabi/4.9.3/../../../../arm-none-eabi/lib/armv7e-m\libc.a(lib_a-mprec.o)
                0x0040e410                __multiply
 .text.__pow5mult
                0x0040e544       0xa0 c:/program files (x86)/atmel/studio/7.0/toolchain/arm/arm-gnu-toolchain/bin/../lib/gcc/arm-none-eabi/4.9.3/../../../../arm-none-eabi/lib/armv7e-m\libc.a(lib_a-mprec.o)
                0x0040e544                __pow5mult
 .text.__lshift
                0x0040e5e4       0xac c:/program files (x86)/atmel/studio/7.0/toolchain/arm/arm-gnu-toolchain/bin/../lib/gcc/arm-none-eabi/4.9.3/../../../../arm-none-eabi/lib/armv7e-m\libc.a(lib_a-mprec.o)
                0x0040e5e4                __lshift
 .text.__mcmp   0x0040e690       0x48 c:/program files (x86)/atmel/studio/7.0/toolchain/arm/arm-gnu-toolchain/bin/../lib/gcc/arm-none-eabi/4.9.3/../../../../arm-none-eabi/lib/armv7e-m\libc.a(lib_a-mprec.o)
                0x0040e690                __mcmp
 .text.__mdiff  0x0040e6d8       0xd4 c:/program files (x86)/atmel/studio/7.0/toolchain/arm/arm-gnu-toolchain/bin/../lib/gcc/arm-none-eabi/4.9.3/../../../../arm-none-eabi/lib/armv7e-m\libc.a(lib_a-mprec.o)
                0x0040e6d8                __mdiff
 .text.__d2b    0x0040e7ac       0xb8 c:/program files (x86)/atmel/studio/7.0/toolchain/arm/arm-gnu-toolchain/bin/../lib/gcc/arm-none-eabi/4.9.3/../../../../arm-none-eabi/lib/armv7e-m\libc.a(lib_a-mprec.o)
                0x0040e7ac                __d2b
 .text._read_r  0x0040e864       0x28 c:/program files (x86)/atmel/studio/7.0/toolchain/arm/arm-gnu-toolchain/bin/../lib/gcc/arm-none-eabi/4.9.3/../../../../arm-none-eabi/lib/armv7e-m\libc.a(lib_a-readr.o)
                0x0040e864                _read_r
 .text.__fpclassifyd
                0x0040e88c       0x58 c:/program files (x86)/atmel/studio/7.0/toolchain/arm/arm-gnu-toolchain/bin/../lib/gcc/arm-none-eabi/4.9.3/../../../../arm-none-eabi/lib/armv7e-m\libc.a(lib_a-s_fpclassify.o)
                0x0040e88c                __fpclassifyd
 .text._raise_r
                0x0040e8e4       0x58 c:/program files (x86)/atmel/studio/7.0/toolchain/arm/arm-gnu-toolchain/bin/../lib/gcc/arm-none-eabi/4.9.3/../../../../arm-none-eabi/lib/armv7e-m\libc.a(lib_a-signal.o)
                0x0040e8e4                _raise_r
 .text.raise    0x0040e93c       0x10 c:/program files (x86)/atmel/studio/7.0/toolchain/arm/arm-gnu-toolchain/bin/../lib/gcc/arm-none-eabi/4.9.3/../../../../arm-none-eabi/lib/armv7e-m\libc.a(lib_a-signal.o)
                0x0040e93c                raise
 .text._kill_r  0x0040e94c       0x28 c:/program files (x86)/atmel/studio/7.0/toolchain/arm/arm-gnu-toolchain/bin/../lib/gcc/arm-none-eabi/4.9.3/../../../../arm-none-eabi/lib/armv7e-m\libc.a(lib_a-signalr.o)
                0x0040e94c                _kill_r
 .text._getpid_r
                0x0040e974        0x4 c:/program files (x86)/atmel/studio/7.0/toolchain/arm/arm-gnu-toolchain/bin/../lib/gcc/arm-none-eabi/4.9.3/../../../../arm-none-eabi/lib/armv7e-m\libc.a(lib_a-signalr.o)
                0x0040e974                _getpid_r
 .text.__ssprint_r
                0x0040e978      0x104 c:/program files (x86)/atmel/studio/7.0/toolchain/arm/arm-gnu-toolchain/bin/../lib/gcc/arm-none-eabi/4.9.3/../../../../arm-none-eabi/lib/armv7e-m\libc.a(lib_a-svfiprintf.o)
                0x0040e978                __ssprint_r
 .text._wcrtomb_r
                0x0040ea7c       0x54 c:/program files (x86)/atmel/studio/7.0/toolchain/arm/arm-gnu-toolchain/bin/../lib/gcc/arm-none-eabi/4.9.3/../../../../arm-none-eabi/lib/armv7e-m\libc.a(lib_a-wcrtomb.o)
                0x0040ea7c                _wcrtomb_r
 .text.__ascii_wctomb
                0x0040ead0       0x1c c:/program files (x86)/atmel/studio/7.0/toolchain/arm/arm-gnu-toolchain/bin/../lib/gcc/arm-none-eabi/4.9.3/../../../../arm-none-eabi/lib/armv7e-m\libc.a(lib_a-wctomb_r.o)
                0x0040ead0                __ascii_wctomb
 .text.__register_exitproc
                0x0040eaec       0xa4 c:/program files (x86)/atmel/studio/7.0/toolchain/arm/arm-gnu-toolchain/bin/../lib/gcc/arm-none-eabi/4.9.3/../../../../arm-none-eabi/lib/armv7e-m\libc.a(lib_a-__atexit.o)
                0x0040eaec                __register_exitproc
 .text._calloc_r
                0x0040eb90       0x60 c:/program files (x86)/atmel/studio/7.0/toolchain/arm/arm-gnu-toolchain/bin/../lib/gcc/arm-none-eabi/4.9.3/../../../../arm-none-eabi/lib/armv7e-m\libc.a(lib_a-callocr.o)
                0x0040eb90                _calloc_r
 .text          0x0040ebf0      0x370 c:/program files (x86)/atmel/studio/7.0/toolchain/arm/arm-gnu-toolchain/bin/../lib/gcc/arm-none-eabi/4.9.3/armv7e-m\libgcc.a(_arm_addsubdf3.o)
                0x0040ebf0                __aeabi_drsub
                0x0040ebf8                __aeabi_dsub
                0x0040ebf8                __subdf3
                0x0040ebfc                __aeabi_dadd
                0x0040ebfc                __adddf3
                0x0040ee74                __floatunsidf
                0x0040ee74                __aeabi_ui2d
                0x0040ee94                __floatsidf
                0x0040ee94                __aeabi_i2d
                0x0040eeb8                __aeabi_f2d
                0x0040eeb8                __extendsfdf2
                0x0040eef4                __floatundidf
                0x0040eef4                __aeabi_ul2d
                0x0040ef04                __floatdidf
                0x0040ef04                __aeabi_l2d
 .text          0x0040ef60      0x424 c:/program files (x86)/atmel/studio/7.0/toolchain/arm/arm-gnu-toolchain/bin/../lib/gcc/arm-none-eabi/4.9.3/armv7e-m\libgcc.a(_arm_muldivdf3.o)
                0x0040ef60                __aeabi_dmul
                0x0040ef60                __muldf3
                0x0040f1b4                __divdf3
                0x0040f1b4                __aeabi_ddiv
 .text          0x0040f384       0x50 c:/program files (x86)/atmel/studio/7.0/toolchain/arm/arm-gnu-toolchain/bin/../lib/gcc/arm-none-eabi/4.9.3/armv7e-m\libgcc.a(_arm_fixdfsi.o)
                0x0040f384                __aeabi_d2iz
                0x0040f384                __fixdfsi
 .text          0x0040f3d4       0x30 c:/program files (x86)/atmel/studio/7.0/toolchain/arm/arm-gnu-toolchain/bin/../lib/gcc/arm-none-eabi/4.9.3/armv7e-m\libgcc.a(_aeabi_uldivmod.o)
                0x0040f3d4                __aeabi_uldivmod
 .text          0x0040f404       0x60 c:/program files (x86)/atmel/studio/7.0/toolchain/arm/arm-gnu-toolchain/bin/../lib/gcc/arm-none-eabi/4.9.3/armv7e-m\libgcc.a(bpabi.o)
                0x0040f404                __gnu_ldivmod_helper
                0x0040f434                __gnu_uldivmod_helper
 .text          0x0040f464        0x4 c:/program files (x86)/atmel/studio/7.0/toolchain/arm/arm-gnu-toolchain/bin/../lib/gcc/arm-none-eabi/4.9.3/armv7e-m\libgcc.a(_dvmd_tls.o)
                0x0040f464                __aeabi_idiv0
                0x0040f464                __aeabi_ldiv0
 .text          0x0040f468      0x29c c:/program files (x86)/atmel/studio/7.0/toolchain/arm/arm-gnu-toolchain/bin/../lib/gcc/arm-none-eabi/4.9.3/armv7e-m\libgcc.a(_divdi3.o)
                0x0040f468                __divdi3
 .text          0x0040f704      0x26c c:/program files (x86)/atmel/studio/7.0/toolchain/arm/arm-gnu-toolchain/bin/../lib/gcc/arm-none-eabi/4.9.3/armv7e-m\libgcc.a(_udivdi3.o)
                0x0040f704                __udivdi3
 *(.glue_7t)
 .glue_7t       0x00000000        0x0 linker stubs
 *(.glue_7)
 .glue_7        0x00000000        0x0 linker stubs
 *(.rodata .rodata* .gnu.linkonce.r.*)
 .rodata.OV7740_VGA_YUV422_20FPS
                0x0040f970       0xf0 src/ASF/sam/components/cmos_image_sensor/ov7740/ov7740_table_registers.o
                0x0040f970                OV7740_VGA_YUV422_20FPS
 .rodata.OV7740_QQVGA_RGB888
                0x0040fa60       0xf4 src/ASF/sam/components/cmos_image_sensor/ov7740/ov7740_table_registers.o
                0x0040fa60                OV7740_QQVGA_RGB888
 .rodata.OV7740_QVGA_YUV422_15FPS
                0x0040fb54       0xf0 src/ASF/sam/components/cmos_image_sensor/ov7740/ov7740_table_registers.o
                0x0040fb54                OV7740_QVGA_YUV422_15FPS
 .rodata.OV7740_QVGA_RGB888
                0x0040fc44       0xf4 src/ASF/sam/components/cmos_image_sensor/ov7740/ov7740_table_registers.o
                0x0040fc44                OV7740_QVGA_RGB888
 .rodata.OV7740_TEST_PATTERN
                0x0040fd38       0xf4 src/ASF/sam/components/cmos_image_sensor/ov7740/ov7740_table_registers.o
                0x0040fd38                OV7740_TEST_PATTERN
 .rodata.OV7740_QVGA_YUV422_20FPS
                0x0040fe2c       0xf0 src/ASF/sam/components/cmos_image_sensor/ov7740/ov7740_table_registers.o
                0x0040fe2c                OV7740_QVGA_YUV422_20FPS
 .rodata.OV7740_QVGA_YUV422_10FPS
                0x0040ff1c       0xf0 src/ASF/sam/components/cmos_image_sensor/ov7740/ov7740_table_registers.o
                0x0040ff1c                OV7740_QVGA_YUV422_10FPS
 .rodata.OV7740_QQVGA_YUV422
                0x0041000c       0xf4 src/ASF/sam/components/cmos_image_sensor/ov7740/ov7740_table_registers.o
                0x0041000c                OV7740_QQVGA_YUV422
 .rodata.OV7740_QVGA_YUV422_30FPS
                0x00410100       0xf0 src/ASF/sam/components/cmos_image_sensor/ov7740/ov7740_table_registers.o
                0x00410100                OV7740_QVGA_YUV422_30FPS
 .rodata.p_uc_charset10x14
                0x004101f0      0x780 src/ASF/sam/components/display/ili9325/ili9325.o
                0x004101f0                p_uc_charset10x14
 .rodata.str1.4
                0x00410970       0x19 src/ASF/sam/utils/syscalls/gcc/syscalls.o
 *fill*         0x00410989        0x3 
 .rodata.str1.4
                0x0041098c        0x5 src/ASF/thirdparty/FreeRTOS/Source/tasks.o
 *fill*         0x00410991        0x3 
 .rodata.str1.4
                0x00410994        0x8 src/ASF/thirdparty/FreeRTOS/Source/timers.o
 .rodata.__func__.6361
                0x0041099c       0x12 src/ASF/thirdparty/zbar/code128.o
 *fill*         0x004109ae        0x2 
 .rodata.__func__.6378
                0x004109b0        0xe src/ASF/thirdparty/zbar/code128.o
 *fill*         0x004109be        0x2 
 .rodata.lo_offset
                0x004109c0       0x80 src/ASF/thirdparty/zbar/code128.o
 .rodata.__func__.6277
                0x00410a40        0xd src/ASF/thirdparty/zbar/code128.o
 *fill*         0x00410a4d        0x3 
 .rodata.__func__.6397
                0x00410a50        0xc src/ASF/thirdparty/zbar/code128.o
 .rodata.str1.4
                0x00410a5c      0x471 src/ASF/thirdparty/zbar/code128.o
 *fill*         0x00410ecd        0x3 
 .rodata.__func__.6422
                0x00410ed0       0x15 src/ASF/thirdparty/zbar/code128.o
 *fill*         0x00410ee5        0x3 
 .rodata.lo_base
                0x00410ee8        0x8 src/ASF/thirdparty/zbar/code128.o
 .rodata.characters
                0x00410ef0       0x6c src/ASF/thirdparty/zbar/code128.o
 .rodata.__func__.6311
                0x00410f5c        0xa src/ASF/thirdparty/zbar/code128.o
 *fill*         0x00410f66        0x2 
 .rodata.code39_characters
                0x00410f68       0x2c src/ASF/thirdparty/zbar/code39.o
 .rodata.__func__.6277
                0x00410f94        0xd src/ASF/thirdparty/zbar/code39.o
 *fill*         0x00410fa1        0x3 
 .rodata.__func__.6342
                0x00410fa4       0x13 src/ASF/thirdparty/zbar/code39.o
 *fill*         0x00410fb7        0x1 
 .rodata.code39_hi
                0x00410fb8       0x20 src/ASF/thirdparty/zbar/code39.o
 .rodata.str1.4
                0x00410fd8      0x151 src/ASF/thirdparty/zbar/code39.o
                                0x1d1 (size before relaxing)
 *fill*         0x00411129        0x3 
 .rodata.code39_encodings
                0x0041112c       0x84 src/ASF/thirdparty/zbar/code39.o
 .rodata.__func__.6366
                0x004111b0       0x14 src/ASF/thirdparty/zbar/code39.o
 .rodata.__func__.6311
                0x004111c4        0xf src/ASF/thirdparty/zbar/code39.o
 *fill*         0x004111d3        0x1 
 .rodata.__func__.6347
                0x004111d4        0xd src/ASF/thirdparty/zbar/decoder.o
 *fill*         0x004111e1        0x3 
 .rodata.str1.4
                0x004111e4       0x17 src/ASF/thirdparty/zbar/decoder.o
                                 0x9b (size before relaxing)
 *fill*         0x004111fb        0x1 
 .rodata.all.6450
                0x004111fc       0x24 src/ASF/thirdparty/zbar/decoder.o
 .rodata.__func__.6186
                0x00411220        0x8 src/ASF/thirdparty/zbar/ean.o
 .rodata.parity_decode
                0x00411228       0x20 src/ASF/thirdparty/zbar/ean.o
 .rodata.digits
                0x00411248       0x14 src/ASF/thirdparty/zbar/ean.o
 .rodata.str1.4
                0x0041125c      0x19d src/ASF/thirdparty/zbar/ean.o
 *fill*         0x004113f9        0x3 
 .rodata.__func__.6268
                0x004113fc       0x15 src/ASF/thirdparty/zbar/ean.o
 *fill*         0x00411411        0x3 
 .rodata.__func__.6257
                0x00411414       0x14 src/ASF/thirdparty/zbar/ean.o
 .rodata.__func__.6334
                0x00411428        0xd src/ASF/thirdparty/zbar/image.o
 *fill*         0x00411435        0x3 
 .rodata.str1.4
                0x00411438       0xc6 src/ASF/thirdparty/zbar/image.o
 *fill*         0x004114fe        0x2 
 .rodata.__func__.6518
                0x00411500       0x15 src/ASF/thirdparty/zbar/image.o
 *fill*         0x00411515        0x3 
 .rodata.__func__.6992
                0x00411518        0xf src/ASF/thirdparty/zbar/img_scanner.o
 *fill*         0x00411527        0x1 
 .rodata.__func__.7061
                0x00411528       0x10 src/ASF/thirdparty/zbar/img_scanner.o
 .rodata.__func__.7005
                0x00411538        0xb src/ASF/thirdparty/zbar/img_scanner.o
 *fill*         0x00411543        0x1 
 .rodata.__func__.6955
                0x00411544       0x1e src/ASF/thirdparty/zbar/img_scanner.o
 *fill*         0x00411562        0x2 
 .rodata.str1.4
                0x00411564      0x296 src/ASF/thirdparty/zbar/img_scanner.o
                                0x2ce (size before relaxing)
 *fill*         0x004117fa        0x2 
 .rodata.__func__.6569
                0x004117fc        0xd src/ASF/thirdparty/zbar/img_scanner.o
 *fill*         0x00411809        0x3 
 .rodata.__func__.6924
                0x0041180c       0x21 src/ASF/thirdparty/zbar/img_scanner.o
 *fill*         0x0041182d        0x3 
 .rodata.__func__.6149
                0x00411830        0xd src/ASF/thirdparty/zbar/symbol.o
 *fill*         0x0041183d        0x3 
 .rodata.__func__.6327
                0x00411840       0x16 src/ASF/thirdparty/zbar/symbol.o
 *fill*         0x00411856        0x2 
 .rodata.str1.4
                0x00411858      0x22b src/ASF/thirdparty/zbar/symbol.o
                                0x268 (size before relaxing)
 *fill*         0x00411a83        0x1 
 .rodata.hash.6324
                0x00411a84       0x20 src/ASF/thirdparty/zbar/symbol.o
 .rodata.str1.4
                0x00411aa4       0xf3 src/imagesensor_capture_example.o
 *fill*         0x00411b97        0x1 
 .rodata.str1.4
                0x00411b98       0x3f c:/program files (x86)/atmel/studio/7.0/toolchain/arm/arm-gnu-toolchain/bin/../lib/gcc/arm-none-eabi/4.9.3/../../../../arm-none-eabi/lib/armv7e-m\libc.a(lib_a-assert.o)
                                 0x43 (size before relaxing)
 *fill*         0x00411bd7        0x1 
 .rodata.str1.4
                0x00411bd8        0x2 c:/program files (x86)/atmel/studio/7.0/toolchain/arm/arm-gnu-toolchain/bin/../lib/gcc/arm-none-eabi/4.9.3/../../../../arm-none-eabi/lib/armv7e-m\libc.a(lib_a-impure.o)
 *fill*         0x00411bda        0x2 
 .rodata._global_impure_ptr
                0x00411bdc        0x4 c:/program files (x86)/atmel/studio/7.0/toolchain/arm/arm-gnu-toolchain/bin/../lib/gcc/arm-none-eabi/4.9.3/../../../../arm-none-eabi/lib/armv7e-m\libc.a(lib_a-impure.o)
                0x00411bdc                _global_impure_ptr
 .rodata.zeroes.6911
                0x00411be0       0x10 c:/program files (x86)/atmel/studio/7.0/toolchain/arm/arm-gnu-toolchain/bin/../lib/gcc/arm-none-eabi/4.9.3/../../../../arm-none-eabi/lib/armv7e-m\libc.a(lib_a-svfprintf.o)
 .rodata.blanks.6910
                0x00411bf0       0x10 c:/program files (x86)/atmel/studio/7.0/toolchain/arm/arm-gnu-toolchain/bin/../lib/gcc/arm-none-eabi/4.9.3/../../../../arm-none-eabi/lib/armv7e-m\libc.a(lib_a-svfprintf.o)
 .rodata.str1.4
                0x00411c00       0x3f c:/program files (x86)/atmel/studio/7.0/toolchain/arm/arm-gnu-toolchain/bin/../lib/gcc/arm-none-eabi/4.9.3/../../../../arm-none-eabi/lib/armv7e-m\libc.a(lib_a-svfprintf.o)
                                 0x42 (size before relaxing)
 *fill*         0x00411c3f        0x1 
 .rodata.zeroes.6869
                0x00411c40       0x10 c:/program files (x86)/atmel/studio/7.0/toolchain/arm/arm-gnu-toolchain/bin/../lib/gcc/arm-none-eabi/4.9.3/../../../../arm-none-eabi/lib/armv7e-m\libc.a(lib_a-vfiprintf.o)
 .rodata.str1.4
                0x00000000       0x2f c:/program files (x86)/atmel/studio/7.0/toolchain/arm/arm-gnu-toolchain/bin/../lib/gcc/arm-none-eabi/4.9.3/../../../../arm-none-eabi/lib/armv7e-m\libc.a(lib_a-vfiprintf.o)
 .rodata.blanks.6868
                0x00411c50       0x10 c:/program files (x86)/atmel/studio/7.0/toolchain/arm/arm-gnu-toolchain/bin/../lib/gcc/arm-none-eabi/4.9.3/../../../../arm-none-eabi/lib/armv7e-m\libc.a(lib_a-vfiprintf.o)
 .rodata.zeroes.6926
                0x00411c60       0x10 c:/program files (x86)/atmel/studio/7.0/toolchain/arm/arm-gnu-toolchain/bin/../lib/gcc/arm-none-eabi/4.9.3/../../../../arm-none-eabi/lib/armv7e-m\libc.a(lib_a-vfprintf.o)
 .rodata.str1.4
                0x00000000       0x42 c:/program files (x86)/atmel/studio/7.0/toolchain/arm/arm-gnu-toolchain/bin/../lib/gcc/arm-none-eabi/4.9.3/../../../../arm-none-eabi/lib/armv7e-m\libc.a(lib_a-vfprintf.o)
 .rodata.blanks.6925
                0x00411c70       0x10 c:/program files (x86)/atmel/studio/7.0/toolchain/arm/arm-gnu-toolchain/bin/../lib/gcc/arm-none-eabi/4.9.3/../../../../arm-none-eabi/lib/armv7e-m\libc.a(lib_a-vfprintf.o)
 .rodata.str1.4
                0x00411c80       0x10 c:/program files (x86)/atmel/studio/7.0/toolchain/arm/arm-gnu-toolchain/bin/../lib/gcc/arm-none-eabi/4.9.3/../../../../arm-none-eabi/lib/armv7e-m\libc.a(lib_a-dtoa.o)
                                 0x12 (size before relaxing)
 .rodata.str1.4
                0x00411c90        0xc c:/program files (x86)/atmel/studio/7.0/toolchain/arm/arm-gnu-toolchain/bin/../lib/gcc/arm-none-eabi/4.9.3/../../../../arm-none-eabi/lib/armv7e-m\libc.a(lib_a-locale.o)
                                 0x12 (size before relaxing)
 *fill*         0x00411c9c        0x4 
 .rodata.__mprec_tens
                0x00411ca0       0xc8 c:/program files (x86)/atmel/studio/7.0/toolchain/arm/arm-gnu-toolchain/bin/../lib/gcc/arm-none-eabi/4.9.3/../../../../arm-none-eabi/lib/armv7e-m\libc.a(lib_a-mprec.o)
                0x00411ca0                __mprec_tens
 .rodata.p05.5302
                0x00411d68        0xc c:/program files (x86)/atmel/studio/7.0/toolchain/arm/arm-gnu-toolchain/bin/../lib/gcc/arm-none-eabi/4.9.3/../../../../arm-none-eabi/lib/armv7e-m\libc.a(lib_a-mprec.o)
 *fill*         0x00411d74        0x4 
 .rodata.__mprec_bigtens
                0x00411d78       0x28 c:/program files (x86)/atmel/studio/7.0/toolchain/arm/arm-gnu-toolchain/bin/../lib/gcc/arm-none-eabi/4.9.3/../../../../arm-none-eabi/lib/armv7e-m\libc.a(lib_a-mprec.o)
                0x00411d78                __mprec_bigtens
 *(.ARM.extab* .gnu.linkonce.armextab.*)
                0x00411da0                . = ALIGN (0x4)
 *(.init)
 .init          0x00411da0        0x4 c:/program files (x86)/atmel/studio/7.0/toolchain/arm/arm-gnu-toolchain/bin/../lib/gcc/arm-none-eabi/4.9.3/armv7e-m/crti.o
                0x00411da0                _init
 .init          0x00411da4        0x8 c:/program files (x86)/atmel/studio/7.0/toolchain/arm/arm-gnu-toolchain/bin/../lib/gcc/arm-none-eabi/4.9.3/armv7e-m/crtn.o
                0x00411dac                . = ALIGN (0x4)
                0x00411dac                __preinit_array_start = .
 *(.preinit_array)
                0x00411dac                __preinit_array_end = .
                0x00411dac                . = ALIGN (0x4)
                0x00411dac                __init_array_start = .
 *(SORT(.init_array.*))
 .init_array.00000
                0x00411dac        0x4 c:/program files (x86)/atmel/studio/7.0/toolchain/arm/arm-gnu-toolchain/bin/../lib/gcc/arm-none-eabi/4.9.3/../../../../arm-none-eabi/lib/armv7e-m\libc.a(lib_a-__call_atexit.o)
 *(.init_array)
 .init_array    0x00411db0        0x4 c:/program files (x86)/atmel/studio/7.0/toolchain/arm/arm-gnu-toolchain/bin/../lib/gcc/arm-none-eabi/4.9.3/armv7e-m/crtbegin.o
                0x00411db4                __init_array_end = .
                0x00411db4                . = ALIGN (0x4)
 *crtbegin.o(.ctors)
 *(EXCLUDE_FILE(*crtend.o) .ctors)
 *(SORT(.ctors.*))
 *crtend.o(.ctors)
                0x00411db4                . = ALIGN (0x4)
 *(.fini)
 .fini          0x00411db4        0x4 c:/program files (x86)/atmel/studio/7.0/toolchain/arm/arm-gnu-toolchain/bin/../lib/gcc/arm-none-eabi/4.9.3/armv7e-m/crti.o
                0x00411db4                _fini
 .fini          0x00411db8        0x8 c:/program files (x86)/atmel/studio/7.0/toolchain/arm/arm-gnu-toolchain/bin/../lib/gcc/arm-none-eabi/4.9.3/armv7e-m/crtn.o
                0x00411dc0                . = ALIGN (0x4)
                0x00411dc0                __fini_array_start = .
 *(.fini_array)
 .fini_array    0x00411dc0        0x4 c:/program files (x86)/atmel/studio/7.0/toolchain/arm/arm-gnu-toolchain/bin/../lib/gcc/arm-none-eabi/4.9.3/armv7e-m/crtbegin.o
 *(SORT(.fini_array.*))
                0x00411dc4                __fini_array_end = .
 *crtbegin.o(.dtors)
 *(EXCLUDE_FILE(*crtend.o) .dtors)
 *(SORT(.dtors.*))
 *crtend.o(.dtors)
                0x00411dc4                . = ALIGN (0x4)
                0x00411dc4                _efixed = .
                0x00411dc4                PROVIDE (__exidx_start, .)

.vfp11_veneer   0x00411dc4        0x0
 .vfp11_veneer  0x00000000        0x0 linker stubs

.v4_bx          0x00411dc4        0x0
 .v4_bx         0x00000000        0x0 linker stubs

.iplt           0x00411dc4        0x0
 .iplt          0x00000000        0x0 c:/program files (x86)/atmel/studio/7.0/toolchain/arm/arm-gnu-toolchain/bin/../lib/gcc/arm-none-eabi/4.9.3/armv7e-m/crtbegin.o

.ARM.exidx      0x00411dc4        0x8
 *(.ARM.exidx* .gnu.linkonce.armexidx.*)
 .ARM.exidx     0x00411dc4        0x8 c:/program files (x86)/atmel/studio/7.0/toolchain/arm/arm-gnu-toolchain/bin/../lib/gcc/arm-none-eabi/4.9.3/armv7e-m\libgcc.a(_divdi3.o)
 .ARM.exidx     0x00411dcc        0x0 c:/program files (x86)/atmel/studio/7.0/toolchain/arm/arm-gnu-toolchain/bin/../lib/gcc/arm-none-eabi/4.9.3/armv7e-m\libgcc.a(_udivdi3.o)
                                  0x8 (size before relaxing)
                0x00411dcc                PROVIDE (__exidx_end, .)

.eh_frame       0x00411dcc        0x0
 .eh_frame      0x00411dcc        0x0 c:/program files (x86)/atmel/studio/7.0/toolchain/arm/arm-gnu-toolchain/bin/../lib/gcc/arm-none-eabi/4.9.3/armv7e-m/crtbegin.o

.rel.dyn        0x00411dcc        0x0
 .rel.iplt      0x00000000        0x0 c:/program files (x86)/atmel/studio/7.0/toolchain/arm/arm-gnu-toolchain/bin/../lib/gcc/arm-none-eabi/4.9.3/armv7e-m/crtbegin.o

.jcr            0x00411dcc        0x0
 .jcr           0x00411dcc        0x0 c:/program files (x86)/atmel/studio/7.0/toolchain/arm/arm-gnu-toolchain/bin/../lib/gcc/arm-none-eabi/4.9.3/armv7e-m/crtbegin.o

.igot.plt       0x00411dcc        0x0
 .igot.plt      0x00000000        0x0 c:/program files (x86)/atmel/studio/7.0/toolchain/arm/arm-gnu-toolchain/bin/../lib/gcc/arm-none-eabi/4.9.3/armv7e-m/crtbegin.o
                0x00411dcc                . = ALIGN (0x4)
                0x00411dcc                _etext = .

.relocate       0x20000000      0x8b4 load address 0x00411dcc
                0x20000000                . = ALIGN (0x4)
                0x20000000                _srelocate = .
 *(.ramfunc .ramfunc.*)
 .ramfunc       0x20000000        0xc src/ASF/common/services/delay/sam/cycle_counter.o
                0x20000000                portable_delay_cycles
 *(.data .data.*)
 .data.SystemCoreClock
                0x2000000c        0x4 src/ASF/sam/utils/cmsis/sam4s/source/templates/system_sam4s.o
                0x2000000c                SystemCoreClock
 .data.uxCriticalNesting
                0x20000010        0x4 src/ASF/thirdparty/FreeRTOS/Source/portable/gcc/sam/port.o
 .data.g_us_cap_rows
                0x20000014        0x2 src/imagesensor_capture_example.o
                0x20000014                g_us_cap_rows
 .data.g_us_cap_line
                0x20000016        0x2 src/imagesensor_capture_example.o
                0x20000016                g_us_cap_line
 .data.impure_data
                0x20000018      0x428 c:/program files (x86)/atmel/studio/7.0/toolchain/arm/arm-gnu-toolchain/bin/../lib/gcc/arm-none-eabi/4.9.3/../../../../arm-none-eabi/lib/armv7e-m\libc.a(lib_a-impure.o)
 .data._impure_ptr
                0x20000440        0x4 c:/program files (x86)/atmel/studio/7.0/toolchain/arm/arm-gnu-toolchain/bin/../lib/gcc/arm-none-eabi/4.9.3/../../../../arm-none-eabi/lib/armv7e-m\libc.a(lib_a-impure.o)
                0x20000440                _impure_ptr
 .data.__malloc_av_
                0x20000444      0x408 c:/program files (x86)/atmel/studio/7.0/toolchain/arm/arm-gnu-toolchain/bin/../lib/gcc/arm-none-eabi/4.9.3/../../../../arm-none-eabi/lib/armv7e-m\libc.a(lib_a-mallocr.o)
                0x20000444                __malloc_av_
 .data.__malloc_trim_threshold
                0x2000084c        0x4 c:/program files (x86)/atmel/studio/7.0/toolchain/arm/arm-gnu-toolchain/bin/../lib/gcc/arm-none-eabi/4.9.3/../../../../arm-none-eabi/lib/armv7e-m\libc.a(lib_a-mallocr.o)
                0x2000084c                __malloc_trim_threshold
 .data.__malloc_sbrk_base
                0x20000850        0x4 c:/program files (x86)/atmel/studio/7.0/toolchain/arm/arm-gnu-toolchain/bin/../lib/gcc/arm-none-eabi/4.9.3/../../../../arm-none-eabi/lib/armv7e-m\libc.a(lib_a-mallocr.o)
                0x20000850                __malloc_sbrk_base
 .data.lconv    0x20000854       0x38 c:/program files (x86)/atmel/studio/7.0/toolchain/arm/arm-gnu-toolchain/bin/../lib/gcc/arm-none-eabi/4.9.3/../../../../arm-none-eabi/lib/armv7e-m\libc.a(lib_a-locale.o)
 .data.lc_ctype_charset
                0x2000088c       0x20 c:/program files (x86)/atmel/studio/7.0/toolchain/arm/arm-gnu-toolchain/bin/../lib/gcc/arm-none-eabi/4.9.3/../../../../arm-none-eabi/lib/armv7e-m\libc.a(lib_a-locale.o)
 .data.__mb_cur_max
                0x200008ac        0x4 c:/program files (x86)/atmel/studio/7.0/toolchain/arm/arm-gnu-toolchain/bin/../lib/gcc/arm-none-eabi/4.9.3/../../../../arm-none-eabi/lib/armv7e-m\libc.a(lib_a-locale.o)
                0x200008ac                __mb_cur_max
 .data.__wctomb
                0x200008b0        0x4 c:/program files (x86)/atmel/studio/7.0/toolchain/arm/arm-gnu-toolchain/bin/../lib/gcc/arm-none-eabi/4.9.3/../../../../arm-none-eabi/lib/armv7e-m\libc.a(lib_a-wctomb_r.o)
                0x200008b0                __wctomb
                0x200008b4                . = ALIGN (0x4)
                0x200008b4                _erelocate = .

.bss            0x200008b4     0xa628 load address 0x00412680
                0x200008b4                . = ALIGN (0x4)
                0x200008b4                _sbss = .
                0x200008b4                _szero = .
 *(.bss .bss.*)
 .bss           0x200008b4       0x1c c:/program files (x86)/atmel/studio/7.0/toolchain/arm/arm-gnu-toolchain/bin/../lib/gcc/arm-none-eabi/4.9.3/armv7e-m/crtbegin.o
 .bss.g_ul_pixel_cache
                0x200008d0      0x3c0 src/ASF/sam/components/display/ili9325/ili9325.o
 .bss.gs_ul_nb_sources
                0x20000c90        0x4 src/ASF/sam/drivers/pio/pio_handler.o
 .bss.pio_capture_handler
                0x20000c94        0x4 src/ASF/sam/drivers/pio/pio_handler.o
 .bss.gs_interrupt_sources
                0x20000c98       0x70 src/ASF/sam/drivers/pio/pio_handler.o
 .bss.heap.5212
                0x20000d08        0x4 src/ASF/sam/utils/syscalls/gcc/syscalls.o
 .bss.ucMaxSysCallPriority
                0x20000d0c        0x1 src/ASF/thirdparty/FreeRTOS/Source/portable/gcc/sam/port.o
 *fill*         0x20000d0d        0x3 
 .bss.ulMaxPRIGROUPValue
                0x20000d10        0x4 src/ASF/thirdparty/FreeRTOS/Source/portable/gcc/sam/port.o
 .bss.xFreeBytesRemaining
                0x20000d14        0x4 src/ASF/thirdparty/FreeRTOS/Source/portable/memmang/heap_4.o
 .bss.pxEnd     0x20000d18        0x4 src/ASF/thirdparty/FreeRTOS/Source/portable/memmang/heap_4.o
 .bss.xStart    0x20000d1c        0x8 src/ASF/thirdparty/FreeRTOS/Source/portable/memmang/heap_4.o
 .bss.ucHeap    0x20000d24     0xa000 src/ASF/thirdparty/FreeRTOS/Source/portable/memmang/heap_4.o
 .bss.xBlockAllocatedBit
                0x2000ad24        0x4 src/ASF/thirdparty/FreeRTOS/Source/portable/memmang/heap_4.o
 .bss.xMinimumEverFreeBytesRemaining
                0x2000ad28        0x4 src/ASF/thirdparty/FreeRTOS/Source/portable/memmang/heap_4.o
 .bss.xNumOfOverflows
                0x2000ad2c        0x4 src/ASF/thirdparty/FreeRTOS/Source/tasks.o
 .bss.pxDelayedTaskList
                0x2000ad30        0x4 src/ASF/thirdparty/FreeRTOS/Source/tasks.o
 .bss.xSchedulerRunning
                0x2000ad34        0x4 src/ASF/thirdparty/FreeRTOS/Source/tasks.o
 .bss.uxTasksDeleted
                0x2000ad38        0x4 src/ASF/thirdparty/FreeRTOS/Source/tasks.o
 .bss.xDelayedTaskList1
                0x2000ad3c       0x14 src/ASF/thirdparty/FreeRTOS/Source/tasks.o
 .bss.uxPendedTicks
                0x2000ad50        0x4 src/ASF/thirdparty/FreeRTOS/Source/tasks.o
 .bss.pxReadyTasksLists
                0x2000ad54       0x64 src/ASF/thirdparty/FreeRTOS/Source/tasks.o
 .bss.xTasksWaitingTermination
                0x2000adb8       0x14 src/ASF/thirdparty/FreeRTOS/Source/tasks.o
 .bss.pxCurrentTCB
                0x2000adcc        0x4 src/ASF/thirdparty/FreeRTOS/Source/tasks.o
                0x2000adcc                pxCurrentTCB
 .bss.xNextTaskUnblockTime
                0x2000add0        0x4 src/ASF/thirdparty/FreeRTOS/Source/tasks.o
 .bss.uxSchedulerSuspended
                0x2000add4        0x4 src/ASF/thirdparty/FreeRTOS/Source/tasks.o
 .bss.xTickCount
                0x2000add8        0x4 src/ASF/thirdparty/FreeRTOS/Source/tasks.o
 .bss.pxOverflowDelayedTaskList
                0x2000addc        0x4 src/ASF/thirdparty/FreeRTOS/Source/tasks.o
 .bss.xPendingReadyList
                0x2000ade0       0x14 src/ASF/thirdparty/FreeRTOS/Source/tasks.o
 .bss.uxTaskNumber
                0x2000adf4        0x4 src/ASF/thirdparty/FreeRTOS/Source/tasks.o
 .bss.uxCurrentNumberOfTasks
                0x2000adf8        0x4 src/ASF/thirdparty/FreeRTOS/Source/tasks.o
 .bss.xDelayedTaskList2
                0x2000adfc       0x14 src/ASF/thirdparty/FreeRTOS/Source/tasks.o
 .bss.xSuspendedTaskList
                0x2000ae10       0x14 src/ASF/thirdparty/FreeRTOS/Source/tasks.o
 .bss.uxTopReadyPriority
                0x2000ae24        0x4 src/ASF/thirdparty/FreeRTOS/Source/tasks.o
 .bss.xYieldPending
                0x2000ae28        0x4 src/ASF/thirdparty/FreeRTOS/Source/tasks.o
 .bss.pxCurrentTimerList
                0x2000ae2c        0x4 src/ASF/thirdparty/FreeRTOS/Source/timers.o
 .bss.xActiveTimerList1
                0x2000ae30       0x14 src/ASF/thirdparty/FreeRTOS/Source/timers.o
 .bss.xActiveTimerList2
                0x2000ae44       0x14 src/ASF/thirdparty/FreeRTOS/Source/timers.o
 .bss.xLastTime.5225
                0x2000ae58        0x4 src/ASF/thirdparty/FreeRTOS/Source/timers.o
 .bss.xTimerQueue
                0x2000ae5c        0x4 src/ASF/thirdparty/FreeRTOS/Source/timers.o
 .bss.pxOverflowTimerList
                0x2000ae60        0x4 src/ASF/thirdparty/FreeRTOS/Source/timers.o
 .bss.decoder_dumplen
                0x2000ae64        0x4 src/ASF/thirdparty/zbar/decoder.o
 .bss.decoder_dump
                0x2000ae68        0x4 src/ASF/thirdparty/zbar/decoder.o
 .bss._zbar_verbosity
                0x2000ae6c        0x4 src/ASF/thirdparty/zbar/error.o
                0x2000ae6c                _zbar_verbosity
 .bss.g_ul_push_button_trigger
                0x2000ae70        0x4 src/imagesensor_capture_example.o
 .bss.xHigherPriorityTaskWoken.9457
                0x2000ae74        0x4 src/imagesensor_capture_example.o
 .bss.g_ul_vsync_flag
                0x2000ae78        0x4 src/imagesensor_capture_example.o
 .bss.xHigherPriorityTaskWoken.9462
                0x2000ae7c        0x4 src/imagesensor_capture_example.o
 .bss.xCameraSemaphore
                0x2000ae80        0x4 src/imagesensor_capture_example.o
                0x2000ae80                xCameraSemaphore
 .bss.xDisplaySemaphore
                0x2000ae84        0x4 src/imagesensor_capture_example.o
                0x2000ae84                xDisplaySemaphore
 .bss.__malloc_max_total_mem
                0x2000ae88        0x4 c:/program files (x86)/atmel/studio/7.0/toolchain/arm/arm-gnu-toolchain/bin/../lib/gcc/arm-none-eabi/4.9.3/../../../../arm-none-eabi/lib/armv7e-m\libc.a(lib_a-mallocr.o)
                0x2000ae88                __malloc_max_total_mem
 .bss.__malloc_max_sbrked_mem
                0x2000ae8c        0x4 c:/program files (x86)/atmel/studio/7.0/toolchain/arm/arm-gnu-toolchain/bin/../lib/gcc/arm-none-eabi/4.9.3/../../../../arm-none-eabi/lib/armv7e-m\libc.a(lib_a-mallocr.o)
                0x2000ae8c                __malloc_max_sbrked_mem
 .bss.__malloc_top_pad
                0x2000ae90        0x4 c:/program files (x86)/atmel/studio/7.0/toolchain/arm/arm-gnu-toolchain/bin/../lib/gcc/arm-none-eabi/4.9.3/../../../../arm-none-eabi/lib/armv7e-m\libc.a(lib_a-mallocr.o)
                0x2000ae90                __malloc_top_pad
 .bss.__malloc_current_mallinfo
                0x2000ae94       0x28 c:/program files (x86)/atmel/studio/7.0/toolchain/arm/arm-gnu-toolchain/bin/../lib/gcc/arm-none-eabi/4.9.3/../../../../arm-none-eabi/lib/armv7e-m\libc.a(lib_a-mallocr.o)
                0x2000ae94                __malloc_current_mallinfo
 *(COMMON)
 COMMON         0x2000aebc        0x4 src/ASF/common/utils/stdio/read.o
                0x2000aebc                ptr_get
 COMMON         0x2000aec0        0x8 src/ASF/common/utils/stdio/write.o
                0x2000aec0                ptr_put
                0x2000aec4                stdio_base
 COMMON         0x2000aec8        0x4 src/ASF/sam/drivers/pio/pio.o
                0x2000aec8                pio_capture_enable_flag
 COMMON         0x2000aecc        0xc src/imagesensor_capture_example.o
                0x2000aecc                g_p_uc_cap_dest_buf
                0x2000aed0                tempend
                0x2000aed4                g_zbar_raw_data_begin
 COMMON         0x2000aed8        0x4 c:/program files (x86)/atmel/studio/7.0/toolchain/arm/arm-gnu-toolchain/bin/../lib/gcc/arm-none-eabi/4.9.3/../../../../arm-none-eabi/lib/armv7e-m\libc.a(lib_a-reent.o)
                0x2000aed8                errno
                0x2000aedc                . = ALIGN (0x4)
                0x2000aedc                _ebss = .
                0x2000aedc                _ezero = .

.stack          0x2000aedc     0x3004 load address 0x0041cca8
                0x2000aee0                . = ALIGN (0x8)
 *fill*         0x2000aedc        0x4 
                0x2000aee0                _sstack = .
                0x2000dee0                . = (. + __stack_size__)
 *fill*         0x2000aee0     0x3000 
                0x2000dee0                . = ALIGN (0x8)
                0x2000dee0                _estack = .
                0x2000dee0                . = ALIGN (0x4)
                0x2000dee0                _end = .
OUTPUT(Standard_OV7740_sam4swpir.elf elf32-littlearm)

.ARM.attributes
                0x00000000       0x2a
 .ARM.attributes
                0x00000000       0x1e c:/program files (x86)/atmel/studio/7.0/toolchain/arm/arm-gnu-toolchain/bin/../lib/gcc/arm-none-eabi/4.9.3/armv7e-m/crti.o
 .ARM.attributes
                0x0000001e       0x2e c:/program files (x86)/atmel/studio/7.0/toolchain/arm/arm-gnu-toolchain/bin/../lib/gcc/arm-none-eabi/4.9.3/armv7e-m/crtbegin.o
 .ARM.attributes
                0x0000004c       0x33 src/ASF/common/services/clock/sam4s/sysclk.o
 .ARM.attributes
                0x0000007f       0x33 src/ASF/common/services/delay/sam/cycle_counter.o
 .ARM.attributes
                0x000000b2       0x33 src/ASF/common/utils/stdio/read.o
 .ARM.attributes
                0x000000e5       0x33 src/ASF/common/utils/stdio/write.o
 .ARM.attributes
                0x00000118       0x33 src/ASF/sam/boards/sam4s_wpir_rd/init.o
 .ARM.attributes
                0x0000014b       0x33 src/ASF/sam/components/cmos_image_sensor/ov7740/ov7740.o
 .ARM.attributes
                0x0000017e       0x33 src/ASF/sam/components/cmos_image_sensor/ov7740/ov7740_table_registers.o
 .ARM.attributes
                0x000001b1       0x33 src/ASF/sam/components/display/aat31xx/aat31xx.o
 .ARM.attributes
                0x000001e4       0x33 src/ASF/sam/components/display/ili9325/ili9325.o
 .ARM.attributes
                0x00000217       0x33 src/ASF/sam/drivers/ebi/smc/smc.o
 .ARM.attributes
                0x0000024a       0x33 src/ASF/sam/drivers/pio/pio.o
 .ARM.attributes
                0x0000027d       0x33 src/ASF/sam/drivers/pio/pio_handler.o
 .ARM.attributes